>contig-50_0 length_316 read_count_3898
GAACGTATTCACCGCGGCATTCTGATCCGCGATTACTAGCGATTCCGACTTCATGGAGTCGAGTTGCAGACTCCAATCCGGACTACGATCGGCTTTTTGAGATTAGCATCCTATCGCTAGGTAGCAACCCTTTGTACCGACCATTGTAGCACGTGTGTAGCCCTGGTCGTAAGGGCCATGATGACTTGACGTCGTCCCCGCCTTCCTCCAGTTTGTCACTGGCAGTATCCTTAAAGTTCCCGGCTTAACCCGCTGGCAAATAAGGAAAAGGGTTGCGCTCGTTGCGGGACTTAACCCAACATCTCACGACACGAGC
>contig-50_1 length_315 read_count_2740
AGTCGTCAGCTCGTGTCGTGAGATGTTGGGTTAAGTCCCGCAACAAGCGCAACCCTCGCCTTTAGTTGCCAGCATTCAGTTGGGCACTCTAGAGGAACCGCCGGTGATAAGCCGGAGGAAGGTGGGGATGACGTCAAGTCCTCATGGCCCTTACGGGATGGGCTACACACGTGCTACAATGGTGGTGACAGAGGGTAATCCCTAAAAGCCATCTCAGTTCGGATTGGGGTCTGCAACTCGACCCAATGAAGTTGGAATCGCTAGTAATCGCGTAACAGCATGACGCGGTGAATACGTTCGCGGGGCTTGTACACA
>contig-50_2 length_283 read_count_16157
GATCCGCGATTACTAGCGATTCCGACTTCACGCAGTCGAGTTGCAGACTACGATCCGGACTACGACCGGGTTTCTGGGATTAGCTCCCCCTCGCGGGTTGGCAGCCCTCTGTCCCGGCCATTGTATGACGTGTGTAGCCCTACCCATAAGGGCCATGATGACCTGACGTCATCCCCACCTTCCTCCGGTTTGTCACCGGCAGTCTCATTAGAGTGCCCTTTCGTAGCAACTAATGACAAGGGTTGCGCTCGTTGCGGGACTTAACCCAACATCTCACGACACG
>contig-50_3 length_202 read_count_999
GATCCGCGATTACTAGCGATTCCGACTTCACGCAGTCGAGTTGCAGACTGCGATCCGGACTACGATCGGTTTTATGGGATTAGCTCCACCTCGCGGCTTGGCAACCCTCTGTACCGACCATTGTAGCACGTGTGTAGCCCAGGCCGTAAGGGCCATGATGACTTGACGTCATCCCCACCTTCCTCCGGTTTGTCACCGGCAG
>contig-50_4 length_172 read_count_7798
CCCCTTATGTCTTGGGCTTCACGCATGCTACAATGGCCGGTACAGAGGGCTGCGATACCGTGAGGTGGAGCGAATCCCTTAAAGCCGGTCTCAGTTCGGATCGGTGTCTGCAACTCGACACCGTGAAGTTGGAGTCGCTAGTAATCGCAGATCAGCAACGCTGCGGTGAATA
>contig-50_5 length_153 read_count_320
TAAGTCCCGCAACGAGCGCAACCCTCGTCCACTGTTGCCAGCAATTCGGGTGGGGACTCAGTGGAGACCGCCGGGGGCAACTCGGAGGAAGGGGGGGGTGACGGCAAGTCATCATGCCCCTTATGTCCCGGGCTTCACGCATGCTACAATGGC
>contig-50_6 length_147 read_count_1351
TCGTGTCGTGAGATGTTGGGTTAAGTCCCGCAACGAGCGCAACCCTTATGACTAGTTGCCAGCATTTAGTTGGGCACTCTAGTAAGACTGCCGGTGACAAACCGGAGGAAGGTGGGGATGACGTCAAATCATCATGCCCCTTATGAC
>contig-50_7 length_147 read_count_1150
GTCGTCAGCTCGTGTCGTGAGATGTTGGGTTAAGTCCCGTAACGAGCGCAACCCTTGTCCTTAGTTACCAGCACATTATGGTGGGCACTCTAAGGAGACTGCCGGTGACAAACCGGAGGAAGGTGGGGATGACGTCAAGTCATCATG
>contig-50_8 length_141 read_count_1866
CCACCTCACAGTATCGCAACCCTCTGTACCGGCCATTGTAGCATGCGTGCAGCCCAAGACATAAGGGGCATGATGATTTGACGTCATCCCCCCCTTCCTCCGAGTTGACCCCGGCAGTCTCCTATGAGTCCCCACCATAAC
>contig-50_9 length_140 read_count_447
GACGTCAAATCATCATGCCCCTTATGACCTGGGCTACACACGTGCTACACTGGCTGGTACAACGAGTCGCGAGTCGGTGACGGCAAGCTAGTCTCTTAAAGCCAGTCTCAGTTCGGATTGTAGGCTGCAACTCGCCTACA
>contig-50_10 length_134 read_count_11407
CTCGTGTCGTGAGATGTTGGGTTAAGTCCCGCAACGAGCGCAACCCTTGCCCTATGTTGCCAGCACGTTATGGTGGGGACTCGTGGGGGACTGCCGGGGTTAACTCGGAGGAAGGTGGGGATGACGTCAAATCA
>contig-50_11 length_132 read_count_7423
CGTGTCGTGAGATGTTGGGTTAAGTCCCGCAACGAGCGCAACCCTTGTCCCGTGTTGCCAGCACGTTGTGGTGGGGACTCGCGGGAGACTGCCGGGGTCAACTCGGAGGAAGGTGGGGATGACGTCAAATCA
>contig-50_12 length_131 read_count_272
TAGCGACTCCGACTTCATGGGGTCGAGTTGCAGACCCCAATCCGAACTGGGACCGGCTTTTAGGGATTAGCTCCACCTCACCGTATCGCAACCCTCTGTACCGGCCATTGTAGCATGCGTGAAGCCCAAGA
>contig-50_13 length_124 read_count_219
ATTGTAGCACGTGTGTAGCCCAGGTCATAAGGGGCATGATGATTTGACGGCATCCCCACCTTCCTCCGGTTTATGACCGGCAGTCTCGCTAGAGTGCCCAACTCAATGATGGCAACTAACAATA
>contig-50_14 length_122 read_count_110
TGCCGTCACCGGCTTGCGACTCGTTGTACCAGCCATTGTAGCACGTGGGGAGCCCAGGTCATAAGGGGCATGGTGATTTGACGTCATCCCCACCTTCCTCCGGTTTATTACCGGCAGTCTCG
>contig-50_15 length_122 read_count_343
CATCATGCCCCTTATGTCCAGGGCTTCACGCATGCTACAATGGCTGGTAAAGAGAGTGGCGAGCCTGTGAGGTTGAGCGAATCTCGGAAAGCCGGTCTCAGTTCGGATTGGGGTCTGCAACT
>contig-50_16 length_120 read_count_137
TGCTGATCTGCGATTACTAGCGACTCCGACTTCATGAGGTCGAGTTTCAGACCCCAATCCGAACTGAGACCGGCTTTTTGCGATTCGCTCCACCTTACGATGTCGCAACTCACTGTACCG
>contig-50_17 length_120 read_count_82
GACCGGCTTTCCGAGATTCGCTCACCCTCACAGGCTCGCCACCCTCTGCACCAGCCATTGGAGCATGCGTGAAGCCCCGGCCATAAGGGGCATGATGATTTTACGTCTTCCCCACCTTCC
>contig-50_18 length_118 read_count_9081
TGATGATTTGACGTCATCCCCACCTTCCTCCGAGTTAACCCCGGCAGTCTCCTATGAGTCCCCACCATCACGTGCTGGCAACATAGAACGAGGGTTGCGCTCGTTGCGGGACTTAACC
>contig-50_19 length_117 read_count_5753
CCTTCATGGGGTCGAGTTGCAGACCCCAATCCGAACTGAGACCGGCTTTAAGGGATTCGCTCCACCTCACGATTTCGCAACCCTCTGTACCAGCCATTGTAGCATGCGTGAAGCCCA
>contig-50_20 length_114 read_count_127
GCCATTGTAGCATGCGTGAAGCCCTGGACATACGGGGCATGATGACTTGCCGTCATCCCCACCTCCCTCCGAGTTGACCCCGGCGGTCTCCACTGAGTCCCCAACCGAATTGCT
>contig-50_21 length_111 read_count_10051
GTCGTCAGCGGTGTGCCGGACACGGCCGTCTGGTCGTAGTCGCCCGCCTTGAAGTAGAAGCTTTCGCCGTCGAAGCTCGAATCCATCGTGAAGGTCTTCGTCGTGCCGTTC
>contig-50_22 length_110 read_count_340
GTTATGGTGGGGACTCAGTGGAGACCGCCGGGGTCAACTCGGAGGAAGGGGGGGATGACGGCAAGTCATCATGCCCCTTATGTCCAGGGCTTCACGCAGGCTACAATGGC
>contig-50_23 length_108 read_count_91
AAATCATCATGCCCCTTATGACCTGGGATACACACGTGCTACAATGGTTGGTACAACGAGTTGCGAGTTGGTGACGGCAAGCTAATCTCTTAAAGCCAATCTCAGTTC
>contig-50_24 length_105 read_count_212
AGTTGGGCACTCTAGCGAGACTGCCGGTAATAAACCGGAGGAAGGTGGGATGACGGCAAATCATCATGCCCCTTATGACCTGGGCTACACACGTGCTACAATGGC
>contig-50_25 length_103 read_count_200
TGTGTACAAGTCCCGCGAACGTATTCACCGCAGCGTTGCGGATCTGCGATTACTAGCGACTCCGACTTCAGGGGGTCGAGTTGCAGACCCCAATCCGAACTGA
>contig-50_26 length_103 read_count_86
TGGGGACTCAGTGGAGACCGCCGGGGTCAACTCGGAGGAAGGTGGGGATTACGTCAAGTCATCATGCCCCGTATGTCCAGGGCTTCACGCATGCTACAATGGC
>contig-50_27 length_103 read_count_9462
GCTACAATGGCCGGTACAGTGAGTTGCGACATCGTAAGGTGGAGCGAATCTCAAAAAGCCGGTCTCAGTTCGGATTGGGGTCTGCAACTCGACCTCATGAAGT
>contig-50_28 length_102 read_count_65
GTCGTCAGCTCGTGTCGTGAGATGTTGGGTTAAGTACTGCAACGAGCGCAACCCTCGTTTTATGTTGCCAGCACGTTATGGGGGGGACTCATAGGAGACTGC
>contig-50_29 length_100 read_count_64806
TCGTGTCGTGAGATGTTGGGTTAAGTCCCGCAACGAGCGCAACCCTTGTTCACTGTTGCCAGCACGTTATGGTGGGGACTCAGTGGAGACCGCCGGGGTC
>contig-50_30 length_99 read_count_118
CAATGGCTGGTACAGAGAGTGGCGAGCCTGTGAGGGTGAGCGAATCTCGTAAAGCCGGTCTCAGTTCGGATTGGGGTCTGCAACTCGACCTCATGAAGT
>contig-50_31 length_99 read_count_305
ACTCGGAGGAAGGTGGGGATGACGTCAAATCATCATGCCCCTTATGTCTGGGGCTTCACGCATGCTACAATGGCCGGTACAGAGGGTTGCGATACTGTG
>contig-50_32 length_99 read_count_106
GTCTCCTATGAGTCCCCACCATAACGTGCTGGCAACATAGAACGAGGGTCGCGCTCGTTGCGGGACTTAACCCAACATCTCACGACACGAGCTGACGAC
>contig-50_33 length_99 read_count_291
AGGTGGGGATGACGTCAAATCATCATGCCCCTTATGTCTTGGGCTTCACACATGCTACAATGGCCGGTACAGAGGGTTGCGATACTGTGAGGTGGAGCT
>contig-50_34 length_99 read_count_2288
CCGAACTGAGACCGGCTTTTAGGGATTAGCTCCACCTCACAGTATCGCACCCCTCTGTACCGGCCATTGTAGCATGCGTGAAGCCCAAGACATAAGGGG
>contig-50_35 length_99 read_count_469
CACGCATGCTACAATGGCCGGTACAGAGGGTTGCGATACTGTGAGGTGGGGCTAATCCCTAAAAGCCGGTCTCAGTTCGGATTGGGGTCTGCAACTCGA
>contig-50_36 length_99 read_count_147
GCCATTGTAGCATGCGTGAAGCCCTGGACATAAGGGGCATGATGACTTGGCGTCATCCCCACCTTCCTCCGAGTTGACCCCGGCGGTCTCCACTGAGTC
>contig-50_37 length_99 read_count_550
ACAGAGGGTTGCGATACTGTGAGGTGGAGCTAATCCCTAAAAGCCGGTCGCAGTTCGGATTGGGGTCTGCAACTCGACCCCATGAAGTCGGAGTCGCTA
>contig-50_38 length_99 read_count_224
GGGGATGACGTCAAATCATCATGCCCCTTATGACCTGGGCTACACACGTTCTACAATGGCTGGTACAACGAGTCGCAAGCCGGTGACGGCAAGCTAATC
>contig-50_39 length_99 read_count_160
CCCGCGAACGTATTCACCGCAGCGTTGCTGATCTGCGATTACTAGCGACACCGACTTCATGGGGTCGAGTTGCAGACCCCAATCCGAACTGAGACCGGC
>contig-50_40 length_99 read_count_337
CGATTACTAGCGACTCCGACTTCATGGGGTCGAGTTGCAGACCCCAATCAGAACTGAGACCGGCTTTTAGGGATTAGCTCCACCTCACAGTATCGCAAC
>contig-50_41 length_99 read_count_1977
ATGGGGTCGAGTTGCAGACCCCAATCCGAACTGAGACCGGCTTTTAGGGCTTAGCTCCACCTCACAGTATCGCAACCCTCTGTACCGGCCATTGTAGCA
>contig-50_42 length_99 read_count_1893
CGTCGAAGCTCGAATCCATCGTGAAGGTCTTCGTCGTGCCGTTCACGGGGCTTGTACACACTGTCTCTTATACACATCTCCGAGCCCACGAGACTAAGG
>contig-50_43 length_99 read_count_1200
GTCTCGTGGGCTCGGAGATGTGTATAAGAGACAGTGTGTACAAGTCCCGCGAACGGCACGACGAAGACCTTCACGATGGATTCGAGCTTCGACGGCGAA
>contig-50_44 length_99 read_count_111
CAACTCGGAGGAAGGTGGGGATGACGTCAAATCATCATGCCCCTTATGTGTTGGGCTTCACGCATGCTACAATGGCCGGTACAGAGGGTTGCGATACTG
>contig-50_45 length_99 read_count_98
AAAGCCGGTCTCAGTTCGGATTGGGGTCTGCAACTCGACCCCATAAAGGTGGAGTCGCTAGTAATCGCAGATCAGCAACGCTGCGTTGAATACGTTCGC
>contig-50_46 length_99 read_count_607
CCTCCGAGTTGACCCCGGCAGTCTCCTATGAGTCCCCACCATAACGTGCGGGCAACATAGAACGAGGGTTGCGCTCGTTGCGGGACTTAACCCAACATC
>contig-50_47 length_99 read_count_422
ATTACTAGCGATTCCGACTTCATGTAGGCGAGTTGCAGCCTACAATCCGCACTGAGACTGGCTTTAAGAGATTAGCTTGCCGTCACCGACTCGCGACTC
>contig-50_48 length_99 read_count_153
GCCATTGTAGCACGTGTGTAGCCCAGGTCATAAGGGGCATGATGATTTGTCGTCATCCCCACCTTCCTCCGGTTTATTACCGGCAGTCTCGCTAGAGTG
>contig-50_49 length_99 read_count_484
GAACTGAGACCGGCTTTTAGGGATTAGCTCCACCTCACAGTATCGCAACACTCTGTACCGGCCATTGTAGCATGCGTGAAGCCCAAGACATAAGGGGCA
>contig-50_50 length_99 read_count_167
CCCCCCCCCCCCCCCCCCCCCCCCCCCCCCCCCCCCCCCCCCCCCCCCCTCCCCCCCCCCCCCCCCCCCCCCCCCCCCCCCCCCCCCCCCCCCCCCCCC
>contig-50_51 length_99 read_count_132
CAATCCGAACTGAGATTGGCTTTAAGAGATTAGCTTGCCGTCACCGACTAGCAACTCGTTGTACCAACCATTGTAGCACGTGTGTAGCCCAGGTCATAA
>contig-50_52 length_99 read_count_641
CGGCTTTCCGAGATTCGCTCACCCTCACAGGCTCGCCACTCTCTGTACCCGCCATTGTAGCATGCGTGAAGCCCTGGACATAAGGGGCATGATGACTTG
>contig-50_53 length_99 read_count_125
GCGAGTTGCAGCCTACAATCCGAACTGAGATTGGCTTTAAGAGATTAGCGTGCCGTCACCGACTCGCAACTCGTTGTACCAACCATTGTAGCACGTGTG
>contig-50_54 length_99 read_count_117
GTTGGGCACTCTAGCGAGACTGCCGGTAATAAACCGGAGGAAGGTGGGGGTGACGTCAAATCATCATGCCCCTTATGACCTGGGCTACACACGTGCTAC
>contig-50_55 length_99 read_count_363
GGGCTACACACGTGCTACAATGGCTGGTACAACGAGTCGCAAGCCGGTGCCGGCAAGCTAATCTCTTAAAGCCAGTCTCAGTTCGGATTGTAGGCTGCA
>contig-50_56 length_99 read_count_158
TGACCTGGGCTACACACGTGCTACAATGGCTGGTACAACGAGTCGCAAGACGGTGACGGCAAGCTAATCTCTTAAAGCCAGTCTCAGTTCGGATTGTAG
>contig-50_57 length_99 read_count_906
CCCCAATCCGAACTGAGACCGGCTTTCCGAGATTCGCTCACCCTCACAGCCTCGCCACTCTCTGTACCAGCCATTGTAGCATGCGTGAAGCCCTGGACA
>contig-50_58 length_99 read_count_199
TAAAAGCCGGTCTCAGTTCGGATTGGGGTCTGCAACTCGACCCCATGAATTCGGAGTCGCTAGTAATCGCAGATCAGCAACGCTGCGGTGAATACGTTC
>contig-50_59 length_99 read_count_463
ACTCGGAGGAAGGTGGGGATGACGTCAAGTCATCATGCCCCTTATGTCCGGGGCTTCACGCATGCTACAATGGCTGGTACAGAGAGTGGCGAGCCTGTG
>contig-50_60 length_99 read_count_488
TGCCGTCACCGACTCGCAACTCGTTGTACCAACCATTGTAGCACGTGTGCAGCCCAGGTCATAAGGGGCATGATGATTTGACGTCATCCCCACCTTCCT
>contig-50_61 length_99 read_count_648
ATCATCATGCCCCTTATGTCTTGGGCTTCACGCATGCTACAATGGCCGGGACAGAGGGTTGCGATACTGTGAGGTGGAGCTAATCCCTAAAAGCCGGTC
>contig-50_62 length_99 read_count_144
TTAGCTCCACCTCACAGTATCGCAACCCTCTGTACCGGCCATTGTAGCAGGCGTGAAGCCCAAGACATAAGGGGCATGATGATTTGACGTCATCCCCAC
>contig-50_63 length_99 read_count_622
ACTGAGACCGGCTTTCCGAGATTCGCTCACCCTCACAGGCTCGCCACTCCCTGTACCAGCCATTGTAGCATGCGTGAAGCCCTGGACATAAGGGGCATG
>contig-50_64 length_99 read_count_1636
GACCGGCTTTCCGAGATTCGCTCACCCTCACAGGCTCGCCACTCTCTGTCCCAGCCATTGTAGCATGCGTGAAGCCCTGGACATAAGGGGCATGATGAC
>contig-50_65 length_99 read_count_182
ATCTGCGATTACTAGCGACTCCGACTTCATGGGGTCGAGTTGCAGACCCAAATCCGAACTGAGACCGGCTTTTAGGGATTAGCTCCACCTCACAGTATC
>contig-50_66 length_99 read_count_134
TCCGAACTGAGACCGGCTTTTAGGGATTAGCTCCACCTCACAGTATCGCTACCCTCTGTACCGGCCATTGTAGCATGCGTGAAGCCCAAGACATAAGGG
>contig-50_67 length_99 read_count_946
GAACTGAGACCGGCTTTCCGAGATTCGCTCACCCTCACAGGCTCGCCACCCTCTGTACCAGCCATTGTAGCATGCGTGAAGCCCTGGACCTAAGGGGCA
>contig-50_68 length_99 read_count_370
ACCGGCCATTGTAGCATGCGTGAAGCCCAAGACATAAGGGGCATGATGAGTTGACGTCATCCCCACCTTCCTCCGAGTTGACCCCGGCAGTCTCCTATG
>contig-50_69 length_99 read_count_277
GCGATACTGTGAGGTGGAGCTAATCCCTAAAAGCCGGTCTCAGTTCGGAGTGGGGTCTGCAACTCGACCCCATGAAGTCGGAGTCGCTAGTAATCGCAG
>contig-50_70 length_99 read_count_739
ACGTGTGTAGCCCAGGTCATAAGGGGCATGATGATTTGACGTCATCCCCGCCTTCCTCCGGTTTATTACCGGCAGTCTCGCTAGAGTGCCCAACTGAAT
>contig-50_71 length_99 read_count_328
GGAGGAAGGTGGGGATGACGTCAAGTCATCATGCCCCTTATGTCCAGGGTTTCACGCATGCTACAATGGCTGGTACAGAGAGTGGCGAGCCTGTGAGGG
>contig-50_72 length_99 read_count_426
CAAATCATCATGCCCCTTATGTCTTGGGCTTCACGCATGCTACAATGGCAGGTACAGAGGGTTGCGATACTGTGAGGTGGAGCTAATCCCTAAAAGCCG
>contig-50_73 length_99 read_count_292
CAGACCCCAATCCGAACTGAGACCGGCTTTTAGGGATTAGCTCCACCTCGCAGTATCGCAACCCTCTGTACCGGCCATTGTAGCATGCGTGAAGCCCAA
>contig-50_74 length_99 read_count_71
CCTTCCTCCGAGTTGACCCCGGCAGTCTCCTATGAGTCCCCACCATAACTTGCTGGCAACATAGAACGAGGGTTGCGCTCGTTGCGGGACTTAACCCAA
>contig-50_75 length_99 read_count_274
GCGAGTTGCAGCCTACAATCCGAACTGAGACTGGCTTTAAGAGATTAGCCTGCCGTCACCGGCTTGCGACTCGTTGTACCAGCCATTGTAGCACGTGGG
>contig-50_76 length_99 read_count_342
ATGCGTGAAGCCCAAGACATAAGGGGCATGATGATTTGACGTCATCCCCTCCTTCCTCCGAGTTGACCCCGGCAGTCTCCTATGAGTCCCCACCATAAC
>contig-50_77 length_99 read_count_601
TCATCATGCCCCTTATGTCTTGGGCTTCACGCATGCTACAATGGCCGGTCCAGAGGGTTGCGATACTGTGAGGTGGAGCTAATCCCTAAAAGCCGGTCT
>contig-50_78 length_99 read_count_140
CCCCCCCCCCCCCCCCCCCCCCCCCCCCCCCCCCCCCCCCCCCCCCCCCGCCCCCCCCCCCCCCCCCCCCCCCCCCCCCCCCCCCCCCCCCCCCCCCCC
>contig-50_79 length_99 read_count_878
GCTGATCTGCGATTACTAGCGACTCCGACTTCATGGGGTCGAGTTGCAGCCCCCAATCCGAACTGAGACCGGCTTTTAGGGATTAGCTCCACCTCACAG
>contig-50_80 length_99 read_count_149
GGTCGTCAGCTCGTGTCGTGAGATGTTGGGTTAAGTCCCGCAACGAGCGAAACCCCTATTGTTAGTTGCCATCATTGAGTTGGGCACTCTAGCGAGACT
>contig-50_81 length_99 read_count_314
GTAATAAACCGGAGGAAGGTGGGGATGACGTCAAATCATCATGCCCCTTCTGACCTGGGCTACACACGTGCTACAATGGCTGGTACAACGAGTCGCAAG
>contig-50_82 length_99 read_count_110
CCCGTGAACGTATTCACCGCAGCGTTGCTGATCTGCGATTACTAGCGATCCCGACTTCATGGGGTCGAGTTGCAGACCCCAATCCGAACTGAGACCGGC
>contig-50_83 length_99 read_count_121
GCCATTGTAGCATGCGTGAAGCCCAAGACATAAGGGGCATGATGATTTGTCGTCATCCCCACCTTCCTCCGAGTTGACCCCGGCAGTCTCCTATGAGTC
>contig-50_84 length_99 read_count_442
CCCGCAACGAGCGCAACCCTCGTTCTATGTTGCCAGCACGTTATGGTGGAGACTCATAGGAGACTGCCGGGGTCAACTCGGAGGAAGGTGGGGATGACG
>contig-50_85 length_99 read_count_237
TACCAGCCATTGTAGCATGCGTGAAGCCCTGGACATAAGGGGCATGATGTCTTGACGTCATCCCCACCTTCCTCCGAGTTGACCCCGGCGGTCTCCACT
>contig-50_86 length_99 read_count_359
ACAATGGCCGGTACAGAGGGTTGCGATACTGTGAGGTGGAGCTAATCCCAAAAAGCCGGTCTCAGTTCGGATTGGGGTCTGCAACTCGACCCCATGAAG
>contig-50_87 length_99 read_count_386
GACTCAGTGGAGACCGCCGGGGTCAACTCGGAGGAAGGTGGGGATGACGGCAAGTCATCATGCCCCTTATGTCCAGGGCTTCACGCATGCTACAATGGC
>contig-50_88 length_99 read_count_63
ACTGCCGGGGTCAACTCGGAGGAAGGTGGGGATGACGTCAAATCATCATCCCCCTTATGTCTTGGGCTTCACGCATGCTACAATGGCCGGTACAGAGGG
>contig-50_89 length_99 read_count_529
GTGAAGCCCAAGACATAAGGGGCATGATGATTTGACGTCATCCCCACCTCCCTCCGAGTTGACCCCGGCAGTCTCCTATGAGTCCCCACCATAACGTGC
>contig-50_90 length_99 read_count_204
ACGTCAAATCATCATGCCCCTTATGTCTTGGGCTTCACGCATGCTACAACGGCCGGTACAGAGGGTTGCGATACTGTGAGGTGGAGCTAATCCCTAAAA
>contig-50_91 length_99 read_count_376
TGGCTTTAAGAGATTAGCTTGCCGTCACCGGCTTGCGACTCGTTGTACCCGCCATTGTAGCACGTGTGTAGCCCAGGTCATAAGGGGCATGATGATTTG
>contig-50_92 length_99 read_count_301
CGGAGGAAGGTGGGGATGACGTCAAATCATCATGCCCCTTATGTCTTGGTCTTCACGCATGCTACAATGGCCGGTACAGAGGGTTGCGATACTGTGAGG
>contig-50_93 length_99 read_count_124
AGACCGCCGGGGTCAACTCGGAGGAAGGTGGGGATGACGTCAAGTCATCCTGCCCCTTAGGTCCAGGGCTTCACGCATGCTACAATGGCTGGTACAGAG
>contig-50_94 length_99 read_count_280
CCAGCCATTGTAGCATGCGTGAAGCCCTGGACATAAGGGGCATGATGACGTGACGTCATCCCCACCTTCCTCCGAGTTGACCCCGGCGGTCTCCACTGA
>contig-50_95 length_99 read_count_214
CATAAGGGGCATGATGATTTGACGTCATCCCCACCTTCCTCCGGTTTATCACCGGCAGTCTCGCTAGAGTGCCCAACTGAATGATGGCAACTAACAATA
>contig-50_96 length_99 read_count_2468
AGTTGCAGACCCCAATCCGAACTGAGACCGGCTTTTAGGGATTAGCTCCCCCTCACAGTATCGCAACCCTCTGTACCGGCCATTGTAGCATGCGTGAAG
>contig-50_97 length_99 read_count_188
ATTCACCGCAGCGTTGCTGATCTGCGATTACTAGCGACTCCGACTTCATCGGGTCGAGTTGCAGACCCCAATCCGAACTGAGACCGGCTTTTAGGGATT
>contig-50_98 length_99 read_count_535
GGGCTTCACGCATGCTACAATGGCCGGTACAGAGGGTTGCGATACTGTGGGGTGGAGCTAATCCCTAAAAGCCGGTCTCAGTTCGGATTGGGGTCTGCA
>contig-50_99 length_99 read_count_225
GGGTCAACTCGGAGGAAGGTGGGGATGACGTCAAGTCATCATGCCCCTTCTGTCCAGGGCTTCACGCATGCTACAATGGCTGGTACAGAGAGTGGCGAG
>contig-50_100 length_99 read_count_125
GTACAAGTCCCGCGAACGTATTCACCGCAGCGTTGCTGATCTGCGATTAATAGCGACTCCGACTTCATGGGGTCGAGTTGCAGACCCCAATCCGAACTG
>contig-50_101 length_99 read_count_352
TGCTACAATGGCCGGTACAGAGGGTTGCGATACTGTGAGGTGGAGCTAAACCCTAAAAGCCGGTCTCAGTTCGGATTGGGGTCTGCAACTCGACCCCAT
>contig-50_102 length_99 read_count_2210
GAGTTGCAGACCCCAATCCGAACTGAGACCGGCTTTCCGAGATTCGCTCCCCCTCACAGGCTCGCCACTCTCTGTACCAGCCATTGTAGCATGCGTGAA
>contig-50_103 length_99 read_count_163
GATGACGTCAAATCATCATGCCCCTTATGACCTGGGCTACACACGTGCTCCAATGGCTGGTACAACGAGTCGCAAGCCGGTGACGGCAAGCTAATCTCT
>contig-50_104 length_99 read_count_659
CCCCAATCCGAACTGAGACCGGCTTTTAGGGATTAGCTCCACCTCACAGCATCGCAACCCTCTGTACCGGCCATTGTAGCATGCGTGAAGCCCAAGACA
>contig-50_105 length_99 read_count_395
AGTCGGTGACGGCAAGCTAATCTCTTAAAGCCAATCTCAGTTCGGATTGGAGGCTGCAACTCGCCTACATGAAGTCGGAATCGCTAGTAATCGCGGATC
>contig-50_106 length_99 read_count_87
CAACCCTCTGTACCGGCCATTGTAGCATGCGTGAAGCCCAAGACATAAGTGGCATGATGATTTGACGTCATCCCCACCTTCCTCCGAGTTGACCCCGGC
>contig-50_107 length_99 read_count_169
GTGGGGATGACGTCAAATCATCATGCCCCTTATGTCTTGGGCTTCACGCTTGCTACAATGGCCGGTACAGAGGGTTGCGATACTGTGAGGTGGAGCTAA
>contig-50_108 length_99 read_count_457
TGTAGCACGTGTGTAGCCCAGGTCATAAGGGGCATGATGATTTGACGTCCTCCCCACCTTCCTCCGGTTTATTACCGGCAGTCTCGCTAGAGTGCCCAA
>contig-50_109 length_99 read_count_157
CCCCACCTTCCTCCGGTTTATTACCGGCAGTCTCGCTAGAGTGCCCAACAAAATGATGGCAACTAACAATAGGGGTTGCGCTCGTTGCGGGACTTAACC
>contig-50_110 length_99 read_count_6372
CAATGGCTGGTACAACGAGTCGCAAGCCGGTGACGGCAAGCTAATCTCTGAAAGCCAGTCTCAGTTCGGATTGTAGGCTGCAACTCGCCTACATGAAGT
>contig-50_111 length_99 read_count_319
CATGCCCCTTATGACCTGGGCTACACACGTGCTACAATGGCTGGTACAAAGAGTCGCGAGTCGGTGACGGCAAGCTAATCTCTTAAAGCCAGTCTCAGT
>contig-50_112 length_99 read_count_316
AATCCGAACTGAGACCGGCTTTTAGGGATTAGCTCCACCTCACAGTATCCCAACCCTCTGTACCGGCCATTGTAGCATGCGTGAAGCCCAAGACATAAG
>contig-50_113 length_99 read_count_320
CTCTGTACCGGCCATTGTAGCATGCGTGAAGCCCAAGACATAAGGGGCAGGATGATTTGACGTCATCCCCACCTTCCTCCGAGTTGACCCCGGCAGTCT
>contig-50_114 length_99 read_count_219
CTGTACCAGCCATTGTAGCATGCGTGAAGCCCTGGACATAAGGGGCATGCTGACTTGACGTCATCCCCACCTTCCTCCGAGTTGACCCCGGCGGTCTCC
>contig-50_115 length_99 read_count_377
TCAAATCATCATGCCCCTTATGTCTTGGGCTTCACGCATGCTACAATGGGCGGTACAGAGGGTTGCGATACTGTGAGGTGGAGCTAATCCCTAAAAGCC
>contig-50_116 length_99 read_count_108
AAACCGGAGGAAGGTGGGGATGACGTCAAATCATCATGCCCCTTATGACATGGGCTACACACGTGCTACAATGGCTGGTACAACGAGTCGCGAGTCGGT
>contig-50_117 length_99 read_count_161
TCCGACTTCATGGGGTCGAGTTGCAGACCCCAATCCGAACTGAGACCGGATTTTAGGGATTAGCTCCACCTCACAGTATCGCAACCCTCTGTACCGGCC
>contig-50_118 length_99 read_count_722
CGGTACAGAGGGTTGCGATACTGTGAGGTGGAGCTAATCCCTAAAAGCCTGTCTCAGTTCGGATTGGGGTCTGCAACTCGACCCCATGAAGTCGGAGTC
>contig-50_119 length_99 read_count_404
CGGCGTGCTGATCCGCGATTACTAGCGATTCCGACTTCATGTAGGCGAGGTGCAGCCTACAATCCGAACTGAGACTGGCTTTAAGAGATTAGCTTGCCG
>contig-50_120 length_99 read_count_159
GCATGCTACAATGGCCGGTACAGAGGGTTGCGATACTGTGAGGTGGAGCCAATCCCTAAAAGCCGGTCTCAGTTCGGATTGGGGTCTGCAACTCGACCC
>contig-50_121 length_99 read_count_83
GAACGTATTCACCGCGGCGTGCTGATCCGCGATTACTAGCGATTCCGACCTCATGTAGGCGAGTTGCAGCCTACAATCCGAACTGAGACTGGCTTTAAG
>contig-50_122 length_99 read_count_275
TGCCCCTTATGTCTTGGGCTTCACGCATGCTACAATGGCCGGTACAGAGAGTTGCGATACTGTGAGGTGGAGCTAATCCCTAAAAGCCGGTCTCAGTTC
>contig-50_123 length_99 read_count_112
GGTACAGAGGGTTGCGATACTGTGAGGTGGAGCTAATCCCTAAAAGCCGTTCTCAGTTCGGATTGGGGTCTGCAACTCGACCCCATGAAGTCGGAGTCG
>contig-50_124 length_99 read_count_859
TGAGACCGGCTTTTAGGGATTAGCTCCACCTCACAGTATCGCAACCCTCGGTACCGGCCATTGTAGCATGCGTGAAGCCCAAGACATAAGGGGCATGAT
>contig-50_125 length_99 read_count_372
ATAAACCGGAGGAAGGTGGGGATGACGTCAAATCATCATGCCCCTTATGGCCTGGGCTACACACGTGCTACAATGGCTGGTACAACGAGTCGCGAGTCG
>contig-50_126 length_99 read_count_112
ACTGTTGCCAGCACGTTATGGTGGGGACTCAGTGGAGACCGCCGGGGTCCACTCGGAGGAAGGTGGGGATGACGTCAAGTCATCATGCCCCTTATGTCC
>contig-50_127 length_99 read_count_315
GTACCGGCCATTGTAGCATGCGTGAAGCCCAAGACATAAGGGGCATGATTATTTGACGTCATCCCCACCTTCCTCCGAGTTGACCCCGGCAGTCTCCTA
>contig-50_128 length_99 read_count_325
TGCTACAATGGCCGGTACAGAGGGTTGCGATACTGTGAGGTGGAGCTAACCCCTAAAAGCCGGTCTCAGTTCGGATTGGGGTCTGCAACTCGACCCCAT
>contig-50_129 length_98 read_count_1062
GGCGGGCGACTACGACCAGACGGCCGTGTCCGGCACACCGCTGACGACTCCCATGCACTGTCTCTTATACACATCTGACGCTGCCGACGAATAGAGAG
>contig-50_130 length_98 read_count_744
CGAACGTATTCACCGCAGCGTTGCTGATCTGCGATTACTAGCGACTCCGCCTTCATGGGGTCGAGTTGCAGACCCCAATCCGAACTGAGACCGGCTTT
>contig-50_131 length_98 read_count_21439
GGTTAAGTCCCGCAACGAGCGCAACCCCTATTGTTAGTTGCCATCATTTAGTTGGGCACTCTAGCGAGACTGCCGGTAATAAACCGGAGGAAGGTGGG
>contig-50_132 length_98 read_count_813
GGCGGGCGACTACGACCAGACGGCCGTGTCCGGCACACCGCTGACGACCTCCATGCACTGTCTCTTATACACATCTGACGCTGCCGACGAATAGAGAG
>contig-50_133 length_98 read_count_1047
GGCGGGCGACTACGACCAGACGGCCGTGTCCGGCACACCGCTGACGACCCCCATGCACTGTCTCTTATACACATCTGACGCTGCCGACGAATAGAGAG
>contig-50_134 length_98 read_count_1850
CCCGTGAACGTATTCACCGCAGCGTTGCTGATCTGCGATTACTAGCGATTCCGACTTCATGAGGTCGAGTTGCAGACCCCAATCCGAACTGAGACCGG
>contig-50_135 length_98 read_count_1172
GGCGGGCGACTACGACCAGACGGCCGTGTCCGGCACACCGCTGACGACTTCCATGCACTGTCTCTTATACACATCTGACGCTGCCGACGAATAGAGAG
>contig-50_136 length_97 read_count_5231
AAAGCCGGTCTCAGTTCGGATTGGGGTCTGCAACTCGACCCCATGAAGGTGGAGTCGCTAGTAATCGCAGATCAGCAACGCTGCGGTGAATACGTTC
>contig-50_137 length_97 read_count_243
TGCCGTCACCGGCTTGCGACTCGTTGTACCAGCCATTGTAGCACGTGGGTAGCCCAGGTCATAAGGGGCATGATGATTTGACGTCATCCCCACCTTC
>contig-50_138 length_96 read_count_79
AAAGCCAGTCTCAGTTCGGATTGTAGGCTGCGACTCGCCTACATGAAGTCGGAATCGCTAGTAATCGCGGATCAGCATGCTGCGGTGAATACGTTC
>contig-50_139 length_94 read_count_1012
GCCGGTCTCAGTTCGGATTGGGGTCTGCAACTCGACCTCATGAAGTCGGGGTCGCTAGTAATCGCAGATCAGCAACGCTGCGGTGAATACGTTC
>contig-50_140 length_94 read_count_293
GCCGGTCTCAGTTCGGATTGGGGTCTGCAACTCGACCTCATGAAGTCGGCGTCGCTAGTAATCGCAGATCAGCAACGCTGCGGTGAATACGTTC
>contig-50_141 length_94 read_count_65
GACCGGCTTTTAGGGATTAGCTCCACCTCACAGTATCGCAACCCACTGCACCGGCCATTGTAGCATGCGCGAAGCCCAAGACATAAGGGGCATG
>contig-50_142 length_94 read_count_1979
GTCTCGTGGGCTCGGAGATGTGTATAAGAGACAGTGTGTACAAGTCCCGTGAACGGCACGACGAAGACCTTCACGATGGATTCGAGCTTCGACG
>contig-50_143 length_91 read_count_74
CAGAGGGTTGCGATACTGTGAGGTGGAGCTAATCCCTAAAAGGCGGTCTCAGTTCGGATTGGGGTCTGCAACTCGACCCCATGAAGTCGGA
>contig-50_144 length_91 read_count_191
GCCATTGTAGCATGCGTGAAGCCCAAGACATAAGGGGCATGCTGATTTGACGTCATCCCCACCTTCCTCCGAGTTAACCCCGGCAGTCCCC
>contig-50_145 length_91 read_count_99
GCCATTGTAGCATGCGTGAAGCCCAAGACATAAGGGGCATGCTGATTTGCCGTCATCCCCACCTTCCTCCGAGTTGACCCCGGCAGTCTCC
>contig-50_146 length_91 read_count_76
AGGTCGAGTTGCAGACCCCAATCCGAACTGAGACCGGCTTTCCGAGGTTCGCTCACCCTCACAGGCTCGCCACTCTCGGTACCAGCCATTG
>contig-50_147 length_91 read_count_45
CACGTTATGGTGGGGACTCATAGGAGACTGCCGGGGTCAACGCGGAGGGAGGTGGGGATGACGTCAAATCATCATGCCCCTTATGTCGTGG
>contig-50_148 length_90 read_count_270
CTGCCGGTGACAAACCGGAGGAAGGTGGGGATGACGTCAAGTCATCATGCCCCTTATGACCTGGGCTACACACGTGCTACAATGGACGGT
>contig-50_149 length_90 read_count_272
AAAGCCGGTCTCAGTTCGGATTGGGGTCTGCAACTCGACCCCATGAAGTTGGAGTCGCTAGTAATCGCAGATCAGCAACGCTGCGGTGAA
>contig-50_150 length_90 read_count_142
TTCACCGCAGCGTTGCTGATCTGCGATTACTAGCGACTCCAACTTCATGAGGTCGAGTTGCAGACCCCAATCCGAACTGAGACCGGCTTT
>contig-50_151 length_89 read_count_3948
TTTTTTTTTTTTTCAAGCAGAAGACGGCATACGAGATTCGCCTTAGTCTCGTGGGCTCGGAGATGTGTATAAGAGACAGTGTGTACAAG
>contig-50_152 length_89 read_count_115
GGAGGAAGGGGGGGATGACGTCAAATCATCATGCCCCTTATGACGTGGGCTACACACGTGCTACAATGGTTGGTACAACGAGTTGCGAG
>contig-50_153 length_89 read_count_324
CTCTGTACCAGCCATTGTAGCATGCGTGAAGCCCTGGACCTAAGGGGCATGATGACTTGACGTCATCCCCACCTTCCTCCGAGTTGACC
>contig-50_154 length_88 read_count_8587
TAAGTCCCGCAACGAGCGCAACCCTCGTCCACTGTTGCCAGCAATTCGGTTGGGGACTCAGTGGAGACCGCCGGGGTCAACTCGGAGG
>contig-50_155 length_88 read_count_53
CACGTTACGGTGGGGACTCAGTGGAGACCGCCGGGGTCAACCCGGAGGAAGGCGGGGATGACGTCAAGTCATCATGCCCCTTATGTCC
>contig-50_156 length_87 read_count_945
ATTCGCTCACCCTCACAGGCTCGCCACTCTCTGTACCAGCCATTGTAGCCTGCGTGAAGCCCTGGACATAAGGGGCATGATGACTTG
>contig-50_157 length_87 read_count_76
TGTGTACAAGTCCCGCGAACGTATTCACCGCAGCGTTGCTGATCTTCGATTACTAGCGACTCCGACTTCATGGGGTCGAGTTGCAGA
>contig-50_158 length_87 read_count_48
GGAGGAAGGTGGGGATGACGTCAAACCATCATGCCCCTTATGCCCGGGGCTACACACGTGCTACAAGGGCTGGTACAACGAGTCGCG
>contig-50_159 length_87 read_count_144
ATTCGCTCCACCTTACGATGTCGCAACTCACTGTACCGGCCATTGTAGCCTGCGTGAAGCCCTGGACATAAGGGGCATGATGACTTG
>contig-50_160 length_86 read_count_44929
TTCACCGCAGCGTTGCTGATCTGCGATTACTAGCGACTCCGACTTCATGAGGTCGAGTTGCAGACCCCAATCCGAACTGAGACCGG
>contig-50_161 length_86 read_count_72
GGCCGGGACAGAGGGCTGCCAACCCGCGAGGGGGAGCTAATCCCAGAACCCCGGTCGTAGTCCGGATCGTAGTCTGCAACTCGACT
>contig-50_162 length_86 read_count_56
CGAAAGCGTGAGGTGGAGCGAATCCCTTAAAGCCGGTCTCAGTTCGGATGGGGGTCTGCAACTCGACCCCATGAAGGTGGAGTCGC
>contig-50_163 length_85 read_count_72
CTGCGATTACTAGCGACTCCGACTTCATGGGGTCGATTTGCAGACCCCAATCCGAACTGAGACCGGCTTTTAGGGATTAGCTCCA
>contig-50_164 length_84 read_count_8911
CACACGTGCTACAATGGTTGGTACAACGAGTTGCGAGTCGGTGACGGCAAGCTAATCTCTTAAAGCCAATCTCAGTTCGGATTG
>contig-50_165 length_84 read_count_42
TTAGCTCCACCTCACAGTATCGCAACCCTCTGTCACGGCCATTGTAGCATGCGTGAAGCCCAAGACATAAGGGGCATGATGGTT
>contig-50_166 length_83 read_count_8743
ACTGAGACTGGCTTTAAGAGATTAGCTTGCCGTCACCGACTCGCGACTCGTTGTACCAGCCATTGTAGCACGTGTGTAGCCCA
>contig-50_167 length_82 read_count_170
AACTCGACTTCATGAAGTCGGAGTCGCTAGTAATCGCAGATCAGCAACGTTGCGGTGAATACGTTCGCGGGACTTGTACACA
>contig-50_168 length_81 read_count_40
TTGTAGGCTGCAACTCGCCTACATGAAGCTGGAATCGCTAGTAATCGCGGATCAGAACGCCGCGGTGAATACGTTCACGGG
>contig-50_169 length_80 read_count_35
TCATCATGCCCCTTATGTCCTGGGCTTCACACATGCTACAATGGCCGGTACAGAGGGATGCGGTACTGTGAGGTGGAGCT
>contig-50_170 length_79 read_count_528
AACTCGGAGGAAGGTGGGGATGACGTCAAATCATCATGCCCCTTATGTCCTGGGCTTCACGCATGCTACAATGGCCGGT
>contig-50_171 length_79 read_count_34
TGAGATTGGCTTTAAGAGATTAGCTTGCCGTCCACGACTCGCAACTCGTTGTACCACCCATTGTAGCACGTGTGTAGCC
>contig-50_172 length_78 read_count_18058
ACCGGCAGTCTCGCTAGAGTGCCCAACTGAATGATGGCAACTAACAATAGGGGTTGCGCTCGTTGCGGGACTTAACCC
>contig-50_173 length_78 read_count_58
AACTCGGAGGAAGGTGGGGATGACGTCAAATCATCATGTCCCTTATGTCTTGGGCTTCACGCATGCTACAATGGCCGG
>contig-50_174 length_78 read_count_84
ACCGGCAGTCTCGCTAGAGTGCCCAACTGAATGATGGCAACTAACAATAAGGGTTGCGCTCGTTGCGGGACTTAACCC
>contig-50_175 length_78 read_count_37
CATAAGGGGCATTATGATTTGACGTCATCCCCCCCTTCCTCCGGTTTATTCCCGGCAGTCTCGCTAGAGTGCCCAACT
>contig-50_176 length_78 read_count_62
TTCACGCATGCTACAATGGCCGGTACAGAGGGTTGCGGTACTGTGCGGTGGAGCTAATCCCTAAAAGCCGGTCTCAGT
>contig-50_177 length_78 read_count_5644
ACCGGCAGTCTCGCTAGAGTGCCCAACTCAATGATGGCAACTAACAATAAGGGTTGCGCTCGTTGCGGGACTTAACCC
>contig-50_178 length_78 read_count_42
TGTACCAGCCATTGTAGCACGTGTGTAGCCCCGGACATAAGGGGCATGATGATTTGACGTCATCCCCACCTTCCTCCG
>contig-50_179 length_78 read_count_341
ACTCGGAGGAAGGTGGGGATGACGTCAAGTCATCATGCCCCTTATGTCCTGGGCTTCACGCATGCTACAATGGCCGGT
>contig-50_180 length_77 read_count_38
TCACAGTATCGCAACCCTCTGTACCGCCCATTGTAGCATGCGGGAAGCCCAAGACATAAGGGGCATGATGATTTAAC
>contig-50_181 length_77 read_count_35
TGGAGACCGCCGGGGTCAACTCGGAGGAAGGGGGGGATGCCGTCAAGTCATCATGCCCCTTATGTCCAGGGCTTCAC
>contig-50_182 length_76 read_count_160
ACGTGCGGGCAACATAGAACGAGGGTTGCGCTCGTCGCGGGACTTAACCCAACATCTCACGACACGAGCTGACGAC
>contig-50_183 length_76 read_count_43
GAACGTATTCACCGCGGCGTGCTGATTCGCGATTACTAGCGATTCCAGCTTCATGTAGGCGAGTTGCAGCCTACAA
>contig-50_184 length_75 read_count_57
CCCCATGAAGTCGGAGTCGCTAGTAATCGCAGAACAGCAACGCTGCGGTGAATACGTTCACGGGGCTTGTACACA
>contig-50_185 length_75 read_count_222
GCCATTGTAGCATGCGTGAAGCCCACGACATAAGGGGCATGATGATTTGACGTCATCCCCACCTTCCTCCGAGTT
>contig-50_186 length_75 read_count_43
AACTCGGAGGAAGGTGGGGATGACGGCAAATCATCATGCCCCTTATGTCGTGGGCTTCACGCATGCTACAATGGC
>contig-50_187 length_75 read_count_32
CGGAGGAAGGTGGGGATGACGTCAAACCATCATGCCCCTTATGCCCTGGGCTACACACGTGCTACAATGGCTGGT
>contig-50_188 length_75 read_count_200
AATGATGGCAACTAACAATAGGGGTTGCGCTCGTTGAGGGACTTAACCCAACATCTCACGACACGAGCTGACGAC
>contig-50_189 length_75 read_count_330
AACTCGGAGGAAGGTGGGGATGACGGCAAATCATCATGCCCCTTATGTCTTGGGCTTCACGCATGCTACAATGGC
>contig-50_190 length_75 read_count_57
AATGATGGCAACTAACAATAGGGGTTGCGCTCGTTGCGGAACTTAACCCAACATCTCACGACACGAGCTGACGAC
>contig-50_191 length_75 read_count_32
CCGGAGGAAGGTGGGGAGGACGTCAGGTCATCATGGCCCGTATGGGTAGGGCTACACACGTCATACAATGGCCGG
>contig-50_192 length_74 read_count_278
CACAGGCTCGCCACTCTCTGTACCAGCCATTGTAGCATGCGTGAAGCCCGGGACATAAGGGGCATGATGACTTG
>contig-50_193 length_74 read_count_484
TGCAACTCGACCCCATGAAGTCGGAGTCGCTAGTAATCGCAGATCAGCACCGCTGCGGTGAATACGTTCACGGG
>contig-50_194 length_74 read_count_262
GCCATTGTAGCATGCGTGAAGCCCGGGACATAAGGGGCATGATGACTTGACGTCATCCCCACCTTCCTCCGAGT
>contig-50_195 length_74 read_count_79
CAAGTCATCATGCCCCTTATGTCCCGGGCTTCACGCATGCTACAATGGCCGGTACAGTGAGTTGCGACATCGTA
>contig-50_196 length_73 read_count_39
AGTGGCGAGCATGTGAGGGTGAGCGAATCTCGGAAAGCCGGTCTCAGTTCGGATCGGGGTCTGCAACTCGACC
>contig-50_197 length_73 read_count_333
ACAGTATCGCAACCCTCTGTACCGGCCATTGTAGCATGCGTGAAGCCCACGACATAAGGGGCATGATGATTTG
>contig-50_198 length_73 read_count_99
GTCGTCAGCTCGTGTCGTGAGATGTTAGGTTAAGTCCCGCAACGAGCGCAACCCTCGTCCACTGTTGCCAGCA
>contig-50_199 length_73 read_count_70
CAAATCATCATGCCCCTTATGTCGTGGGCTTCACGCATGCTACAATGGCTGGTACAGAGGGTTGCGAAATCGT
>contig-50_200 length_73 read_count_48
TCATGAAGTCGGAGTCGCTAGTAATCGCAAATCAGCAACGTTGCGGTGAATACGTTCGCGGGACTTGTACACA
>contig-50_201 length_72 read_count_1264
AGTCTGCAACTCGACTGCGTGAAGTCGGAATCGCTAGTAATCGCGGATCAGCTTGCCGCGGTGAATACGTTC
>contig-50_202 length_72 read_count_37
TGTGTACAAGTCCCGTGAACGTATTCACCGCAGCGTGGCGGATCTGCGATTACTAGCGACTCCGACTTCATG
>contig-50_203 length_72 read_count_7758
AGTCTCGCTAGAGTGCCCAACTCAATGATGGCAACTAACAATAGGGGTTGCGCTCGTTGCGGGACTTAACCC
>contig-50_204 length_72 read_count_29
GAACGTATTCACCGCGACATTCTGATTCGCGATTACTAGCGATTCCCGCTTCATGTAGTCGAGTTGCAGACT
>contig-50_205 length_71 read_count_44
GAACTGAGACCGGCTTTTAGGGTTTAGCTCCACCTCCCAGTATCGCAACCCTCTGTACCGGCCATTGTAGC
>contig-50_206 length_71 read_count_77
GAACGTATTCACCGCGGCGTGCTGATCCGGGATTACTAGCGATTCCGACTTCATGTAGGCGAGTTGCAGCC
>contig-50_207 length_70 read_count_10827
CCCACCTTCCTCCGGTTTATTACCGGCAGTCTCGCTAGAGTGCCCAACTCAATGATGGCAACTAACAATA
>contig-50_208 length_70 read_count_83
CCCGCGAACGTATTCACCGCAGCGTGCTGATCCGCGATTACTAGCGATTCCGACTTCATGGAGGCGAGGT
>contig-50_209 length_70 read_count_5187
CCGAATTGCTGGCAACAGTGGACGAGGGTTGCGCTCGTTGCGGGACTTAACCCAACATCTCACGACACGA
>contig-50_210 length_70 read_count_52
CTGCAACTCGACCTCATGAAGTCGGAGTCGCTAGTAATCGCAGACCAGCAACGCTGCGGTGAATACGTTC
>contig-50_211 length_70 read_count_29
CGCCACTCTCTGTACCAGCCCTTGTAGCATGCGTGAAGCCCCGGACATAAGGGGCATGATGCCTTGACGT
>contig-50_212 length_70 read_count_30383
CAGCTCGTGTCGTGAGATGTTGGGTTAAGTCCCGCAACGAGCGCAACCCCTATTGTTAGTTGCCATCATT
>contig-50_213 length_69 read_count_40
TGTTGGGTTAAGTCCCGCAACGAGCGCAACCCTTGCCCTCTGTTGCCAGCACGTTATGGTGGGGACTCG
>contig-50_214 length_69 read_count_50
GTGAACGTATTCACCGCAGCGTTGATGATCTGCGATTACTAGCGACTCCACCTTCATGGGGTCGAGTTG
>contig-50_215 length_69 read_count_435
ACAGTATCGCAACCCTCTGTACCGGCCATTGTAGCATGCGTGAAGCCCAGGACATAAGGGGCATGATGA
>contig-50_216 length_69 read_count_23
CGACTCGTTGTACCAGCCATTGTAGCCCGTGTGTAGCCCAGGGCATAAGGGGGATGATGATTTGACGTC
>contig-50_217 length_69 read_count_31953
ACCCTCGTTCTATGTTGCCAGCACGTTATGGTGGGGACTCATAGGAGACTGCCGGGGTCAACTCGGAGG
>contig-50_218 length_68 read_count_3408
CGATTCCGACTTCATGTAGGCGAGTTGCAGCCTACAATCCGAACTGAGATTGGCTTTAAGAGATTAGC
>contig-50_219 length_68 read_count_37
AACGAGGGTTGCGCTCGTTGCGGGACTTAACTCAACATCTCACGACACGAGCTGACGACTCCCATGCA
>contig-50_220 length_68 read_count_55
GCAACAGTGAACAAGGGTTGCGCTCGTTGCGGGACTTAACCCGACATCTCACGACACGAGCTGACGAC
>contig-50_221 length_68 read_count_7774
GGTACAACGAGTCGCAAGCCGGTGACGGCAAGCTAATCTCTTAAAGCCAGTCTCAGTTCGGATTGTAG
>contig-50_222 length_67 read_count_36
ACGAGCGCAACCCTCGTTCTATGTTGCCCGCACGTGATGGTGGGGACTCATAGGAGACTGCCGGGGT
>contig-50_223 length_67 read_count_36
TGAGCGAATCTCGGAAAGCCGGTCTCAGTTCGGATTGGGGTCTGCAATTCGACCTCATGAAGTCGGA
>contig-50_224 length_66 read_count_34
CAGTTCGGATTGGGGTCTGTAACTCGACCCCATGAAGTCGGAGTCGCTAGTAATCGCAGATCAGCA
>contig-50_225 length_66 read_count_4847
GCAACTCGTTGTACCAACCATTGTAGCACGTGTGTAGCCCAGGTCATAAGGGGCATGATGATTTGA
>contig-50_226 length_66 read_count_21
CGCAACTCACTGTACCGGCCATTTTAGCATGCGTGAAGCCCTGGACATAAGGGGCATGATGACTGG
>contig-50_227 length_66 read_count_249
CGCCACTCTCTGTACCAGCCATTGTAGCATGCGTGAAGCCCTGGACATACGGGGCATGATGACTTG
>contig-50_228 length_66 read_count_3415
CGCAACTCACTGTACCGGCCATTGTAGCATGCGTGAAGCCCTGGACATAAGGGGCATGATGACTTG
>contig-50_229 length_66 read_count_3923
AATGATGGCAACTAACAATAAGGGTTGCGCTCGTTGCGGGACTTAACCCAACATCTCACGACACGA
>contig-50_230 length_66 read_count_10406
CCTTCCTCCGGTTTATTACCGGCAGTCTCGCTAGAGTGCCCAACTGAATGATGGCAACTAACAATA
>contig-50_231 length_66 read_count_53
CAAGTCATCATGCCCCGTATGTCCAGGGCTTCACGCATGCTACAATGGCCGGTACAGTGAGTTGCG
>contig-50_232 length_66 read_count_28
ATAGGAGACTGCCGGGGATAACTCGGAGGAAGGTGGGGATGACGTCAAATCATCATGCCCCTTATG
>contig-50_233 length_65 read_count_47
CATGCTACAATGGCCGGTACAGAGGGATGCGGTACTGTGAGGTGGAGCTAATCCCTAAAAGCCGG
>contig-50_234 length_65 read_count_1531
ACGATTTCGCAACCCTCTGTACCAGCCATTGTAGCATGCGTGAAGCCCAAGACATAAGGGGCATG
>contig-50_235 length_65 read_count_19
CGCATGTTACAATGGCCGGTACAGAGGGTTGCGATAATGTGGGGTGGAGCTAATCCCTAAAAGCC
>contig-50_236 length_65 read_count_110
GACATAAGGGGCATGATGATTTGCCGTCATCCCCACCTTCCTCCGAGTTGACCCCGGCAGTCTCC
>contig-50_237 length_64 read_count_26
TGCGTGAAGCCCTGGACATAAGGGGCATGATGACTTGATGTCCTCCCCACCTTCCTCCGATTTG
>contig-50_238 length_64 read_count_24480
GTCTCCTATGAGTCCCCACCATAACGTGCTGGCAACATAGAACGAGGGTTGCGCTCGTTGCGGG
>contig-50_239 length_64 read_count_2403
AGTCGGTGACGGCAAGCTAATCTCTTAAAGCCAATCTCAGTTCGGATTGTAGGCTGCAACTCGC
>contig-50_240 length_64 read_count_17
GGAAGACGACAAATCATCAGGCCCCTTATGTCTTGGGCTTCCCGCATGCTACAATGGCCGGTAC
>contig-50_241 length_64 read_count_3907
TGCCGTCACCGACTCGCAACTCGTTGTACCAACCATTGTAGCACGTGTGTAGCCCAGGTCATAA
>contig-50_242 length_63 read_count_28
TGTGTACAAGCCCCGCGAACGTATTCACCGCAGCGTTGCTGTTCTGCGATTACTAGCGACTCC
>contig-50_243 length_63 read_count_17545
CTCGCCTACATGAAGTCGGAATCGCTAGTAATCGCGGATCAGCACGCCGCGGTGAATACGTTC
>contig-50_244 length_63 read_count_17615
ACTGTTGCCAGCACGTTATGGTGGGGACTCAGTGGAGACCGCCGGGGTCAACTCGGAGGAAGG
>contig-50_245 length_63 read_count_19
GGGTTGCGCTCGTTGCGGGACTAAACCCAACATCTCACGACACGAGCTGACGACCTCCATGCA
>contig-50_246 length_63 read_count_20
TGCATGGAGGTCGTCAGCTCGTGTCGTGAGAAGTTGGGTTAAGTCCCGCAACGAGCGCAACCC
>contig-50_247 length_63 read_count_17
GGAGACCGCCGGGGGCAACTCGGAGGAAGGTGGGGATGACGTCGAATCATCATGCCCCTTATG
>contig-50_248 length_62 read_count_18158
TGCAACTCGACCCCATGAAGTCGGAGTCGCTAGTAATCGCAGATCAGCAACGCTGCGGTGAA
>contig-50_249 length_62 read_count_42
GTGAACAAGGGTTGCGCTCGCTGCGGGACTTAACCCAACATCTCACGACACGAGCTGACGAC
>contig-50_250 length_62 read_count_24
CATAAGGGGCATGATGATTTGCCGTCATCCCACCTTCCTCCGAGTTGACCCCGGCAGTCTCC
>contig-50_251 length_62 read_count_3309
GACTGCCGGGGTTAACTCGGAGGAAGGTGGGGATGACGTCAAATCATCATGCCCCTTATGTC
>contig-50_252 length_62 read_count_2506
ATTCGCTCCACCTTACGATGTCGCAACTCACTGTACCGGCCATTGTAGCATGCGTGAAGCCC
>contig-50_253 length_61 read_count_24
CCCGTGAACGTATTCACCGCAGCGTTTCTGATCTGCGATTACTAGCGACTCCGACTTCATG
>contig-50_254 length_61 read_count_93
GCCATTGTAGCCTGCGTGAAGCCCTGGACATAAGGGGCATGATGACTTGACGTCATCCCCA
>contig-50_255 length_61 read_count_59
CATGAAGTCGGAGTCGCTAGTAATCGCCGATCAGCAACGCTGCGGTGAATACGTTCACGGG
>contig-50_256 length_61 read_count_17158
GCCATTGTAGCATGCGTGAAGCCCTGGACATAAGGGGCATGATGACTTGACGTCATCCCCA
>contig-50_257 length_61 read_count_15
GCTCCACCTCACAGTTTCGCAACCCTCTGTACCGGCCATTGTAGCATGCGTGAAGCCCAAG
>contig-50_258 length_60 read_count_21259
GGCAACATAGAACGAGGGTTGCGCTCGTTGCGGGACTTAACCCAACATCTCACGACACGA
>contig-50_259 length_60 read_count_21
GACTGCCGGGGTTAACTCGGAGGAAGGTGGGGATGACGTAAAATCATCATGCCCCTTATG
>contig-50_260 length_60 read_count_16247
AAGGGGCATGATGATTTGACGTCATCCCCACCTTCCTCCGGTTTATTACCGGCAGTCTCG
>contig-50_261 length_60 read_count_16895
CGTCATCCCCACCTTCCTCCGAGTTGACCCCGGCAGTCTCCTATGAGTCCCCACCATAAC
>contig-50_262 length_60 read_count_2183
ATCCCCACCTTCCTCCGAGTTGACCCCGGCGGTCTCCACTGAGTCCCCAACCGAATTGCT
>contig-50_263 length_60 read_count_3663
AATCGCTAGTAATCGCGGATCAGCACGCCGCGGTGAATACGTTCGCGGGACTTGTACACA
>contig-50_264 length_60 read_count_5877
TGTGTACAAGCCCCGCGAACGTATTCACCGCAGCGTTGCTGATCTGCGATTACTAGCGAC
>contig-50_265 length_60 read_count_6979
TCGCTAGTAATCGCAGATCAGCAACGCTGCGGTGAATACGTTCACGGGGCTTGTACACAC
>contig-50_266 length_60 read_count_3656
AATCGCTAGTAATCGCGGATCAGCACGCCGCGGTGAATACGTTCACGGGGCTTGTACACA
>contig-50_267 length_60 read_count_90
GAACAAGGGTTGCGCTCGTTGCGGGACTTAAGCCAACATCTCACGACACGAGCTGACGAC
>contig-50_268 length_60 read_count_2454
TGTGTACAAGCCCCGCGAACGTATTCACCGCGGCGTGCTGATCCGCGATTACTAGCGATT
>contig-50_269 length_60 read_count_5088
AATCGCTAGTAATCGCGGATCAGCACGCCGCGGTGAATACGTTCACGGGACTTGTACACA
>contig-50_270 length_60 read_count_2102
CTACAATCCGAACTGAGACTGGCTTTAAGAGATTAGCTTGCCGTCACCGACTCGCGACTC
>contig-50_271 length_59 read_count_113
CCATGCACTGTCTCTTATACACATCTGACGCTGCCGACGAATAGAGAGGTGTAGATCTC
>contig-50_272 length_59 read_count_10762
TGTGTACAAGTCCCGTGAACGTATTCACCGCAGCGTTGCTGATCTGCGATTACTAGCGA
>contig-50_273 length_59 read_count_128
GCTCGCCACTCTCTGTACCAGCCATTGTAGCATGCGTGAAGCCCTGGACCTAAGGGGCA
>contig-50_274 length_59 read_count_81
AACGAGGGTTGCGCTCGTTGCGGGACCTAACCCAACATCTCACGACACGAGCTGACGAC
>contig-50_275 length_58 read_count_18
CACGTTATGGGGGAGACTCATAGGAGACTGCCGGGGTCAACTCGGAGGAAGGGGGGGA
>contig-50_276 length_58 read_count_5740
ATTCGCTCACCCTCACAGGCTCGCCACTCTCTGTACCAGCCATTGTAGCATGCGTGAA
>contig-50_277 length_58 read_count_8343
AGTTGCAGACCCCAATCCGAACTGAGACCGGCTTTCCGAGATTCGCTCACCCTCACAG
>contig-50_278 length_58 read_count_10814
CGGCGTGCTGATCCGCGATTACTAGCGATTCCGACTTCATGTAGGCGAGTTGCAGCCT
>contig-50_279 length_58 read_count_12661
TGCGTGAAGCCCTGGACATAAGGGGCATGATGACTTGACGTCATCCCCACCTTCCTCC
>contig-50_280 length_58 read_count_22
GCCGTGTTCATCTCGGTGTAAGGTGGGGATGACGTCAAATCATCATGCCCCTTATGTC
>contig-50_281 length_58 read_count_9159
ACTTCATGAGGTCGAGTTGCAGACCCCAATCCGAACTGAGACCGGCTTTCCGAGATTC
>contig-50_282 length_58 read_count_10258
CGCCACTCTCTGTACCAGCCATTGTAGCATGCGTGAAGCCCTGGACATAAGGGGCATG
>contig-50_283 length_58 read_count_23
GTCGTCAGCTCGTGTCGTGAGATGGTGGGTTAAGTCCCGCAACGAGCGCAACCCTCGT
>contig-50_284 length_58 read_count_12
TCAACGCGGAGGAAGGGGGGGATGACTTCAAGTCATCATGCCCCTTATGTCCAGGGCT
>contig-50_285 length_58 read_count_15
CTGCATGAAGCCGGAATCGCTAGTAATCGCGGATCAGCATGCCGCGGTGAATACGTTC
>contig-50_286 length_58 read_count_12884
AGACCGCCGGGGTCAACTCGGAGGAAGGTGGGGATGACGTCAAGTCATCATGCCCCTT
>contig-50_287 length_58 read_count_94
ACTTCATGGGGTCGAGTTGCAGACCCCAATCCGAACTGAGACCGGCTTTCCGAGATTC
>contig-50_288 length_58 read_count_7372
CCCCAATCCGAACTGAGACCGGCTTTCCGAGATTCGCTCACCCTCACAGGCTCGCCAC
>contig-50_289 length_58 read_count_18
ACTCACTGTACCGGCCATTGTAGCATGCGTGAAGCTCTGGACATAAGGGGCATGATGA
>contig-50_290 length_57 read_count_908
CTGTACCAGCCATTGTAGCATGCGTGAAGCCCAAGACATAAGGGGCATGATGATTTG
>contig-50_291 length_57 read_count_14
ATCATCATGCCCCTTAGGACCTGGGCTACACACGTGCTACAATGGACGGTACAACGA
>contig-50_292 length_57 read_count_42
CAAGGGTTGCGCTCGTTGCGGGACTGAACCCAACATCTCACGACACGAGCTGACGAC
>contig-50_293 length_57 read_count_100
CTGTACCGGCCATTGTAGCATGCGTGAAGCCCAAGACATAAGGGGCATGCTGATTTG
>contig-50_294 length_57 read_count_1500
TATGTCCAGGGCTTCACGCATGCTACAATGGCCGGTACAGTGAGTTGCGACATCGTA
>contig-50_295 length_57 read_count_6144
GTACAAGTCCCGCGAACGTATTCACCGCAGCGTTGCTGATCTGCGATTACTAGCGAC
>contig-50_296 length_57 read_count_12760
ACATAAGGGGCATGATGATTTGACGTCATCCCCACCTTCCTCCGAGTTGACCCCGGC
>contig-50_297 length_57 read_count_9751
CGCTCGTTGCGGGACTTAACCCAACATCTCACGACACGAGCTGACGACTCCCATGCA
>contig-50_298 length_57 read_count_4156
GGGCTACACACGTGCTACAATGGCTGGTACAACGAGTCGCAAGCCGGTGACGGCAAG
>contig-50_299 length_57 read_count_11891
CACTCTAGCGAGACTGCCGGTAATAAACCGGAGGAAGGTGGGGATGACGTCAAATCA
>contig-50_300 length_57 read_count_3310
TGGCTTTAAGAGATTAGCTTGCCGTCACCGGCTTGCGACTCGTTGTACCAGCCATTG
>contig-50_301 length_57 read_count_8675
ATTACTAGCGATTCCGACTTCATGTAGGCGAGTTGCAGCCTACAATCCGAACTGAGA
>contig-50_302 length_57 read_count_65
GACTCATAGGAGACTGCCGGGGTCAACTCGGAGGAAGGTGGGGATGACGGCAAATCA
>contig-50_303 length_57 read_count_84
GTCGTCAGCTCGTGTCGGGAGATGTTGGGTTAAGTCCCGCAACGAGCGCAACCCTTG
>contig-50_304 length_57 read_count_9
GCCGTCACCGGCCTGCGACTCGTTGTACCAGCCATTGTAGCACGTGTGTAGCCCAGG
>contig-50_305 length_57 read_count_13416
GGTTAAGTCCCGCAACGAGCGCAACCCTCGTTCTATGTTGCCAGCACGTTATGGTGG
>contig-50_306 length_57 read_count_18
CTGTACCAGCCATTGTAGCATGCGTGAAGCCCAAGACATAAGGGGCATGCTGATTTG
>contig-50_307 length_57 read_count_12
GAAGCCCTGGACATAAGGGGCATGAGGACTTGCCGTCATCCCCACCTTCCTCCGAGT
>contig-50_308 length_57 read_count_6803
AAAGCCAGTCTCAGTTCGGATTGTAGGCTGCAACTCGCCTACATGAAGTCGGAATCG
>contig-50_309 length_57 read_count_7679
CATGCCCCTTATGACCTGGGCTACACACGTGCTACAATGGCTGGTACAACGAGTCGC
>contig-50_310 length_57 read_count_10791
TGCATGGAGGTCGTCAGCTCGTGTCGTGAGATGTTGGGTTAAGTCCCGCAACGAGCG
>contig-50_311 length_57 read_count_51
CAAGGGTTGCGCTCGTTGCGGCACTTAACCCAACATCTCACGACACGAGCTGACGAC
>contig-50_312 length_57 read_count_8502
TTGTACCAGCCATTGTAGCACGTGTGTAGCCCAGGTCATAAGGGGCATGATGATTTG
>contig-50_313 length_57 read_count_5336
CAATGGCTGGTACAGAGAGTGGCGAGCCTGTGAGGGTGAGCGAATCTCGGAAAGCCG
>contig-50_314 length_57 read_count_9234
GATCCGCGATTACTAGCGATTCCGACTTCATGTAGGCGAGTTGCAGCCTACAATCCG
>contig-50_315 length_56 read_count_10127
GCATGGAAGTCGTCAGCTCGTGTCGTGAGATGTTGGGTTAAGTCCCGCAACGAGCG
>contig-50_316 length_56 read_count_24
GTCGTCAGCTCGTGTCGTGAGATGTTGGGCTAAGTCCCGCAACGAGCGCAACCCCT
>contig-50_317 length_56 read_count_53
AGGGTTGCGCTCATTGCGGGACTTAACCCAACATCTCACGACACGAGCTGACGACT
>contig-50_318 length_56 read_count_9305
CGATTACTAGCGACTCCGACTTCATGGGGTCGAGTTGCAGACCCCAATCCGAACTG
>contig-50_319 length_56 read_count_14
GAACGTATTCACCGCAGCGCTGCTGATCTGCGATTACTAGCGACTCCGACTTCATG
>contig-50_320 length_56 read_count_8689
ATCCCCACCTTCCTCCGAGTTGACCCCGGCGGTCTCCACTGAGTCCCCACCATAAC
>contig-50_321 length_56 read_count_14
GGCATGATGATTTGACGTCATCCCCACCTCCCTCCGAGTTTACCCCGGCAGTCTCC
>contig-50_322 length_56 read_count_27
AAGGGTTGCGCTCGTTGCGGGACTTAACCCAGCATCTCACGACACGAGCTGACGAC
>contig-50_323 length_56 read_count_14636
GCATGGGGGTCGTCAGCTCGTGTCGTGAGATGTTGGGTTAAGTCCCGCAACGAGCG
>contig-50_324 length_56 read_count_10285
AAACCGGAGGAAGGTGGGGATGACGTCAAATCATCATGCCCCTTATGACCTGGGCT
>contig-50_325 length_56 read_count_12804
GGGGATGACGTCAAATCATCATGCCCCTTATGTCTTGGGCTTCACGCATGCTACAA
>contig-50_326 length_56 read_count_12689
GTGAAGCCCAAGACATAAGGGGCATGATGATTTGACGTCATCCCCACCTTCCTCCG
>contig-50_327 length_55 read_count_35
GGGTTGCGCCCGTTGCGGGACTTAACCCAACATCTCACGACACGAGCTGACGACC
>contig-50_328 length_55 read_count_8647
ACGTGTGTAGCCCAGGTCATAAGGGGCATGATGATTTGACGTCATCCCCACCTTC
>contig-50_329 length_55 read_count_16176
GAACGTATTCACCGCAGCGTTGCTGATCTGCGATTACTAGCGACTCCGACTTCAT
>contig-50_330 length_55 read_count_7
GGAGGAAGGGGGGGATGCCGTCAAATCATCATGCCCCTTATGTCTTGGGCTTCAC
>contig-50_331 length_55 read_count_12
TTGGCTTTAAGAGATTAGCTTGCCGTCAGCGACTCGCAACTCGTTGTACCAACCA
>contig-50_332 length_55 read_count_12
TGAGACTGGCTTTAAGAGATTAGCTTGCCGTCACCGACTCGCCACTCGTTGTACC
>contig-50_333 length_55 read_count_3671
CGGTGACGGCAAGCTAATCTCTTAAAGCCAGTCTCAGTTCGGATTGTAGGCTGCA
>contig-50_334 length_55 read_count_3934
CGGCAAGCTAATCTCTTAAAGCCAGTCTCAGTTCGGATTGTAGGCTGCAACTCGC
>contig-50_335 length_55 read_count_12
AGGGTTGCGCTCGTTGCGGGACTTTACCCAACATCTCACGACACGAGCTGACGAC
>contig-50_336 length_55 read_count_1715
TTATGACCTGGGCTACACACGTGCTACAATGGCTGGTACAACGAGTCGCGAGTCG
>contig-50_337 length_55 read_count_34
GTCGTCAGCTCGTGTCGTGATATGTTGGGTTAAGTCCCGCAACGAGCGCAACCCT
>contig-50_338 length_55 read_count_2041
ACCGGCAGTCTCGCTAGAGTGCCCAACTCAATGATGGCAACTAACAATAGGGGTT
>contig-50_339 length_55 read_count_3090
CACGTGCTACAATGGCTGGTACAACGAGTCGCAAGCCGGTGACGGCAAGCTAATC
>contig-50_340 length_55 read_count_3395
TGACCTGGGCTACACACGTGCTACAATGGCTGGTACAACGAGTCGCAAGCCGGTG
>contig-50_341 length_54 read_count_25
GTCGTCAGCTCGTGTCGTGAGATGTTGGGGTAAGTCCCGCAACGAGCGCAACCC
>contig-50_342 length_54 read_count_12
TGAAGTCGGAGTCGCTAGTAATCGCAGATCAGCAACGGTGCGGTGAATACGTTC
>contig-50_343 length_54 read_count_8104
ACAATGGCCGGTACAGAGGGTTGCGATACTGTGAGGTGGAGCTAATCCCTAAAA
>contig-50_344 length_54 read_count_378
GAACGTATTCACCGCAGCGTTGCTGATCTGCGATTACTAGCGACTCCAACTTCA
>contig-50_345 length_54 read_count_310
CGGGACTTGTACACACTGTCTCTTATACACATCTCCGAGCCCACGAGACTAAGG
>contig-50_346 length_54 read_count_526
CCCGTGAACGGCACGACGAAGACCTTCACGATGGATTCGAGCTTCGACGGCGAA
>contig-50_347 length_54 read_count_113
TCGGGGTCGCTAGTAATCGCAGATCAGCAACGCTGCGGTGAATACGTTCACGGG
>contig-50_348 length_54 read_count_10
GACGTCAAATCATCATGCCCCTTATGGCCTGGGCTTCACGCATGCTACAATGGC
>contig-50_349 length_54 read_count_7159
GGACATAAGGGGCATGATGACTTGACGTCATCCCCACCTTCCTCCGAGTTGACC
>contig-50_350 length_54 read_count_3648
ACAGAGAGTGGCGAGCCTGTGAGGGTGAGCGAATCTCGGAAAGCCGGTCTCAGT
>contig-50_351 length_54 read_count_2725
CCCGCGAACGTATTCACCGCGGCGTGCTGATCCGCGATTACTAGCGATTCCGAC
>contig-50_352 length_54 read_count_10
GGGTTGCGCTCGTTGCGGGACTTAAACCAACATCTCACGACACGAGCTGACGAC
>contig-50_353 length_54 read_count_3336
GCTAATCTCTTAAAGCCAGTCTCAGTTCGGATTGTAGGCTGCAACTCGCCTACA
>contig-50_354 length_54 read_count_3876
GTCGGAATCGCTAGTAATCGCGGATCAGCACGCCGCGGTGAATACGTTCACGGG
>contig-50_355 length_54 read_count_7570
CGTCATCCCCACCTTCCTCCGGTTTATTACCGGCAGTCTCGCTAGAGTGCCCAA
>contig-50_356 length_54 read_count_30
CCCGTGAACGTATTCACCGCAGCGTTGCTGATCTGCGATTACTAGCGACGCCGA
>contig-50_357 length_54 read_count_25
GGGTTGCGCTCGTTGCGGGACTTAACCCAACATCTCACGACCCGAGCTGACGAC
>contig-50_358 length_54 read_count_4665
CACAGGCTCGCCACTCTCTGTACCAGCCATTGTAGCATGCGTGAAGCCCTGGAC
>contig-50_359 length_54 read_count_32
CCCGCGAACGTATTCACCGCAGCGTTGCTGATCTGCGATTACTAGCGACGCCGA
>contig-50_360 length_54 read_count_157
CCCGCGAACGTATTCACCGCAGCGTTGCTGATCTGCGATTACTAGCGACCCCGA
>contig-50_361 length_54 read_count_30502
GTCGTCAGCTCGTGTCGTGAGATGTTGGGTTAAGTCCCGCAACGAGCGCAACCC
>contig-50_362 length_53 read_count_3951
CAGACCCCAATCCGAACTGAGACCGGCTTTTAGGGATTAGCTCCACCTCACAG
>contig-50_363 length_53 read_count_3809
CCCCAATCCGAACTGAGACCGGCTTTTAGGGATTAGCTCCACCTCACAGTATC
>contig-50_364 length_53 read_count_5723
CGTCATCCCCACCTTCCTCCGAGTTGACCCCGGCGGTCTCCACTGAGTCCCCA
>contig-50_365 length_53 read_count_6314
GGGATTAGCTCCACCTCACAGTATCGCAACCCTCTGTACCGGCCATTGTAGCA
>contig-50_366 length_53 read_count_3208
CCCTCACAGGCTCGCCACTCTCTGTACCAGCCATTGTAGCATGCGTGAAGCCC
>contig-50_367 length_53 read_count_3963
GAGCGAATCTCGGAAAGCCGGTCTCAGTTCGGATTGGGGTCTGCAACTCGACC
>contig-50_368 length_53 read_count_6112
TTGACGTCATCCCCACCTTCCTCCGAGTTGACCCCGGCAGTCTCCTATGAGTC
>contig-50_369 length_53 read_count_2310
ATTCAGTTGGGCACTCTAGCGAGACTGCCGGTAATAAACCGGAGGAAGGTGGG
>contig-50_370 length_53 read_count_5071
GAACTGAGACCGGCTTTTAGGGATTAGCTCCACCTCACAGTATCGCAACCCTC
>contig-50_371 length_53 read_count_7612
TGCTGGCAACATAGAACGAGGGTTGCGCTCGTTGCGGGACTTAACCCAACATC
>contig-50_372 length_53 read_count_5513
GCTGATCTGCGATTACTAGCGACTCCGACTTCATGGGGTCGAGTTGCAGACCC
>contig-50_373 length_53 read_count_5663
CCCTGGACATAAGGGGCATGATGACTTGACGTCATCCCCACCTTCCTCCGAGT
>contig-50_374 length_53 read_count_5976
CTTATGTCTTGGGCTTCACGCATGCTACAATGGCCGGTACAGAGGGTTGCGAT
>contig-50_375 length_53 read_count_12
AAAAGCCGGTCTCAGTTCGGATTGGGATCTGCAACTCGACCCCATGAAGTCGG
>contig-50_376 length_53 read_count_2331
TAATCGCAGATCAGCAACGCTGCGGTGAATACGTTCGCGGGACTTGTACACAC
>contig-50_377 length_53 read_count_6273
GCACGTTATGGTGGGGACTCATAGGAGACTGCCGGGGTCAACTCGGAGGAAGG
>contig-50_378 length_53 read_count_8
TTTATTACCGGCAGTCTCGCTAGAGTGCCCCACTCAATGATGGCAACTAACAA
>contig-50_379 length_53 read_count_2637
GCTACAATGGCTGGTACAGAGAGTGGCGAGCCTGTGAGGGTGAGCGAATCTCG
>contig-50_380 length_52 read_count_4811
ACTGCCGGGGTCAACTCGGAGGAAGGTGGGGATGACGTCAAATCATCATGCC
>contig-50_381 length_52 read_count_4962
GGCCGGTACAGAGGGTTGCGATACTGTGAGGTGGAGCTAATCCCTAAAAGCC
>contig-50_382 length_52 read_count_5516
CCAAGACATAAGGGGCATGATGATTTGACGTCATCCCCACCTTCCTCCGAGT
>contig-50_383 length_52 read_count_6
ACGCATGCTACAATGGCCGGTACAGAGGGATGCGGTACTGTGAGGTGGAGCT
>contig-50_384 length_52 read_count_5643
ACGTGCTGGCAACATAGAACGAGGGTTGCGCTCGTTGCGGGACTTAACCCAA
>contig-50_385 length_52 read_count_4963
GACCGGCTTTTAGGGATTAGCTCCACCTCACAGTATCGCAACCCTCTGTACC
>contig-50_386 length_52 read_count_3849
AAAGCCGGTCTCAGTTCGGATTGGGGTCTGCAACTCGACCCCATGAAGTCGG
>contig-50_387 length_52 read_count_4604
CACGCATGCTACAATGGCCGGTACAGAGGGTTGCGATACTGTGAGGTGGAGC
>contig-50_388 length_52 read_count_4238
TGACTTGACGTCATCCCCACCTTCCTCCGAGTTGACCCCGGCGGTCTCCACT
>contig-50_389 length_52 read_count_1775
TTATGACCTGGGCTACACACGTGCTACAATGGCTGGTACAACGAGTCGCAAG
>contig-50_390 length_52 read_count_3161
GGTGGAGCTAATCCCTAAAAGCCGGTCTCAGTTCGGATTGGGGTCTGCAACT
>contig-50_391 length_52 read_count_2064
TCATGTAGGCGAGTTGCAGCCTACAATCCGAACTGAGACTGGCTTTAAGAGA
>contig-50_392 length_52 read_count_4453
AGCACGTGTGTAGCCCAGGTCATAAGGGGCATGATGATTTGACGTCATCCCC
>contig-50_393 length_52 read_count_5102
CAAATCATCATGCCCCTTATGTCTTGGGCTTCACGCATGCTACAATGGCCGG
>contig-50_394 length_52 read_count_3600
CTGTACCAGCCATTGTAGCATGCGTGAAGCCCTGGACATAAGGGGCATGATG
>contig-50_395 length_52 read_count_435
GGGGACTGCCGGGGTTAACTCGGAGGAAGGTGGGGATGACGTCAAATCATCA
>contig-50_396 length_52 read_count_4390
CATAAGGGGCATGATGATTTGACGTCATCCCCACCTTCCTCCGGTTTATTAC
>contig-50_397 length_52 read_count_4073
GATTGGGGTCTGCAACTCGACCCCATGAAGTCGGAGTCGCTAGTAATCGCAG
>contig-50_398 length_52 read_count_3824
CAAGTCATCATGCCCCTTATGTCCAGGGCTTCACGCATGCTACAATGGCTGG
>contig-50_399 length_52 read_count_3684
CCCTAAAAGCCGGTCTCAGTTCGGATTGGGGTCTGCAACTCGACCCCATGAA
>contig-50_400 length_52 read_count_6887
AGCTCGTGTCGTGAGATGTTGGGTTAAGTCCCGCAACGAGCGCAACCCTCGT
>contig-50_401 length_52 read_count_4542
CCACCTCACAGTATCGCAACCCTCTGTACCGGCCATTGTAGCATGCGTGAAG
>contig-50_402 length_52 read_count_1589
AGAGATTAGCTTGCCGTCACCGGCTTGCGACTCGTTGTACCAGCCATTGTAG
>contig-50_403 length_52 read_count_5104
CCCGTGAACGTATTCACCGCAGCGTTGCTGATCTGCGATTACTAGCGACTCC
>contig-50_404 length_52 read_count_3377
GGGTCGAGTTGCAGACCCCAATCCGAACTGAGACCGGCTTTTAGGGATTAGC
>contig-50_405 length_52 read_count_2129
CTTAAAGCCAGTCTCAGTTCGGATTGTAGGCTGCAACTCGCCTACATGAAGT
>contig-50_406 length_52 read_count_3450
AATCCCTAAAAGCCGGTCTCAGTTCGGATTGGGGTCTGCAACTCGACCCCAT
>contig-50_407 length_52 read_count_2078
GACCGGCTTTCCGAGATTCGCTCACCCTCACAGGCTCGCCACTCTCTGTACC
>contig-50_408 length_52 read_count_3297
TCGAGTTGCAGACCCCAATCCGAACTGAGACCGGCTTTTAGGGATTAGCTCC
>contig-50_409 length_52 read_count_3708
CCCGCGAACGTATTCACCGCAGCGTTGCTGATCTGCGATTACTAGCGACTCC
>contig-50_410 length_52 read_count_4688
CCTCACAGTATCGCAACCCTCTGTACCGGCCATTGTAGCATGCGTGAAGCCC
>contig-50_411 length_52 read_count_3806
GACTCCGACTTCATGGGGTCGAGTTGCAGACCCCAATCCGAACTGAGACCGG
>contig-50_412 length_52 read_count_6
AGCCCTGGTCATAAGGGGCATGATGACTTGACGTCATCCCCACCTTCCTCCG
>contig-50_413 length_52 read_count_3891
TAGCGACTCCGACTTCATGGGGTCGAGTTGCAGACCCCAATCCGAACTGAGA
>contig-50_414 length_52 read_count_3719
AAAGCCGGTCTCAGTTCGGATTGGGGTCTGCAACTCGACCTCATGAAGTCGG
>contig-50_415 length_52 read_count_4291
TGACGTCATCCCCACCTTCCTCCGAGTTGACCCCGGCGGTCTCCACTGAGTC
>contig-50_416 length_52 read_count_5495
ACGTCAAATCATCATGCCCCTTATGTCTTGGGCTTCACGCATGCTACAATGG
>contig-50_417 length_51 read_count_3105
CATGCTACAATGGCCGGTACAGAGGGTTGCGATACTGTGAGGTGGAGCTAA
>contig-50_418 length_51 read_count_38
CCCACGTGCTACAATGGCTGGTACAACGAGTCGCAAGCCGGTGACGGCAAG
>contig-50_419 length_51 read_count_2053
GAGGTGGAGCTAATCCCTAAAAGCCGGTCTCAGTTCGGATTGGGGTCTGCA
>contig-50_420 length_51 read_count_3364
CAGAGGGTTGCGATACTGTGAGGTGGAGCTAATCCCTAAAAGCCGGTCTCA
>contig-50_421 length_51 read_count_3576
GTGGGGATGACGTCAAATCATCATGCCCCTTATGTCTTGGGCTTCACGCAT
>contig-50_422 length_51 read_count_4
CCCGTGAACGTATTCACCGCGGCGTGCTGATTCGCGATTACTAGCGATTCC
>contig-50_423 length_51 read_count_3194
AGACTGCCGGGGTCAACTCGGAGGAAGGTGGGGATGACGTCAAATCATCAT
>contig-50_424 length_51 read_count_4
AGCCCAAGTCATAAGGGGCATGATGATTTGACGTCATCCCCTCCTTCCTCC
>contig-50_425 length_51 read_count_2405
TACCAGCCATTGTAGCATGCGTGAAGCCCTGGACATAAGGGGCATGATGAC
>contig-50_426 length_51 read_count_1433
GAGTGGCGAGCCTGTGAGGGTGAGCGAATCTCGGAAAGCCGGTCTCAGTTC
>contig-50_427 length_51 read_count_2960
GTATCGCAACCCTCTGTACCGGCCATTGTAGCATGCGTGAAGCCCAAGACA
>contig-50_428 length_51 read_count_2850
TCAGTGGAGACCGCCGGGGTCAACTCGGAGGAAGGTGGGGATGACGTCAAG
>contig-50_429 length_51 read_count_3182
GGAGACTGCCGGGGTCAACTCGGAGGAAGGTGGGGATGACGTCAAATCATC
>contig-50_430 length_51 read_count_3382
CATGCCCCTTATGTCTTGGGCTTCACGCATGCTACAATGGCCGGTACAGAG
>contig-50_431 length_51 read_count_3051
CAACCCTCTGTACCGGCCATTGTAGCATGCGTGAAGCCCAAGACATAAGGG
>contig-50_432 length_51 read_count_2921
CCATTGTAGCACGTGTGTAGCCCAGGTCATAAGGGGCATGATGATTTGACG
>contig-50_433 length_51 read_count_3397
GTACCGGCCATTGTAGCATGCGTGAAGCCCAAGACATAAGGGGCATGATGA
>contig-50_434 length_51 read_count_2900
AGGAAGGTGGGGATGACGTCAAATCATCATGCCCCTTATGACCTGGGCTAC
>contig-50_435 length_51 read_count_3
GCCATAAGGGGCATGATGATTTGACGTCATCCCCACCTTCCTCCGCGTTGA
>contig-50_436 length_51 read_count_3402
CCCTCTGTACCGGCCATTGTAGCATGCGTGAAGCCCAAGACATAAGGGGCA
>contig-50_437 length_51 read_count_18
TATTCACCGCAGCGTTGCTGATCTGCGATTACTAGCGACTCCAACTTCATG
>contig-50_438 length_51 read_count_3609
GCGTGAAGCCCAAGACATAAGGGGCATGATGATTTGACGTCATCCCCACCT
>contig-50_439 length_51 read_count_1855
AATCCGAACTGAGACCGGCTTTTAGGGATTAGCTCCACCTCACAGTATCGC
>contig-50_440 length_51 read_count_3389
CTGTACCGGCCATTGTAGCATGCGTGAAGCCCAAGACATAAGGGGCATGAT
>contig-50_441 length_51 read_count_3033
CAGTATCGCAACCCTCTGTACCGGCCATTGTAGCATGCGTGAAGCCCAAGA
>contig-50_442 length_51 read_count_3000
TAGGAGACTGCCGGGGTCAACTCGGAGGAAGGTGGGGATGACGTCAAATCA
>contig-50_443 length_51 read_count_2840
GGAGACCGCCGGGGTCAACTCGGAGGAAGGTGGGGATGACGTCAAGTCATC
>contig-50_444 length_51 read_count_556
ACCGACTCGCGACTCGTTGTACCAGCCATTGTAGCACGTGTGTAGCCCAGG
>contig-50_445 length_51 read_count_2919
GACGTCAAATCATCATGCCCCTTATGACCTGGGCTACACACGTGCTACAAT
>contig-50_446 length_51 read_count_2941
GATGACGTCAAATCATCATGCCCCTTATGACCTGGGCTACACACGTGCTAC
>contig-50_447 length_51 read_count_2081
TATGTCCAGGGCTTCACGCATGCTACAATGGCTGGTACAGAGAGTGGCGAG
>contig-50_448 length_51 read_count_2995
CATAGGAGACTGCCGGGGTCAACTCGGAGGAAGGTGGGGATGACGTCAAAT
>contig-50_449 length_51 read_count_2922
ATAAACCGGAGGAAGGTGGGGATGACGTCAAATCATCATGCCCCTTATGAC
>contig-50_450 length_51 read_count_2738
ATCTGCGATTACTAGCGACTCCGACTTCATGGGGTCGAGTTGCAGACCCCA
>contig-50_451 length_51 read_count_1770
CCGAACTGAGACCGGCTTTTAGGGATTAGCTCCACCTCACAGTATCGCAAC
>contig-50_452 length_51 read_count_731
ATAAGGGTTGCGCTCGTTGCGGGACTTAACCCAACATCTCACGACACGAGC
>contig-50_453 length_51 read_count_3167
TCGGAGTCGCTAGTAATCGCAGATCAGCAACGCTGCGGTGAATACGTTCAC
>contig-50_454 length_50 read_count_975
GCTCGCCACTCTCTGTACCAGCCATTGTAGCATGCGTGAAGCCCTGGACA
>contig-50_455 length_50 read_count_2
GCCCAAGACATAAGGGGCATGATGATTTGACGTCATCCCCACCTCCCCCC
>contig-50_456 length_50 read_count_119
GTGAACGTATTCACCGCAGCGTTGCTGATCTGCGATTACTAGCGACTCCA
>contig-50_457 length_50 read_count_7
AAAAGCCGGTCTCAGTTCGGATTGGGGTCTGCAACTCGACCCCATGAAGG
>contig-50_458 length_50 read_count_1505
AGTTGGGCACTCTAGCGAGACTGCCGGTAATAAACCGGAGGAAGGTGGGG
>contig-50_459 length_50 read_count_15
ATCGCTAGTAATCGCAGATCAGCAACGCTGCGGTGAATACGTTCACGGGG
>contig-50_460 length_50 read_count_1389
CTGCAACTCGACCCCATGAAGTCGGAGTCGCTAGTAATCGCAGATCAGCA
>contig-50_461 length_50 read_count_1130
CGAACGTATTCACCGCAGCGTTGCTGATCTGCGATTACTAGCGACTCCGA
>contig-50_462 length_50 read_count_15
ATCGCTAGTAATCGCAGATCAGCAACGCTGCGGTGAATACGTTCACGGGA
>contig-50_463 length_50 read_count_1215
GCCGGTCTCAGTTCGGATTGGGGTCTGCAACTCGACCTCATGAAGTCGGA
>contig-50_464 length_50 read_count_1799
GCCATTGTAGCATGCGTGAAGCCCAAGACATAAGGGGCATGATGATTTGA
>contig-50_465 length_50 read_count_3437
GCGCTCGTTGCGGGACTTAACCCAACATCTCACGACACGAGCTGACGACC
>contig-50_466 length_50 read_count_1680
CCCCCCCCCCCCCCCCCCCCCCCCCCCCCCCCCCCCCCCCCCCCCCCCCC
>contig-50_467 length_50 read_count_676
CCCCGTGAACGTATTCACCGCAGCGTTGCTGATCTGCGATTACTAGCGAC
>contig-50_468 length_50 read_count_85
GCGAACGTATTCACCGCAGCGTTGCTGATCTGCGATTACTAGCGACTCCA
>contig-50_469 length_50 read_count_1648
ACAGAGGGTTGCGATACTGTGAGGTGGAGCTAATCCCTAAAAGCCGGTCT
>contig-50_470 length_50 read_count_1154
CGGAGTCGCTAGTAATCGCAGATCAGCAACGCTGCGGTGAATACGTTCGC
>contig-50_471 length_50 read_count_1466
TGACGTCAAATCATCATGCCCCTTATGACCTGGGCTACACACGTGCTACA
>contig-50_472 length_50 read_count_194
AAAAAAAAAAAAAAAAAAAAAAAAAAAAAAAAAAAAAAAAAAAAAAAAAA
>contig-50_473 length_50 read_count_1553
AGCTCCACCTCACAGTATCGCAACCCTCTGTACCGGCCATTGTAGCATGC
>contig-50_474 length_50 read_count_72
AGGCGGGCGACTACGACCAGACGGCCGTGTCCGGCACACCGCTGACGACC
>contig-50_475 length_50 read_count_901
TCCGAACTGAGACCGGCTTTTAGGGATTAGCTCCACCTCACAGTATCGCA
>contig-50_476 length_50 read_count_1832
AACTCGGAGGAAGGTGGGGATGACGTCAAATCATCATGCCCCTTATGTCT
>contig-50_477 length_50 read_count_1437
GGGTCAACTCGGAGGAAGGTGGGGATGACGTCAAGTCATCATGCCCCTTA
>contig-50_478 length_50 read_count_1658
ACAAGGGTTGCGCTCGTTGCGGGACTTAACCCAACATCTCACGACACGAG
>contig-50_479 length_50 read_count_2686
ATTCACCGCAGCGTTGCTGATCTGCGATTACTAGCGACTCCGACTTCATG
>contig-50_480 length_50 read_count_51
CGAACGTATTCACCGCAGCGTTGCTGATCTGCGATTACTAGCGACTCCAC
>contig-50_481 length_50 read_count_1290
CGACTCCGACTTCATGGGGTCGAGTTGCAGACCCCAATCCGAACTGAGAC
>contig-50_482 length_50 read_count_964
GAGTTGCAGACCCCAATCCGAACTGAGACCGGCTTTCCGAGATTCGCTCA
>contig-50_483 length_50 read_count_1513
GTTGGGCACTCTAGCGAGACTGCCGGTAATAAACCGGAGGAAGGTGGGGA
>contig-50_484 length_50 read_count_1047
GTCGCTAGTAATCGCAGATCAGCAACGCTGCGGTGAATACGTTCACGGGA
>contig-50_485 length_50 read_count_1532
ACCCTCTGTACCGGCCATTGTAGCATGCGTGAAGCCCAAGACATAAGGGG
>contig-50_486 length_50 read_count_88
AGGCGGGCGACTACGACCAGACGGCCGTGTCCGGCACACCGCTGACGACT
>contig-50_487 length_50 read_count_77
GTGGAGTCGCTAGTAATCGCAGATCAGCAACGCTGCGGTGAATACGTTCA
>contig-50_488 length_50 read_count_34
CCTCTCTATTCGTCGGCAGCGTCAGATGTGTATAAGAGACAGTGCATGGA
>contig-50_489 length_50 read_count_1592
CAACTCGGAGGAAGGTGGGGATGACGTCAAATCATCATGCCCCTTATGTC
>contig-50_490 length_50 read_count_1522
ACAGTATCGCAACCCTCTGTACCGGCCATTGTAGCATGCGTGAAGCCCAA
>contig-50_491 length_50 read_count_30
CCCATGCACTGTCTCTTATACACATCTGACGCTGCCGACGAATAGAGAGG
>contig-50_492 length_50 read_count_41
TGAACGTATTCACCGCAGCGTTGCTGATCTGCGATTACTAGCGACTCCAA
>contig-50_493 length_50 read_count_2670
AGTCGTCAGCTCGTGTCGTGAGATGTTGGGTTAAGTCCCGCAACGAGCGC
>contig-50_494 length_50 read_count_1685
ACCGGCCATTGTAGCATGCGTGAAGCCCAAGACATAAGGGGCATGATGAT
>contig-50_495 length_50 read_count_1273
GCCGGTCTCAGTTCGGATTGGGGTCTGCAACTCGACCCCATGAAGTCGGA
>contig-50_496 length_50 read_count_34
CGAACGTATTCACCGCAGCGTTGCTGATCTGCGATTACTAGCGACTCCAA
>contig-50_497 length_50 read_count_1251
AAAAGCCGGTCTCAGTTCGGATTGGGGTCTGCAACTCGACCCCATGAAGT
>contig-50_498 length_50 read_count_231
GACAAGGGTTGCGCTCGTTGCGGGACTTAACCCAACATCTCACGACACGA
>contig-50_499 length_50 read_count_1112
GCCATTGTAGCACGTGTGTAGCCCAGGTCATAAGGGGCATGATGATTTGA
>contig-50_500 length_50 read_count_1562
CACAGTATCGCAACCCTCTGTACCGGCCATTGTAGCATGCGTGAAGCCCA
>contig-50_501 length_50 read_count_1238
CTTCATGGGGTCGAGTTGCAGACCCCAATCCGAACTGAGACCGGCTTTTA
>contig-50_502 length_50 read_count_3
ATTGTAGGCTGCAACTCGCCTACATGAAGCTGGAATCGCTAGTAATCGCG
>contig-50_503 length_50 read_count_2236
AAGGGTTGCGCTCGTTGCGGGACTTAACCCAACATCTCACGACACGAGCT
>contig-50_504 length_50 read_count_1840
CAAGGGTTGCGCTCGTTGCGGGACTTAACCCAACATCTCACGACACGAGC
>contig-50_505 length_50 read_count_4538
AGGGTTGCGCTCGTTGCGGGACTTAACCCAACATCTCACGACACGAGCTG
>contig-50_506 length_50 read_count_1663
CGGCTTTTAGGGATTAGCTCCACCTCACAGTATCGCAACCCTCTGTACCG
>contig-50_507 length_50 read_count_439
AAATGATGGCAACTAACAATAGGGGTTGCGCTCGTTGCGGGACTTAACCC
