>contig-40_0 length_322 read_count_11
TGTGTACAAGTCCCGTGAACGTATTCACCGCGGCATTCTGATCCGCGATTACTAGCGATTCCGACTTCATGGAGTCGAGTTGCAGACTCCAATCCGGACTACGATCGGCTTTTTGAGATTAGCATCCTATCGCTAGGTAGCAACCCTTTGTACCGACCATTGTAGCACGTGTGTAGCCCTGGTCGTAAGGGCCATGATGACTTGACGTCGTCCCCGCCTTCCTCCAGTTTGTCACTGGCAGTATCCTTAAAGTTCCCGGCTTAACCCGCTGGCAAATAAGGAAAAGGGTTGCGCTCGTTGCGGGACTTAACCCAACATCTCA
>contig-40_1 length_296 read_count_0
GAGATGTTGGGTTAAGTCCCGCAACGAGCGCAACCCTCGCCTTTAGTTGCCAGCATTCAGTTGGGCACTCTAGAGGAACCGCCGGTGATAAGCCGGAGGAAGGTGGGGATGACGTCAAGTCCTCATGGCCCTTACGGGATGGGCTACACACGTGCTACAATGGTGGTGACAGAGGGTAATCCCTAAAAGCCATCTCAGTTCGGATTGGGGTCTGCAACTCGACCCAATGAAGTTGGAATCGCTAGTAATCGCGTAACAGCATGACGCGGTGAATACGTTCGCGGGGCTTGTACACA
>contig-40_2 length_206 read_count_0
TTTTTTTTTTTTTCAAGCAGAAGACGGCATACGAGATTCGCCTTAGTCTCGTGGGCTCGGAGATGTGTATAAGAGACAGTGTGTACAAGTCCCGTGAACGGCACGACGAAGACCTTCACGATGGATTCGAGCTTCGACGGCGAAAGCTTCTACTTCAAGGCGGGCGACTACGACCAGACGGCCGTGTCCGGCACACCGCTGACGAC
>contig-40_3 length_132 read_count_0
AAGGGGCATGATGATTTGACGTCATCCCCACCTTCCTCCAGTTTATCACTGGCAGTCTATCTAGAGTCCCCATCTTACTGCTGGCAACTAGATATAAGGGTTGCGCTCGTTGCGGGACTTAACCCAACATCT
>contig-40_4 length_114 read_count_0
ACTCGTTGTACCAGCCATTGTAGCACGTGTGTAGCCCAGATCATAAGGGGCATGATGATTTGACGTCATCCCCATCTTCCTCCGGTTTATTACCGGCAGTCTCGCTAGAGTGCC
>contig-40_5 length_113 read_count_0
GAGATGTTGGGTTAAGTCCCGCAACGAGCGCAACCCTTGCCCTATGTTGCCAGCACGTTATGGTGGGGACTCGTGGGGGACTGCCGGGGTTAACTCGGAGGAAGGTGGGGATG
>contig-40_6 length_108 read_count_0
CTTGCGACTCGTTGTACCAGCCATTGTAGCACGTGTGTAACCCAGGGCATAAGGGGCATGATGATTTGGCGTCATCCCCACCTTCCTCCGGTTTATTACCGGCAGTCT
>contig-40_7 length_101 read_count_0
GCAGCCTACAATCCGAACTGAGATTGGCTTTAAGAGATTCGCTTGCCGTCACCGACTCGCATCTCGTTGTACCAACCATTGTAGCACGTGTGTAGCCCAGG
>contig-40_8 length_100 read_count_0
AGATGTTGGGTTAAGTCCCGCAACGAGCGCAACCCTCGTCCACTGTTGCCAGCAATTCGGTTGGGGACTCAGTGGAGACCGCCGGGGTCAACTCGGAGGA
>contig-40_9 length_99 read_count_0
GAACTGAGACCGGCTTTAAGGGATTCGCTCCACCTCACGATTTCGCAACCCTCTGTACCAGCCATTGTAGCATGCGTGAAGCCCAAGACATAAGGGGCA
>contig-40_10 length_98 read_count_0
ACGTCATCCCCACCTTCCTCCGAGTTAACCCCGGCAGTCTCCTATGAGTCCCCACCATCACGTGCTGGCAACATAGAACGAGGGTTGCGCTCGTTGCG
>contig-40_11 length_97 read_count_0
CCGGTTTATTACCGGCAGTCTCGCTAGAGTGCCCAACTGCATGATGGCAACAAACAACAGGGGTTGCGCTCGTTGCGGGACTTAACCCAACATCTCA
>contig-40_12 length_89 read_count_0
CTCGTTGTCCCAGCCATTGTAGCGCGTGTGTCGCCCGGGTCATAAGGGGCATGATGATCTGACGTCGTCCCCCCCTCCCCCCGGTTTGT
>contig-40_13 length_88 read_count_0
AGCGATTCCGACTTCATGTAGGCGAGTTGCAGCCTACAAACCGAACTGGGATTGGCTTTAAGAGATTAGCTTGCCGTCACCGACTCGC
>contig-40_14 length_87 read_count_0
CCTGGGCTTCACGCATGCTACAATGGCCGGTACAGAGGGCTGCGATACCGTGAGGTGGAGCGAATCCCTTAAAGCCGGTCTCAGTTC
>contig-40_15 length_87 read_count_0
CCCGACTTCATGGGGTCGAGTTGCAGATCCCAATCCGAACTGAGACCGGCTTTTGGGGATTAGCTCCCCCTCACAGTATCGCAACCC
>contig-40_16 length_85 read_count_0
CGACTCGTTGTACCAGCCATTGTAGCACGTGTGGCGCCCAGGTCATAAGGGGCATGCTGACTTGACGTCATCCCCACCCTCCTCC
>contig-40_17 length_85 read_count_0
ATCATTCAGTTGGGCACTCTAGCGAGACTGCCGGTAATACACCGGGGGAGGGTGGGGATGACGTCAAATCATCATGCCCCTTATG
>contig-40_18 length_80 read_count_0
TCACCGCAGCGTTGCTGATCTGCGATTACTAGCGACTCCACCTTCATGGGGTCGAGTTGCAGACCCCAATCCGAACTGAG
>contig-40_19 length_79 read_count_0
ATCGCAACCCTCTGTACCGGCCATTGTAGCATGCGTGAACCCCAAGACATAAGGGGCATGATGATTTGACGTCATCCCC
>contig-40_20 length_79 read_count_0
CAATCCGAACTGAGACCGGCTTTCCGAGATTCGCTCACCATCACAGGCTCGCCACTCTCTGTACCAGCCATTGTAGCAT
>contig-40_21 length_79 read_count_0
AGGCTGCAACTCGCCTACATGAAGTCGGAATCGCTAGTATTCGCGGATCAGCACGCCGCGGTGAATACGTTCACGGGAC
>contig-40_22 length_79 read_count_0
GCAAGCCGGTGACGGCAAGCTAATCTCTTAAAGCCAGTCGCAGTTCGGATTGTAGGCTGCAACTCGCCTACATGAAGTC
>contig-40_23 length_79 read_count_0
AATGATGGCAACTAACAATAGGGGTTGCGCTCGTTGCGGTACTTAACCCAACATCTCACGACACGAGCTGACGACCCCC
>contig-40_24 length_79 read_count_0
GGTAATAAACCGGAGGAAGGTGGGGATGACGTCAAATCACCATGCCCCTTATGACCTGGGCTACACACGTGCTACAATG
>contig-40_25 length_79 read_count_0
GATTGGCTTTAAGAGATTAGCTTGCCGTCACCGACTCGCCACTCGTTGTACCAGCCATTGTAGCACGTGTGTAGCCCAG
>contig-40_26 length_79 read_count_0
AGCTCCACCTCACAGTATCGCAACCCTCTGTACCGGCCAGTGTAGCATGCGTGAAGCCCAAGACATAAGGGGCATGATG
>contig-40_27 length_79 read_count_0
GACGTCAAGTCATCATGCCCCTTATGTCCAGGGCTTCACACATGCTACAATGGCTGGTACAGAGGGTGGCGAGCCTGTG
>contig-40_28 length_79 read_count_0
CACCGACTCGCAACTCGTTGTACCAACCATTGTAGCACGGGTGTAGCCCAGGCCATAAGGGGCATGATGATTTGACGTC
>contig-40_29 length_79 read_count_0
CCAATCCGAACTGAGACCGGCTTTTAGGGATTAGCTCCAACTCACAGTATCGCAACCCTCTGTACCGGCCATTGTAGCA
>contig-40_30 length_79 read_count_0
CTCGCCACTCTCTGTACCAGCCATTGTAGCATGCGTGAACCCCTGGACATAAGGGGCATGATGACTTGACGTCATCCCC
>contig-40_31 length_79 read_count_0
ATCCGAACTGAGACCGGCTTTTAGGGATTAGCTCCACCTTACAGTATCGCAACCCTCTGTACCGGCCATTGTAGCATGC
>contig-40_32 length_79 read_count_0
GGGGGACTGCCGGGGTTAACTCGGAGGAAGGTGGGGATGCCGGCAAATCATCATGCCCCTTATGTCTTGGGCTTCACGC
>contig-40_33 length_79 read_count_0
CCCGCGAACGTATTCACCGCGGCGTGCTGATCCGCGATTCCTAGCGATTCCGACTTCATGTAGGCGAGTTGCAGCCTAC
>contig-40_34 length_79 read_count_0
GCGACTCGTTGTACCAGCCATTGTAGCACGTGTGTAGCCAAGGTCATAAGGGGCATGATGATTTGACGTCATCCCCACC
>contig-40_35 length_79 read_count_0
CTCACAGTATCGCAACCCTCTGTACCGGCCATTGTAGCACGCGTGAAGCCCAAGACATAAGGGGCATGATGATTTGACG
>contig-40_36 length_79 read_count_0
TAGCGACTCCGACTTCATGGGGTCGAGTTGCAGACCCCACTCCGAACTGAGACCGGCTTTTAGGGATTAGCTCCACCTC
>contig-40_37 length_79 read_count_0
GATTACTAGCGACTCCGACTTCATGGGGTCGAGTTGCAGCCCCCAATCCGAACTGAGACCGGCTTTCCGAGATTCGCTC
>contig-40_38 length_79 read_count_0
GAGACCGGCTTTCCGAGATTCGCTCACCCTCACAGGCTCCCCACTCTCTGTACCAGCCATTGTAGCATGCGTGAAGCCC
>contig-40_39 length_79 read_count_0
AGCCCAAGACATAAGGGGCATGATGATTTGACGTCATCCTCACCTTCCTCCGAGTTGACCCCGGCAGTCTCCTATGAGT
>contig-40_40 length_79 read_count_0
GGGGATGACGTCAAGTCATCATGCCCCTTATGTCCAGGGTTTCACGCATGCTACAATGGCTGGTACAGAGAGTGGCGAG
>contig-40_41 length_79 read_count_0
AGCTCCACCTCACAGTATCGCAACCCTCTGTACCGGCCAATGTAGCATGCGTGAAGCCCTGGACATAAGGGGCATGATG
>contig-40_42 length_79 read_count_0
CAGGCTCGCCACTCTCTGTACCAGCCATTGTAGCATGCGAGAAGCCCTGGACATAAGGGGCATGATGACTTGACGTCAT
>contig-40_43 length_79 read_count_0
ATTAGCTTGCCGTCACCGGCTTGCGACTCGTTGTACCAGACATTGTAGCACGTGTGTAGCCCAGGTCATAAGGGGCATG
>contig-40_44 length_79 read_count_0
CTACAATGGCTGGTACAGAGAGTGGCGAGCCTGTGAGGGGGAGCGAATCTCGGAAAGCCGGTCTCAGTTCGGATTGGGG
>contig-40_45 length_79 read_count_0
TTGGGCACTCTAGCGAGACTGCCGGTAATAAACCGGAGGGAGGTGGGGATGACGTCAAATCATCATGCCCCTTATGTCT
>contig-40_46 length_79 read_count_0
GCCGGTAATAAACCGGAGGAAGGTGGGGATGACGTCAAAACATCATGCCCCTTATGACCTGGGCTACACACGTGCTACA
>contig-40_47 length_79 read_count_0
CTAGCGATTCCGACTTCATGTAGGCGAGTTGCAGCCTACCATCCGAACTGAGACTGGCTTTAAGAGATTAGCTTGCCGT
>contig-40_48 length_79 read_count_0
CGAGATTCGCTCACCCTCACAGGCTCGCCACTCTCTGTAACAGCCATTGTAGCATGCGTGAAGCCCTGGACATAAGGGG
>contig-40_49 length_79 read_count_0
AATGATGGCAACTAACAATAGGGGTTGCGCTCGTTGCGGAACTTAACCCAACATCTCACGACACGAGCTGACGACTTCC
>contig-40_50 length_79 read_count_0
GGGGATGACGTCAAATCATCATGCCCCTTATGTCTTGGGATTCACGCATGCTACAATGGCCGGTACAGAGGGTTGCGAT
>contig-40_51 length_79 read_count_0
ACCTCACAGTATCGCAACCCTCTGTACCGGCCATTGTAGAATGCGTGAAGCCCAAGACATAAGGGGCATGATGATTTGA
>contig-40_52 length_79 read_count_0
CTTCATGGGGTCGAGTTGCAGACCCCAATCCGAACTGAGGCCGGCTTTTAGGGATTAGCTCCACCTCACAGTATCGCAA
>contig-40_53 length_79 read_count_0
ATGACCTGGGCTACACACGTGCTACAATGGCTGGTACAAAGAGTCGCAAGCCGGTGACGGCAAGCTAATCTCTTAAAGC
>contig-40_54 length_79 read_count_0
CCAGGGCTTCACGCATGCTACAATGGCTGGTACAGAGAGAGGCGAGCCTGTGAGGGTGAGCGAATCTCGGAAAGCCGGT
>contig-40_55 length_79 read_count_0
GATTGGGGTCTGCAACTCGACCCCATGAAGTCGGAGTCGATAGTAATCGCAGATCAGCAACGCTGCGGTGAATACGTTC
>contig-40_56 length_79 read_count_0
GACCTGGGCTACACACGTGCTACAATGGCTGGTACAACGGGTCGCAAGCCGGTGACGGCAAGCTAATCTCTTAAAGCCA
>contig-40_57 length_79 read_count_0
GGGGGTCGTCAGCTCGTGTCGTGAGATGTTGGGTTAAGTGCCGCAACGAGCGCAACCCCTATTGTTAGTTGCCATCATT
>contig-40_58 length_79 read_count_0
GGAGGGTGGGGATGACGTCAAATCATCATGCCCCTTATGCCCTGGGCTACACACGTGCTACAATGGCTGGTACAACGAG
>contig-40_59 length_79 read_count_0
CGGTACAGTGAGTTGCGACATCGTAAGGTGGAGCGAATCTCAAAAAGCCGGTCTCAGTTCGGATTGGGGTCTGCAACTC
>contig-40_60 length_79 read_count_0
TTCACGCATGCTACAATGGCCGGTACAGAGGGTTGCGATGCTGTGAGGTGGAGCTAATCCCTAAAAGCCGGTCTCAGTT
>contig-40_61 length_79 read_count_0
CCAGTCTCAGTTCGGATTGTAGGCTGCAACTCGCCTACAAGAAGTCGGAATCGCTAGTAATCGCGGATCAGCACGCCGC
>contig-40_62 length_79 read_count_0
GCCGGGGTCAACTCGGAGGAAGGTGGGGATGACGTCAAAGCATCATGCCCCTTATGTCTTGGGCTTCACGCATGCTACA
>contig-40_63 length_79 read_count_0
ACCGCCGGGGTCAACTCGGAGGAAGGTGGGGATGACGTCCAGTCATCATGCCCCTTATGTCCAGGGCTTCACGCATGCT
>contig-40_64 length_79 read_count_0
TACAACGAGTCGCAAGCCGGTGACGGCAAGCTAATCTCTGAAAGCCAGTCTCAGTTCGGATTGTAGGCTGCAACTCGCC
>contig-40_65 length_79 read_count_0
TGCGATACTGTGAGGTGGAGCTAATCCCTAAAAGCCGGTATCAGTTCGGATTGGGGTCTGCAACTCGACCCCATGAAGT
>contig-40_66 length_79 read_count_0
GGTGAGCGAATCTCGGAAAGCCGGTCTCAGTTCGGATTGTGGTCTGCAACTCGACCTCATGAAGTCGGAGTCGCTAGTA
>contig-40_67 length_79 read_count_0
TACTAGCGATTCCGACTTCATGTAGGCGAGTTGCAGCCTCCAATCCGAACTGAGACTGGCTTTAAGAGATTAGCTTGCC
>contig-40_68 length_79 read_count_0
GTGAAGCCCTGGACATAAGGGGCATGATGACTTGACGTCGTCCCCACCTTCCTCCGAGTTGACCCCGGCGGTCTCCACT
>contig-40_69 length_79 read_count_0
CCGAACTGAGACCGGCTTTCCGAGATTCGCTCACCCTCAAAGGCTCGCCACTCTCTGTACCAGCCATTGTAGCATGCGT
>contig-40_70 length_79 read_count_0
ACAATGGCCGGTACAGAGGGTTGCGATACTGTGAGGTGGGGCTAATCCCTAAAAGCCGGTCTCAGTTCGGATTGGGGTC
>contig-40_71 length_79 read_count_0
CATCATGCCCCTTATGACCTGGGCTACACACGTGCTACACTGGCTGGTACAACGAGTCGCGAGTCGGTGACGGCAAGCT
>contig-40_72 length_79 read_count_0
CCTGGGCTACACACGTGCTACAATGGCTGGTACAACGAGACGCAAGCCGGTGACGGCAAGCTAATCTCTTAAAGCCAGT
>contig-40_73 length_79 read_count_0
ATCGCAACCCTCTGTACCGGCCATTGTAGCATGCGTGAAACCCAAGACATAAGGGGCATGATGATTTGACGTCATCCCC
>contig-40_74 length_79 read_count_0
ATGGTGGGGACTCAGTGGAGACCGCCGGGGTCAACTCGGGGGAAGGTGGGGATGACGTCAAGTCATCATGCCCCTTATG
>contig-40_75 length_79 read_count_0
ATGTCCAGGGCTTCACGCATGCTACAATGGCTGGTACAGTGAGTGGCGAGCCTGTGAGGGTGAGCGAATCTCGGAAAGC
>contig-40_76 length_79 read_count_0
CCCAAGACATAAGGGGCATGATGATTTGACGTCATCCCCTCCTTCCTCCGGTTTATTACCGGCAGTCTCGCTAGAGTGC
>contig-40_77 length_79 read_count_0
GCTTTTAGGGATTAGCTCCACCTCACAGTATCGCAACCCCCTGTACCGGCCATTGTAGCATGCGTGAAGCCCAAGACAT
>contig-40_78 length_79 read_count_0
ATCATGCCCCTTATGACCTGGGCTACACACGTGCTACAAGGGCTGGTACAACGAGTCGCGAGTCGGTGACGGCAAGCTA
>contig-40_79 length_79 read_count_0
GATGTTGGGTTAAGTCCCGCAACGAGCGCAACCCTCGTTTTATGTTGCCAGCACGTTATGGTGGGGACTCATAGGAGAC
>contig-40_80 length_79 read_count_0
GCTTCACGCATGCTACAATGGCTGGTACAGAGAGTGGCGGGCCTGTGAGGGTGAGCGAATCTCGGAAAGCCGGTCTCAG
>contig-40_81 length_79 read_count_0
GAGTTGCAGACCCCAATCCGAACTGAGACCGGCTTTCCGCGATTCGCTCACCCTCACAGGCTCGCCACTCTCTGTACCA
>contig-40_82 length_79 read_count_0
CCATTGTAGCCTGCGTGAAGCCCTGGACATAAGGGGCATAATGACTTGACGTCATCCCCACCTTCCTCCGAGTTGACCC
>contig-40_83 length_79 read_count_0
TGTAGGCGAGTTGCAGCCTACAATCCGAACTGAGACTGGTTTTAAGAGATTAGCTTGCCGTCACCGGCTTGCGACTCGT
>contig-40_84 length_79 read_count_0
CCCCCCCCCCCCCCCCCCCCCCCCCCCCCCCCCCCCCCCGCCCCCCCCCCCCCCCCCCCCCCCCCCCCCCCCCCCCCCC
>contig-40_85 length_79 read_count_0
GCTAATCTCTTAAAGCCAGTCTCAGTTCGGATTGTAGGCGGCAACTCGCCTACATGAAGTCGGAATCGCTAGTAATCGC
>contig-40_86 length_79 read_count_0
GGGGGGGGGGGGGGGGGGGGGGGGGGGGGGGGGGGGGGGAGGGGGGGGGGGGGGGGGGGGGGGGGGGGGGGGGGGGGGG
>contig-40_87 length_79 read_count_0
GGGCATGATGATTTGACGTCATCCCCACCTTCCTCCGAGCTGACCCCGGCAGTCTCCTATGAGTCCCCACCATAACGTG
>contig-40_88 length_79 read_count_0
ATGTCTTGGGCTTCACGCATGCTACAATGGCCGGTACAGCGGGTTGCGATACTGTGAGGTGGAGCTAATCCCTAAAAGC
>contig-40_89 length_79 read_count_0
ATGCCCCTTATGTCCAGGGCTTCACGCAGGCTACAATGGACGGTACAGTGAGTTGCGACATCGTAAGGTGGAGCGAATC
>contig-40_90 length_79 read_count_0
GCCATTGTAGCATGCGTGAAGCCCAAGACATAAGGGGCAGGATGATTTGACGTCATCCCCACCTTCCTCCGAGTTGACC
>contig-40_91 length_79 read_count_0
ACGAGTTGCGAGTCGGTGACGGCAAGCTAATCTCTTAAACCCAATCTCAGTTCGGATTGTAGGCTGCAACTCGCCTACA
>contig-40_92 length_79 read_count_0
CAGTTCGGATTGTAGGCTGCAACTCGCCTACATGAAGTCTGAATCGCTAGTAATCGCGGATCAGCACGCCGCGGTGAAT
>contig-40_93 length_79 read_count_0
TCTTGGGCTTCACGCATGCTACAATGGCCGGTACAGAGGTTTGCGATACTGTGAGGTGGAGCTAATCCCTAAAAGCCGG
>contig-40_94 length_79 read_count_0
CTGGGCTACACACGTGCTACAATGGCTGGTACAACGAGTAGCAAGCCGGTGACGGCAAGCTAATCTCTTAAAGCCAGTC
>contig-40_95 length_79 read_count_0
ACAGAGGGTTGCGATACTGTGAGGTGGAGCTAATCCCTACAAGCCGGTCTCAGTTCGGATTGGGGTCTGCAACTCGACC
>contig-40_96 length_79 read_count_0
AAAGCCGGTCTCAGTTCGGATTGGGGTCTGCAACTCGACTCCATGAAGTCGGAGTCGCTAGTAATCGCAGATCAGCAAC
>contig-40_97 length_79 read_count_0
ACAATGGCTGGTACAACGAGTCGCAAGCCGGTGACGGCAGGCTAATCTCTTAAAGCCAGTCTCAGTTCGGATTGTAGGC
>contig-40_98 length_79 read_count_0
GTACCGGCCATTGTAGCATGCGTGAAGCCCAAGACATAATGGGCATGATGATTTGACGTCATCCCCACCTTCCTCCGAG
>contig-40_99 length_79 read_count_0
GGAGACTGCCGGGGTCAACTCGGAGGAAGGTGGGGATGAAGTCAAATCATCATGCCCCTTATGTCTTGGGCTTCACGCA
>contig-40_100 length_79 read_count_0
GACTGCCGGGGTTAACTCGGAGGAAGGTGGGGATGACGTAAAATCATCATGCCCCTTATGTCTTGGGCTTCACGCATGC
>contig-40_101 length_79 read_count_0
AAAGCCGGTCTCAGTTCGGATTGGGGTCTGCAACTCGACGCCATGAAGTCGGAGTCGCTAGTAATCGCAGATCAGCAAC
>contig-40_102 length_79 read_count_0
AGTCATCATGCCCCTTATGTCCAGGGCTTCACGCATGCTTCAATGGCTGGTACAGAGAGTGGCGAGCCTGTGAGGGTGA
>contig-40_103 length_79 read_count_0
TTCACGCATGCTACAATGGCTGGTACAGAGAGTGGCGAGGCTGTGAGGGTGAGCGAATCTCGGAAAGCCGGTCTCAGTT
>contig-40_104 length_79 read_count_0
CCCCCCCCCCCCCCCCCCCCCCCCCCCCCCCCCCCCCCCACCCCCCCCCCCCCCCCCCCCCCCCCCCCCCCCCCCCCCC
>contig-40_105 length_79 read_count_0
CTCCACCTCACAGTATCGCAACCCTCTGTACCGGCCATTTTAGCATGCGTGAAGCCCAAGACATAAGGGGCATGATGAT
>contig-40_106 length_79 read_count_0
ATGCCCCTTATGTCCAGGGCTTCACGCATGCTACAATGGGTGGTACAGAGAGTGGCGAGCCTGTGAGGGTGAGCGAATC
>contig-40_107 length_79 read_count_0
CACCTCACAGTATCGCAACCCTCTGTACCGGCCATTGTATCATGCGTGAAGCCCAAGACATAAGGGGCATGATGATTTG
>contig-40_108 length_79 read_count_0
CTTATGACCTGGGCTACACACGTGCTACAATGGCTGGTAAAACGAGTCGCAAGCCGGTGACGGCAAGCTAATCTCTTAA
>contig-40_109 length_79 read_count_0
GACGTCAAATCATCATGCCCCTTATGACCTGGGCTACACGCGTGCTACAATGGCTGGTACAACGAGTCGCAAGCCGGTG
>contig-40_110 length_79 read_count_0
GAACTGAGACCGGCTTTCCGAGATTCGCTCACCCTCACACGCTCGCCACTCTCTGTACCAGCCATTGTAGCATGCGTGA
>contig-40_111 length_79 read_count_0
CAGACCCCAATCCGAACTGAGACCGGCTTTTAGGGATTATCTCCACCTCACAGTATCGCAACCCTCTGTACCGGCCATT
>contig-40_112 length_79 read_count_0
CGTTATGGTGGGGACTCAGTGGAGACCGCCGGGGTCAACGCGGAGGAAGGTGGGGATGACGTCAAGTCATCATGCCCCT
>contig-40_113 length_79 read_count_0
GTCTTGGGCTTCACGCATGCTACAATGGCCGGTACAGAGCGTTGCGATACTGTGAGGTGGAGCTAATCCCTAAAAGCCG
>contig-40_114 length_79 read_count_0
GGAGGAAGGTGGGGATGACGTCAAATCATCATGCCCCTTTTGACCTGGGCTACACACGTGCTACAATGGCTGGTACAAC
>contig-40_115 length_79 read_count_0
CCCCAATCCGAACTGAGACCGGCTTTTAGGGATTAGCTCAACCTCACAGTATCGCAACCCTCTGTACCGGCCATTGTAG
>contig-40_116 length_79 read_count_0
AGGTGGGGATGACGTCAAGTCATCATGCCCCTTATGTCCGGGGCTTCACGCATGCTACAATGGCTGGTACAGAGAGTGG
>contig-40_117 length_79 read_count_0
AGACCGGCTTTTAGGGATTAGCTCCACCTCACAGTATCGAAACCCTCTGTACCGGCCATTGTAGCATGCGTGAAGCCCA
>contig-40_118 length_79 read_count_0
TGACCCCGGCAGTCTCCTATGAGTCCCCACCATAACGTGATGGCAACATAGAACGAGGGTTGCGCTCGTTGCGGGACTT
>contig-40_119 length_79 read_count_0
TTCCGACTTCATGTAGGCGAGTTGCAGCCTACAATCCGAGCTGAGATTGGCTTTAAGAGATTAGCTTGCCGTCACCGAC
>contig-40_120 length_79 read_count_0
GATGACGTCAAGTCATCATGCCCCTTATGTCCAGGGCTTAACGCATGCTACAATGGCTGGTACAGAGAGTGGCGAGCCT
>contig-40_121 length_79 read_count_0
CTCTCTGTACCAGCCATTGTAGCATGCGTGAAGCCCTGGGCATAAGGGGCATGATGACTTGACGTCATCCCCACCTTCC
>contig-40_122 length_79 read_count_0
GAGGAAGGTGGGGATGACGTCAAATCATCATGCCCCTTACGACCTGGGCTACACACGTGCTACAATGGCTGGTACAACG
>contig-40_123 length_79 read_count_0
ACTGGCTTTAAGAGATTAGCTTGCCGTCACCGGCTTGCGGCTCGTTGTACCAGCCATTGTAGCACGTGTGTAGCCCAGG
>contig-40_124 length_79 read_count_0
GGATGACGTCAAATCATCATGCCCCTTATGTCTTGGGCTGCACGCATGCTACAATGGCCGGTACAGAGGGTTGCGATAC
>contig-40_125 length_79 read_count_0
AACCGGAGGAAGGTGGGGATGACGTCAAATCATCATGCCACTTATGACCTGGGCTACACACGTGCTACAATGGCTGGTA
>contig-40_126 length_79 read_count_0
ATGGTGGGGACTCATAGGAGACTGCCGGGGTCAACTCGGTGGAAGGTGGGGATGACGTCAAATCATCATGCCCCTTATG
>contig-40_127 length_79 read_count_0
CCTCCGGTTTATTACCGGCAGTCTCGCTAGAGTGCCCAATTAAATGATGGCAACTAACAATAGGGGTTGCGCTCGTTGC
>contig-40_128 length_79 read_count_0
TCCGAACTGAGACCGGCTTTTAGGGATTAGCTCCACCTCCCAGTATCGCAACCCTCTGTACCGGCCATTGTAGCATGCG
>contig-40_129 length_79 read_count_0
GTGTAGCCCAGGCCATAAGGGGCATGATGATTTGACGTCCTCCCCACCTTCCTCCGGTTTATTACCGGCAGTCTCGCTA
>contig-40_130 length_79 read_count_0
CAGTATCGCAACCCTCTGTACCGGCCATTGTAGCATGCGGGAAGCCCAAGACATAAGGGGCATGATGATTTGACGTCAT
>contig-40_131 length_79 read_count_0
GTTGCAGACCCCAATCCGAACTGAGACCGGCTTTTAGGGCTTAGCTCCACCTCACAGTATCGCAACCCTCTGTACCGGC
>contig-40_132 length_79 read_count_0
TGACGTCAAATCATCATGCCCCTTATGTCTTGGGCTTCAAGCATGCTACAATGGCCGGTACAGAGGGTTGCGATACTGT
>contig-40_133 length_79 read_count_0
TTTGACGTCATCCCCACCTTCCTCCGAGTTGACCCCGGCCGTCTCCTATGAGTCCCCACCATAACGTGCTGGCAACATA
>contig-40_134 length_79 read_count_0
CCACCTCACAGTATCGCAACCCTCTGTACCGGCCATTGTGGCATGCGTGAAGCCCAAGACATAAGGGGCATGATGATTT
>contig-40_135 length_79 read_count_0
CCCAATCCGAACTGAGACCGGCTTTTAGGGATTAGCTCCCCCTCACAGTATCGCAACCCTCTGTACCGGCCATTGTAGC
>contig-40_136 length_79 read_count_0
AACCCTCTGTACCGGCCATTGTAGCATGCGTGAAGCCCACGACATAAGGGGCATGATGATTTGACGTCATCCCCACCTT
>contig-40_137 length_79 read_count_0
TTCACGCATGCTACAATGGCTGGTACAGAGAGTGGCGAGACTGTGAGGGTGAGCGAATCTCGGAAAGCCGGTCTCAGTT
>contig-40_138 length_79 read_count_0
TTAGCTCCACCTCACAGTATCGCAACCCTCTGTACCGGCTATTGTAGCATGCGTGAAGCCCAAGACATAAGGGGCATGA
>contig-40_139 length_79 read_count_0
GCCATTGTAGCACGTGTGTAGCCCAGGTCATAAGGGGCAAGATGATTTGACGTCATCCCCACCTTCCTCCGGTTTATTA
>contig-40_140 length_79 read_count_0
ACCGGCTTTTAGGGATTAGCTCCACCTCACAGTATCGCATCCCTCTGTACCGGCCATTGTAGCATGCGTGAAGCCCAAG
>contig-40_141 length_79 read_count_0
AATCCGAACTGAGACTGGCTTTAAGAGATTAGCTTGCCGGCACCGGCTTGCGACTCGTTGTACCAGCCATTGTAGCACG
>contig-40_142 length_79 read_count_0
GGGCTACACACGTGCTACAATGGCTGGTACAACGAGTCGAAAGCCGGTGACGGCAAGCTAATCTCTTAAAGCCAGTCTC
>contig-40_143 length_79 read_count_0
AGATTAGCTTGCCGTCACCGGCTTGCGACTCGTTGTACCCGCCATTGTAGCACGTGTGTAGCCCAGGTCATAAGGGGCA
>contig-40_144 length_79 read_count_0
GGGGATGACGTCAAGTCATCATGCCCCTTATGTCCAGGGATTCACGCATGCTACAATGGCTGGTACAGAGAGTGGCGAG
>contig-40_145 length_79 read_count_0
CGGAGGAAGGTGGGGATGACGTCAAGTCATCATGCCCCTGATGTCCAGGGCTTCACGCATGCTACAATGGCTGGTACAG
>contig-40_146 length_79 read_count_0
ACGTATTCACCGCGGCGTGCTGATCCGCGATTACTAGCGCTTCCGACTTCATGTAGGCGAGTTGCAGCCTACAATCCGA
>contig-40_147 length_79 read_count_0
CCTCACAGTATCGCAACCCTCTGTACCGGCCATTGTAGCCTGCGTGAAGCCCAAGACATAAGGGGCATGATGATTTGAC
>contig-40_148 length_79 read_count_0
TGTAGCATGCGTGAAGCCCTGGACATAAGGGGCATGATGGCTTGACGTCATCCCCCCCTTCCTCCGAGTTGACCCCGGC
>contig-40_149 length_79 read_count_0
CATAAGGGGCATGATGATTTGACGTCATCCCCACCTTCCGCCGAGTTGACCCCGGCAGTCTCCTATGAGTCCCCACCAT
>contig-40_150 length_79 read_count_0
TTGCAGCCTACAATCCGAACTGAGACTGGCTTTAAGAGAGTAGCTTGCCGTCACCGACTCGCGACTCGTTGTACCAGCC
>contig-40_151 length_79 read_count_0
GGGATGACGTCAAGTCATCATGCCCCTTATGTCCAGGGCCTCACGCATGCTACAATGGCTGGTACAGAGAGTGGCGAGC
>contig-40_152 length_79 read_count_0
CAACCCTCTGTACCGGCCATTGTAGCATGCGTGAAGCCCGAGACATAAGGGGCATGATGATTTGACGTCATCCCCCCCT
>contig-40_153 length_79 read_count_0
TTATGTCTTGGGCTTCACGCATGCTACAATGGCCGGTACCGAGGGTTGCGATACTGTGAGGTGGAGCTAATCCCTAAAA
>contig-40_154 length_79 read_count_0
CGGAGGAAGGTGGGGATGACGTCAAATCATCATGCCCCTAATGTCTTGGGCTTCACGCATGCTACAATGGCCGGTACAG
>contig-40_155 length_79 read_count_0
GGGATTAGCTCCACCTCACAGTATCGCAACCCTCTGTACTGGCCATTGTAGCATGCGTGAAGCCCAAGACATAAGGGGC
>contig-40_156 length_79 read_count_0
CCGGCTTTCCGAGATTCGCTCACCCTCACAGGCTCGCCAATCTCTGTACCAGCCATTGTAGCATGCGTGAAGCCCTGGA
>contig-40_157 length_79 read_count_0
GGTCGAGTTGCAGACCCCAATCCGAACTGAGACCGGCTTATAGGGATTAGCTCCACCTCACAGTATCGCAACCCTCTGT
>contig-40_158 length_79 read_count_0
CCAATCTCAGTTCGGATTGTAGGCTGCAACTCGCCTACAGGAAGTCGGAATCGCTAGTAATCGCGGATCAGCACGCCGC
>contig-40_159 length_79 read_count_0
CAGCCATTGTAGCATGCGTGAAGCCCTGGACATAAGGGGAATGATGACTTGACGTCATCCCCACCTTCCTCCGAGTTGA
>contig-40_160 length_78 read_count_0
GTCGTCAGCTCGTGTCGTGAGATGTTGGGTTAAGTCCCACAACGAGCGCAACCCTCGTTCTATGTTGCCAGCACGTTA
>contig-40_161 length_78 read_count_0
GTCGTCAGCTCGTGTCGTGAGATGTTGGGTTAAGTCCCTCAACGAGCGCAACCCTTGTTCACTGTTGCCAGCACGTTA
>contig-40_162 length_78 read_count_0
GATTCGCTCCACCTTACGATGTCGCAACTCACTGTACCGGCCATTGTAGCATGCGTGAAGCCCTGGACATAAGGGGCA
>contig-40_163 length_77 read_count_0
GTACAGAGGGTTGCGATACTGTGAGGTGGAGCTAATCCCAAAAAGCCGGTCTCAGTTCGGATTGGGGTCTGCAACTC
>contig-40_164 length_77 read_count_0
GCAACGAGCGCAACCCCTATTGTTAGTTGCCATCATTTAGTTGGGCACTCTAGCGAGACTGCCGGTAATAAACCGGA
>contig-40_165 length_77 read_count_0
CTCTGTACCAGCCATTGTAGCATGCGTGAAGCCCTGGCCCTAAGGGGCATGATGACTTGACGTCATCCCCACCTTCC
>contig-40_166 length_77 read_count_0
GGAAGGTGGGGATGACGTCAAATCATCATGCCCCTTAGGTCTTGGGCTTCACGCATGCTACAATGGCCGGTACAGAG
>contig-40_167 length_77 read_count_0
AAGGTGGGGATGACGTCAAATCATCATGCCCCTTATGCCCGGGGCTACACACGTGCTACAATGGCTGGTACAACGAG
>contig-40_168 length_77 read_count_0
CCCTCTGTACCGGCCATTGTAGCATGCGTGAAGCCCAAGTCATAAGGGGCATGATGATTTGACGTCATCCCCACCTT
>contig-40_169 length_77 read_count_0
CCCTCTGTACCGGCCATTGTAGCATGCGTGAAGCCCAAGGCATAAGGGGCATGATGATTTGACGTCATCCCCACCTT
>contig-40_170 length_77 read_count_0
GGAAGGTGGGGATGACGTCAAATCATCATGCCCCTTAGGACCTGGGCTACACACGTGCTACAATGGCTGGTACAACG
>contig-40_171 length_76 read_count_0
TGAGACTGGCTTTAAGAGATTAGCTTGCCGTCACCGACTTGCGACTCGTTGTACCAGCCATTGTAGCACGTGTGTA
>contig-40_172 length_76 read_count_0
ACTGGCTTTAAGAGATTAGCTTGCCGTCACCGGCTTGCGCCTCGTTGTACCAGCCATTGTAGCACGTGTGTAGCCC
>contig-40_173 length_76 read_count_0
CTCGTTGTACCAGCCATTGTAGCACGTGTGTAGCCCCGGTCATAAGGGGCATGATGATTTGACGTCATCCCCCCCT
>contig-40_174 length_76 read_count_0
ACAAACCGGGGGGAGGGGGGGACGACGTCAGATCATCATACCCCTTATGACCTGGGCTACACACGTGCTACAATGG
>contig-40_175 length_76 read_count_0
CATAAGGGGCATGATGATTTGACGTCATCCCCCCCTCCCTCCGAGTTGACCCCGGCAGTCTCCTATGAGTCCCCAC
>contig-40_176 length_75 read_count_0
GGAAGGTGGGGATGACGTCAAATCATCATGCCCCTGATGTCTTGGGCTTCACGCATGCTACAATGGCCGGTACAG
>contig-40_177 length_75 read_count_0
CCGGCCATTGTATGACGTGTGTAGCCCTACCCATACGGGCCATGATGACCTGACGTCCTCCCCACCTTCCTCCGG
>contig-40_178 length_75 read_count_0
TTGTACCAGCCATTGTAGCACGTGTGTAGCCCAGGTCATCAGGGGCATGATGATTTGACGTCATCCCCACCTTCC
>contig-40_179 length_75 read_count_0
TCGCTAGAGTGCCCAACTCAATGATGGCAACTAACAATAAGGGTTGCGCTCGTTGCGGGACTTAACCCAACATCT
>contig-40_180 length_75 read_count_0
CCCTCCCAGGCTCGCCACTCTCTGTACCAGCCATTGTATCATGCGTGAAGCCCTGGACATAAGGGGCATGATGAC
>contig-40_181 length_75 read_count_0
CATAAGGGGCATGATGATTTGACGTCATCCCCACCCTCCTCCGGTTTATTACCGGCAGTCTCGCTAGAGTGCCCA
>contig-40_182 length_74 read_count_0
GGGTCTGCAACTCGACCCCATGAAGTCGGAGTCGCTAGTTATCGCAGATCAGCAACGCTGCGGTGAATACGTTC
>contig-40_183 length_73 read_count_0
CAACGAGCGCAACCCTTGTTCACTGTTGCCAGCACGTTATGGTGGGGACTCAGTGGAGACCGCCGGGGTCAAC
>contig-40_184 length_73 read_count_0
CTTCATGGGGTCGAGTTGCAGACCCCAATCCGACCTGAGCCCGGCTTTTAGGGATTAGCTCCACCTCACAGTA
>contig-40_185 length_73 read_count_0
CCGGCTTTTAGGGATTAGCTCCACCTCACAGTACCGCAACCCTCTGTACCGGCCATTGTAGCATGCGTGAAGC
>contig-40_186 length_72 read_count_0
TATTACCGGCAGTCTCGCTAGAGTGCCCAACTGAATGATGGCAACTAACAATAGGGGTTGCGCTCGTTGCGG
>contig-40_187 length_72 read_count_0
TATGTTGCCAGCACGTTATGGTGGGGACTCATAGGAGACCGCCGGGGTCAACTCGGAGGAAGGTGGGGATGA
>contig-40_188 length_72 read_count_0
GCACTCTAGCGAGACTGCCGGTAATAAACCGGGGGAAGGGGGGGATGACGTCAAATCATCATGCCCCTTATG
>contig-40_189 length_70 read_count_0
TAGGGATTAGCTCCACCTCACAGTATCGCACCCCTCTGTACCGGCCATTGTAGCATGCGTGAAGCCCAAG
>contig-40_190 length_70 read_count_0
ATCCCCCCCTTCCTCCGAGTTTACCCCGGCCGTTTCCACTGAGGCCCCACCATAACGTGCTGGCAACAGT
>contig-40_191 length_70 read_count_0
CGGAGGAAGGTGGGGTGGACGTCAAATCATCATGCCCCTTAGGACCGGGGCTACACACGTGCTACAATGG
>contig-40_192 length_70 read_count_0
GTCGAGTTGCAGACCCCAATCCGAACTGAGCCCGGCTTTCCGAGATTCGCTCACCCTCACAGGCTCGCCA
>contig-40_193 length_70 read_count_0
TAGGGATTAGCTCCACCTCACAGTATCGCAACCCTCTGTCCCGGCCATTGTAGCATGCGTGAAGCCCAAG
>contig-40_194 length_70 read_count_0
GGATGACGTCAAATCATCATGCCCCTTATGTCCTGGGCTTCACGCATGCTACAATGGCCGGTACAGAGGG
>contig-40_195 length_70 read_count_0
GGATGACGTCAAATCATCATGCCCCTTATGGCCTGGGCTTCACGCATGCTACAATGGCCGGTACAGAGGG
>contig-40_196 length_70 read_count_0
TGTGTAGCCCAGGTCATAAGGGGCTTGATGATTTGCCGTCATCCCCACCTTCCTCGGGTTTATTACCGGC
>contig-40_197 length_70 read_count_0
TAGGGATTAGCTCCACCTCACAGTATCGCACCCCTCTGTCCCGGCCATTGTAGCATGCGTGAAGCCCAAG
>contig-40_198 length_69 read_count_0
AGATTCGCTCACCCTCACAGGCTCGCCACCCTCTGTACCCGCCATTGTAGCATGCGTGAAGCCCTGGAC
>contig-40_199 length_68 read_count_0
TGCATGGGAGTCGTCAGCTCGTGTCGTGAGATGTTGAGTTAAGTCCCGCAACGAGCGCAACCCTCGTT
>contig-40_200 length_68 read_count_0
CCGGCCATTGTAGCATGCGTGAAGCCCAAGCCATAAGGGGCATGATGATTTGACGTCATCCCCACCTT
>contig-40_201 length_68 read_count_0
AGGGGCATGATGATTTGACGTCATCCCCCCCTTCCTCCGAGTTGACCCCGGCAGTCTCCTATGAGTCC
>contig-40_202 length_68 read_count_0
CCTCACAGGCTCGCCACTCTCTGTACCAGCCATTGTAGCCTGCGTGAAGCCCTGGACATAAGGGGCAT
>contig-40_203 length_68 read_count_0
AGGGGCATGATGATTTGACGTCATCCCCCCCTTCCTCCGGTTTATTACCGGCAGTCTCGCTAGAGTGC
>contig-40_204 length_68 read_count_0
GGGGATGACGTCAAATCATCATGCCCCTCATGTCTTGGGCTTCACGCATGCTACAATGGCCGGTACAG
>contig-40_205 length_68 read_count_0
TACAATGGTTGGTACAACGAGTTGCGAGACGGCGACGGCAAGCTAATCTCTTAAAGACAATCTCAGTT
>contig-40_206 length_67 read_count_0
CAGACCCCAATCCGAACTGAGGCCGGCTTTTAGGGAGTAGCTCCACCTCCCAGTATCGCAACCCTCT
>contig-40_207 length_67 read_count_0
GCCATTGTAGCATGCGTGAAGCCCTGGACCTAAGGGGCATGATGACTTGACGTCATCCCCACCTTCC
>contig-40_208 length_67 read_count_0
GGAAGGTGGGGATGACGTCAAGTCATCATGCCCCTTATGGCCAGGGCTTCACGCATGCTACAATGGC
>contig-40_209 length_67 read_count_0
GGGGACTCATAGGAGACTGCCGGGGTCAACTGGGGGGGAGGTGGGGATGACGTCAAATCATCACGCC
>contig-40_210 length_67 read_count_0
ACCCCGGCAGTCTCCTATGAGTCCCCACCATCACGTGCGGGCAACATAGAACGAGGGTTGCGCTCGT
>contig-40_211 length_67 read_count_0
AGATTCGCTCACCCTCACAGGCTCGCCACTCTCTGTACCCGCCATTGTAGCATGCGTGAAGCCCTGG
>contig-40_212 length_67 read_count_0
GCCGGGGTCAACTCGGAGGAGGGTGGGGATGACGTCATGTCAGCATGCCCCTTATGTCCAGGGCTTC
>contig-40_213 length_67 read_count_0
AGATTCGCTCACCCTCACAGGCTCGCCCCTCTCTGTACCAGCCATTGTAGCATGCGTGAAGCCCTGG
>contig-40_214 length_67 read_count_0
AGATTCGCTCACCCTCACAGGCTCGCCCCTCTCTGTACCCGCCATTGTAGCATGCGTGAAGCCCTGG
>contig-40_215 length_66 read_count_0
CTCGTTGTACCAACCATTGTAGCACGTGTGTAGCCCAGGCCATAAGGGGCATGATGATTTGACGTC
>contig-40_216 length_66 read_count_0
CACACGTGCTACAATGGTTGGTACAACGAGTTTCGAGTCGGTGACGGCAAGCTAAGCTCTTAAAGC
>contig-40_217 length_66 read_count_0
ACCGGCTTTTAGGGATTAGCTCCACCTCACAGCCTCGCAACCCTCTGTACCGGCCATTGTAGCACG
>contig-40_218 length_66 read_count_0
AACTCGGAGGGAGGTGGGGATGACGTCAAATCCTCATGCCCCTTATGCCTTGGGCTTCACGCATGC
>contig-40_219 length_65 read_count_0
ACGTCAAGTCATCATGCCCCTTATGTCCAGGGCTTTACGCATGCTACAATGGCTGGTACAGAGAG
>contig-40_220 length_64 read_count_0
GTCGAGTTGCAGACCCCAATCCGACCTGAGACCGGCTTTCCGAGATTCGCTCACCCTCACAGGC
>contig-40_221 length_64 read_count_0
GCTTTCCGAGATTCGCTCACCCTCACAGGCTCGCCACTCCCTGTACCAGCCATTGTAGCATGCG
>contig-40_222 length_64 read_count_0
GTCGAGTTGCAGACCCCAATCCGAACTGAGCCCGGCTTTTAGGGATTAGCTCCACCTCACAGTA
>contig-40_223 length_64 read_count_0
GTCGAGTTGCAGACCCCAATCCGACCTGAGACCGGCTTTTAGGGATTAGCTCCACCTCACAGTA
>contig-40_224 length_64 read_count_0
ATGACGTCAAGTCATCATGCCCCTTATGTCCAGGGCTTCCCGCATGCTACAATGGCTGGTACAG
>contig-40_225 length_64 read_count_0
AGGGTTGCGCTCGTTGCGGGACTTAACCCGACATCTCACGACACGAGCTGACGACCTCCATGCA
>contig-40_226 length_64 read_count_0
CAAATCGGAGGAAGGTGGGGAGGACATCAAGTCATCATGCCCCTTATGTCCAGGGCTTCACGCA
>contig-40_227 length_64 read_count_0
GCTTTCCGAGATTCGCTCACCCTCCCAGGCTCGCCACTCCCTGTACCAGCCATTGTAGCATGCG
>contig-40_228 length_64 read_count_0
GCTTTCCGAGATTCGCTCACCCTCCCAGGCTCGCCACTCTCTGTACCAGCCATTGTAGCATGCG
>contig-40_229 length_63 read_count_0
GGGTTGCGCTCGTTGCGGGACTTAACCCAACTTCTCACGACACGAGCTGACGACCTCCATGCA
>contig-40_230 length_63 read_count_0
TTGTTTGTTGCCATCATTCAGTTGGGCACTCTAACGAGACTGCCGGTAATAAACCGGAGGGAG
>contig-40_231 length_63 read_count_0
GGGTTGCGCTCGTTACGGCACTTAAGCCAACACCTCACGACACGAGCTGACGACTCCCATGCA
>contig-40_232 length_63 read_count_0
CCCTGGACATAAGGGGCATGATGACTTGACGTCATCCCCCCCTTCCTCCGAGTTGACCCCGGC
>contig-40_233 length_63 read_count_0
TGCATGGAGGTCGTCAGCTCGTGCCGTGAGGTGTTGGCTTAAGTGCCGTAACGAGCGCAACCC
>contig-40_234 length_62 read_count_0
AAGCCGGTCTCAGTTCGGATTGGGGTCTGCAACTCGACCTCATGAAGTCGGAGTCGCTAGTA
>contig-40_235 length_62 read_count_0
GCTCCACCTCACAGTATCGCAACCCTCTGCACCGGCCCTTGTAGCATGCGTGAAGCCCAAGA
>contig-40_236 length_62 read_count_0
GCAGCAGGCCCCTGATGTCTTGGGCTGCACGCATGCTACAAGGGCCGGTACAGAGGGTTGCG
>contig-40_237 length_61 read_count_0
AGACTGCCGGGGTCAACTCGGAGGAAGGTGGGGATGACGGCAAATCATCATGCCCCTTATG
>contig-40_238 length_61 read_count_0
CATGAAGTCGGAGTCGCTAGTAATCGCAGATCAGAAACGCTGCGGTGAATACGTTCACGGG
>contig-40_239 length_61 read_count_0
CATAAGGGGCATGATGATTTGACGTCATCCCCACCTTCCCCCGGTTTATTACCGGCAGTCT
>contig-40_240 length_61 read_count_0
GTCGAGTTGCAGACCCCAATCCGAACTGAGACCGGCTTTAAGGGATTCGCTCCACCTCACG
>contig-40_241 length_61 read_count_0
CGCCACTCTCTGACCCAGCCATTGTAGCATGCGTGAAGCCCCGGCCATAAGGGGCATGATG
>contig-40_242 length_61 read_count_0
AGACTGCCGGTAATAAACCGGGGGAAGGTGGGGATGACGGCAAATCATCATGCCCCTTATG
>contig-40_243 length_61 read_count_0
TGTGTACAAGCCCCGTGAACGTATTCACCGCTGCGTTGCTGATCTGCGATTACTAGCGACT
>contig-40_244 length_60 read_count_0
TATTGTTAGTTGCCATCATTGAGTTGGGCACTCTAGCGAGACTGCCGGTAATAAACCGGA
>contig-40_245 length_60 read_count_0
GGGATGACGTCAAATCGTCATGCCCCTTATGTCTTTGGCTTCACGCATTCTACAATGGCC
>contig-40_246 length_60 read_count_0
GTCTCCTATGAGTCCCCACCATAACGTGCTGGCAACATAGAACGAGGGTTGCGCTCGTTG
>contig-40_247 length_60 read_count_0
TAACGTGCTGGCAACAGTGAACAAGGGTTGCGCTCGTTGCGGGACTTAACCCAACATCTC
>contig-40_248 length_60 read_count_0
AGTTGCGAGTCGGTGACGGCAAGCTAATCTCTTAAAGCCGATCTCAGTTCGGATTGTAGG
>contig-40_249 length_60 read_count_0
CGTGCTACAATGGTTGGTACAACGAGTTGCGAGTCGGTGACGGCAAGCTAATCTCTTAAA
>contig-40_250 length_60 read_count_0
GAACAAGGGTTGCGCTCGTTGCGGGACTTAAGCCAACATCTCACGACACGAGCTGACGAC
>contig-40_251 length_59 read_count_0
AACGAGGGTTGCGCTCGTTGCAGTACTTAACCCAACATCTCACGACACGAGCTGACGAC
>contig-40_252 length_59 read_count_0
ATCGCAACCCTCTGTACCGGCCATTGGAGCATGCGGGAAGCCCAAGACATAAGGGGCAT
>contig-40_253 length_59 read_count_0
GGCTGGTACAACGAGTCGCGAGTCGGTGACGGCAAGCTAATCTCTTAAAGCCAGTCTCA
>contig-40_254 length_59 read_count_0
TGCGTGAAGCCCAGGACATAAGGGGCAAGATGACTTGACGTCATCCCCCCCTTCCTCCG
>contig-40_255 length_58 read_count_0
AATGATGGCAACTAACAATAGGGGTTGCGCTCGTTGCGGGACTTAACCCAACATCTCA
>contig-40_256 length_58 read_count_0
TCGCTAGAGTGCCCAACTCAATGATGGCAACTAACAATAGGGGTTGCGCTCGTTGCGG
>contig-40_257 length_58 read_count_0
GGCTACACACGTGCTACAATGGCTGGTACAACGAGTCGCGAGTCGGTGACGGCAAGCT
>contig-40_258 length_58 read_count_0
GTCGTCAGCTCGTGTCGTGAGATGGTGGGTTAAGTCCCGCAACGAGCGCAACCCTCGT
>contig-40_259 length_58 read_count_0
TGATGGCAACTAAAAATAGGGGTTGCGCTCGTTACGGCACTTAAGCCAACACCTCACG
>contig-40_260 length_57 read_count_0
CTTGACGTCATCCCCACCTACCTCCGAGTTGACCCCGGCGGTCTCCACTGAGTCCCC
>contig-40_261 length_57 read_count_0
CAAGGGTTGCGCTCGTTGCGGGACTTAACCCAGCATCTCACGACACGAGCTGACGAC
>contig-40_262 length_57 read_count_0
CACGTGTGTAGCCCAGGTCATAAGGGGCATGATGATTTGCCGTCATCCCCACCTTCC
>contig-40_263 length_57 read_count_0
CCCTCTGTACCGGCCATTGTAGCATGTGTGAAGCCCAGGACATAAGGGGCATGATGA
>contig-40_264 length_57 read_count_0
CCCCAATCCGAACTGAGACCGGCTTTTATGGGTTAGCTCCACCTCACAGTATCGCAA
>contig-40_265 length_57 read_count_0
GAAGCCCTGGACATAAGGGGCATGAGGACTTGCCGTCATCCCCACCTTCCTCCGAGT
>contig-40_266 length_57 read_count_0
CCATTGTAGCACGTGTGTAGCCCAGGACATAAGGGGCATGATGATTTGACGTCATCC
>contig-40_267 length_57 read_count_0
AGACTGCCGGTAATAAACCGGAGGAAGGTGGGGATGAGGTCAAATCATCATGCCCCT
>contig-40_268 length_57 read_count_0
AATAAACCGGAGGAAGGGGGGGATGACGTGAAATCATCATGCCCCTTATGACCTGGG
>contig-40_269 length_56 read_count_0
CAGCCATTGTAGCACGTGTGCAGCCCAGGTCCTAAGGGGCATGATGATTTGACGTC
>contig-40_270 length_56 read_count_0
CATGAAGTCGGAGTCGCTAGTAATCGCAGATCAGCAGCGCTGCGGTGAATACGTTC
>contig-40_271 length_56 read_count_0
TGGGGATGACGTCAAATCATCATGCCCCTGATGACCGGGGCTACACACGTGCTACA
>contig-40_272 length_56 read_count_0
GTCGTCAGCTCGTGTCGTGAGATGTTGGGCTAAGTCCCGCAACGAGCGCAACCCCT
>contig-40_273 length_56 read_count_0
GGTCTGCAACTCGACCTCATGAAGTCGGAGTCGCTAGTAATCGCAGATCAGCAACG
>contig-40_274 length_56 read_count_0
GCAGCCTACAATCCGAACTGAGATTGGCTTTAAGAGATTAGCTTGCCGTCACCGAC
>contig-40_275 length_56 read_count_0
GCCATTGTAGCATGCGTGACGCCCTGGACATCAGGGGCATGATGCTTTGACGTCAT
>contig-40_276 length_55 read_count_0
TGTGTACAAGTCCCGTGAACGTATTAACCGCAGCGTTGCTGATCTGCGATTACTA
>contig-40_277 length_55 read_count_0
GGACTCAGTGGAGACCGCCGGGGTCAACTCGGAGGAAGGGGGGGATGACGTCAAG
>contig-40_278 length_55 read_count_0
CCCGTATGACCTGGGCTACACACGGGCTACAATGGCTGGGACAACGAGTCGCAAG
>contig-40_279 length_55 read_count_0
TGGTTGGTACAACGAGTTGCGAGTCGCTGACGGCAAGCTAATCTCTTAAAGCCAA
>contig-40_280 length_55 read_count_0
GTCGTCAGCTCGTGTCGTGAGATGATGGGTTAAGTCCCGCAACGAGCGCAACCCT
>contig-40_281 length_55 read_count_0
AGGGTTGCGCTCGTTGCGGGACTGAACCCAACATCTCACGACACGAGCTGACGAC
>contig-40_282 length_55 read_count_0
CTCGTTGCGGGACTTAACCCAACAGCTCACGACACGAGCTGACGACCTCCATGCA
>contig-40_283 length_55 read_count_0
AGGGTTGCGCTCGTTGCGGGACTTTACCCAACATCTCACGACACGAGCTGACGAC
>contig-40_284 length_55 read_count_0
CACAGTATCGCAACCCCCTGGACCGGCCATTGTAGCATGCGTGAAGCCCAAGACA
>contig-40_285 length_54 read_count_0
GTCGTCAGCTCGTGTCGTGAGATGTTGGTTTAAGTCCCGCAACGAGCGCAACCC
>contig-40_286 length_54 read_count_0
GTCGTCAGCTCGTGTCGTGAGATGTTGGGGTAAGTCCCGCAACGAGCGCAACCC
>contig-40_287 length_54 read_count_0
TTGCTTGCCCTCGCGAGTTCGCGACTCGGTGTACCGTCCATTGTAGCACGTGTG
>contig-40_288 length_54 read_count_0
GCGTGAAGCCCAAGACATAAGGGGCATGATGATTTGCCGTCATCCCCACCTTCC
>contig-40_289 length_54 read_count_0
GAGTGGCGAGCCTGGGAGGGTGAGCGAATCTCGGAAAGCCGGTCTCAGTTCGGA
>contig-40_290 length_54 read_count_0
GGGTTGCGCTCGTTGCGGGACTTAACCCAACATCTCACGACACGAGCTGACGAC
>contig-40_291 length_54 read_count_0
TAAGGGGCATGATGTCTTGACGTCATCCCCACCTTCCCCCGAGTTAACCCCGGC
>contig-40_292 length_54 read_count_0
ATGTCCAGGGCTTCACGCATGCTACAATGGCTGGTACAGGGAGTGGCGAGCCTG
>contig-40_293 length_54 read_count_0
GCAACTCGCCTACATGAAGTCGGAATCGCTAGTAATCGCGGATCAGCACGCCGC
>contig-40_294 length_54 read_count_0
CAGGCTCGCCACTCCCTGTACCAGCCATTGTAGCATGCGGGAAGCCCTGGACAT
>contig-40_295 length_54 read_count_0
TACCAGCCATTGTAGACCGTGTGTAGCCCAGGTCATAAGGGGCATGATGATTTG
>contig-40_296 length_54 read_count_0
CAGGCTCGCCACTCTCTGTACCAGCCATTGTAGCATGCGGGAAGCCCTGGACAT
>contig-40_297 length_54 read_count_0
CATGCTACAATGGCTGGTACAGAGGGTGGCGAGCCTGTGAGGGTGAGCGAATCT
>contig-40_298 length_53 read_count_0
AGGGATTAGCTCCACCTAACAGTATCGCAACCCTCGGTACCGCCCATTGTAGC
>contig-40_299 length_53 read_count_0
ACGTCAAATCATCAAGCCCCTTATGTCTTGGGCTTCACGCATGCTACAATGGC
>contig-40_300 length_53 read_count_0
CCGCCGGGTGCAACTCGGAGGAAGGGGGGGATGACTTCAAGTCATCATGCCCC
>contig-40_301 length_53 read_count_0
TGGCTTTAAGAGATTATCTTGCCGTCACCGACTCGCAACTCGTTGTACCAACC
>contig-40_302 length_53 read_count_0
CTGAGACCGGCTTTCCGAGATTCGCTCACCCTCCCAGCCTCGCCACTCTCTGT
>contig-40_303 length_52 read_count_0
AAAGCCGGGCTCAGGTCGGATTGGGGTCTGCAACTCGGCCTCATGAAGTCGG
>contig-40_304 length_52 read_count_0
CAGAGGGTTGCGATACTGTGAGGGGGAGCTCATCCCTAAAAGCCGGTCTCAG
>contig-40_305 length_52 read_count_0
CTCGTTGTACCAGCCATTGTAGCACGTGTGTAGCCCAGGACATAAGGGGCAT
>contig-40_306 length_52 read_count_0
CACAGGCTCGCCACCCTCTGTACCAGCCATTGTAGCATGCGTGAAGCCCTGG
>contig-40_307 length_52 read_count_0
CCTGGGCTACACACGTGCTACAATGGTTGGTACAACGAGTTGCGAGTCGGTG
>contig-40_308 length_52 read_count_0
AGCCCAAGACATAAGGGCCATGATGATTTGACGTCATCCCCACCTTCCTCCG
>contig-40_309 length_52 read_count_0
AGCACGTGTGTAGCCCAGGGCATAAGGGGCATGATGAATTGACGTCATCCCC
>contig-40_310 length_52 read_count_0
GACTGCCGGGGTTAACTCGGAGGAAGGTGGGGATGACGTCAAATCATCATGC
>contig-40_311 length_52 read_count_0
ATGCCCCTTATGTCCTGGGCTACACACGTGCTACAATGGTTGGTACAACGAG
>contig-40_312 length_52 read_count_0
GCTTGCCGTCACCGACTCGCAACTCGTTGTACCAACCAATGTAGCACGTGTG
>contig-40_313 length_52 read_count_0
AGACTGGCTTTAAGCGATTAGCTTGCCGTCACCGACTCGCGACTCGTTGTAC
>contig-40_314 length_52 read_count_0
GTGTAGCCCCGGGCCTAAGGGGCATGATGCTTTGACGTCTTCCCCACCTTCC
>contig-40_315 length_52 read_count_0
CTGCAACTCGACCCCATGAAGTCGGAGTCGCTAGTAATCGCAGATCAGCAAC
>contig-40_316 length_52 read_count_0
ATGCCCCTTATGACCTGGGCTACACACGTGCTACAATGGTTGGTACAACGAG
>contig-40_317 length_51 read_count_0
ATCGCAGATCAGCAACGCTGCGGTGAATACGTTCGCGGGACTTGTACACAC
>contig-40_318 length_51 read_count_0
ACCGGCTTTCCGAGATTCGCTCACCCTCACAGGCTCGCCCCTCTCTGTACC
>contig-40_319 length_51 read_count_0
ATCGCAGATCAGCAACGCTGCGGTGAATACGTTCACGGGGCTTGTACACAC
>contig-40_320 length_51 read_count_0
ACAACGAGTCGCAAGCCGTTGACGGCAAGCTAATCTCTGAAAGCCAGTCTC
>contig-40_321 length_51 read_count_0
GGAGGAAGGGGGGGAGGACGTCAAATCATAATGCCCCTTATGTCTTGGGCT
>contig-40_322 length_51 read_count_0
TGCCCCTTATGGCCAGGGCTTCACGCATGCTACAATGGCGGGTACAGAGAG
>contig-40_323 length_51 read_count_0
GTTGCCATCATTCAGTTGGGCACTCTCGCGAGACTGCCGGTAATAAACCGG
>contig-40_324 length_51 read_count_0
TGTAGGCGAGTTGCAGCCTACAATCCGAACTGAGATTGGCTTTAAGAGATT
>contig-40_325 length_51 read_count_0
AACTGAGACTGGCGTTAAGAGATTAGCTTGCCGTCACCGACTCGCGACTCG
>contig-40_326 length_50 read_count_0
TGGCTTTAAGAGATTAGCTCGCCGTCACCGACTCGCAACTCGTTGTACCA
>contig-40_327 length_50 read_count_0
TGTGTACAAGCCCCGCGAACGTATTCACCGCGGCGTGCTGATCCGCGATT
>contig-40_328 length_50 read_count_0
AATCGCGGATCAGCACGCCGCGGTGAATACGTTCACGGGGCTTGTACACA
>contig-40_329 length_50 read_count_0
GATGTTGGGTTAAGTCCCGCAACGAGCGCAACCCTCGTTCTATGTTGCCA
>contig-40_330 length_50 read_count_0
CCATTGTAGCCTGCGTGAAGCCCTGGACATAAGGGGCATGATGACTTGAC
>contig-40_331 length_50 read_count_0
GAAGCCCAAGACATAAGGGGCATGATGATTTGCCGTCACCCCCCCCTCCC
>contig-40_332 length_50 read_count_0
TGTGTACAAGTCCCGCGAACGTATTCACCGCGGCGTGCTGATCCGCGATT
>contig-40_333 length_50 read_count_0
GTCGGAGTCGCTAGTAATCGCAGATCATCACCGCTGCGGTGAATACGTTC
>contig-40_334 length_50 read_count_0
CGGAGGAAGGGGGGGATGACGTCAAATCATCATGCCCCTCATGTCTTGGG
>contig-40_335 length_50 read_count_0
TATGTTGCCAGCACGTTATGGTGGGGACTCATAGGAGACTGCCGGGGTCA
>contig-40_336 length_50 read_count_0
TGTGTACAAGTCCCGTGAACGTATTCACCGCAGCGTTGCTGATCTGCGAT
>contig-40_337 length_50 read_count_0
CGGAGGAAGGTGGGGATGACGTCAAATCATCATGCCCCTCATGTCTTGGG
>contig-40_338 length_50 read_count_0
CGTCATCCCCACCTTCCCCCGGTTTATTACCGGCAGTCTCGCTAGAGTGC
>contig-40_339 length_50 read_count_0
GCGAGACGGCCGGTAATAAACGGGGGGAAGGTGGGGATGCCGTCAAATCA
>contig-40_340 length_50 read_count_0
GGCTTTAAGGGATTCGCTCCACCTCACGGAATCGCAGCCCTCTGTACCGG
>contig-40_341 length_50 read_count_0
ATCGCAGATCAGCAACGCTGCGGTGAATACGTTCGCGGGGCTTGTACACA
>contig-40_342 length_49 read_count_0
GAGTTGCAGACCCCAATCCGAACTGAGACCGGCTTTCCGAGATTCGCTC
>contig-40_343 length_49 read_count_0
GTCGCAAGCCGGGGACGGCAAGCTAATCTCTTACAGCCAGTCTCAGTTC
>contig-40_344 length_49 read_count_0
CTCTGTACCAGCCATTGTAGCATGCGTGAAGCCCTGGACCTAAGGGGCA
>contig-40_345 length_49 read_count_0
CCATGCACTGTCTCTTATACACATCTGACGCTGCCGACGAATAGAGAGG
>contig-40_346 length_49 read_count_0
TGCCCCTTATGTCCAGGGCTTCACGCATGCTACAATGGCGGGTACAGAG
>contig-40_347 length_49 read_count_0
CGGCTTTCCGAGATTCGCTCACCCTCACAGGCTCGCCACCCTCTGTACC
>contig-40_348 length_49 read_count_0
CTCTGTACCAGCCATTGTAGCATGCGTGAAGCCCTGGCCATAAGGGGCA
>contig-40_349 length_49 read_count_0
CCTCACAGTATCGCACCCCTCTGGACCGGCCATTGTAGCATGCGTGAAG
>contig-40_350 length_49 read_count_0
CTCTGTACCCGCCATTGTAGCATGCGTGAAGCCCTGGACCTAAGGGGCA
>contig-40_351 length_49 read_count_0
TGTAGGCGAGTTGCATCCTACAATCCGAACTGAGACTGGCTTTAAGAGA
>contig-40_352 length_49 read_count_0
GACATAAGGGGCATGATGATTTGCCGTCATCCCCCCCTTCCTCCGAGTT
>contig-40_353 length_49 read_count_0
GAGTGGCGAGCCTGTGAGGGGGAGCGAATCCCGGAAAGCCGGTCTCAGT
>contig-40_354 length_48 read_count_0
ACAGAGGGGTGCGATACTGTGAGGTGGAGCTAATCCCTAAAAGCCGGT
>contig-40_355 length_48 read_count_0
CCCTCTGTACCGGCCATTGTAGCATGCGTGAAGCCCAAGCCATAAGGG
>contig-40_356 length_48 read_count_0
TAACTCGGAGGAAGGTGGGGATGACATCAAATCATCATGCCCCTTATG
>contig-40_357 length_48 read_count_0
CCCTCTGTCCCGGCCATTGTAGCATGCGTGAAGCCCAAGCCATAAGGG
>contig-40_358 length_48 read_count_0
CATGAAGTCGGAGTCGCTAGTAATCGCAGATCAGCAACGCTGCGGTGA
>contig-40_359 length_48 read_count_0
CTCTTAAAGCCAGTCTCAGTTCGGATTGTGGGCTGCAACTCGCCTACA
>contig-40_360 length_48 read_count_0
TCGCGGATCAGCACGCCGCGGTGAATACGTTCACGGGACTTGTACACA
>contig-40_361 length_48 read_count_0
AAAGCCGGTCTCAGGTCGGATTGGGGTCTGCAACTCGACCCCATGAAG
>contig-40_362 length_48 read_count_0
CGTCAAATCATCATGCCCCTTATGCCTTGGGCCTCACGCATGCCACAA
>contig-40_363 length_48 read_count_0
CCCTTATGTCTTGGGCTTCACGCATGCTACAATGGCCGGGACAGAGGG
>contig-40_364 length_48 read_count_0
CAACTCGGAGGGAGGGGGGGATGACGTCAAGTCATCATGCCCCTTATG
>contig-40_365 length_48 read_count_0
CGTCAAGTCATCATGCCCCATATGTCCAGGGCTTCACGCATGCTACAA
>contig-40_366 length_48 read_count_0
AGCCCTGGACATAAGGGGCATGATGACTTGACGTCATCACCACCTTCC
>contig-40_367 length_48 read_count_0
CTTCATGGGGTCGAGTTGCAGACCCCAATCCGAACTGAGCCCGGCTTT
>contig-40_368 length_48 read_count_0
CAAACCATCAGGCCCCTTATGACCTGGGCTAAACACGTGCTACAATGG
>contig-40_369 length_48 read_count_0
GCATGCGTGAAGCCCAAGACATAAGGGGCATGATCATTTGACGTCATC
>contig-40_370 length_47 read_count_0
TGCATGGGAGTCGTCAGCTCGTGTCGTGAGATGTTGGGTTAAGTCCC
>contig-40_371 length_47 read_count_0
GGGCTACCCACGTGCTACAATGGCTGGTACAAGGAGTCGCAAGCCGG
>contig-40_372 length_47 read_count_0
AACGAGTCGAAAGCCGGTGACGGCAAGCTAATCTCTGAAAGCCAGTC
>contig-40_373 length_47 read_count_0
ATGGCCGGTTCAGAGGGTTGCGATACTGTGAGGTGGAGCCAATCCCT
>contig-40_374 length_47 read_count_0
CCCGTGAACGTATTCACCGCGGCGTGCTGATCTGCGATTACTAGCGA
>contig-40_375 length_47 read_count_0
TGCATGGAGGTCGTCAGCTCGTGTCGTGAGATGTTGGGTTAAGTCCC
>contig-40_376 length_47 read_count_0
CGTTGTACCAGCCATTGTAGCAAGGGTGTAGCCCAGGGCATAAGGGG
>contig-40_377 length_47 read_count_0
CCGACTCGCAACTCGTTGTACCAACCATTGTAGCACTTGTGTAGCCC
>contig-40_378 length_47 read_count_0
ATGACGTCAACTCATCATGCCCCTTATGTCCAGGGCTTCACGCATGC
>contig-40_379 length_47 read_count_0
CTTCATGGGGTCGAGTTGCAGACCCCAATCCGAACTGAGACCGGCTT
>contig-40_380 length_47 read_count_0
GAACGTATTCACCGCAGCGTTGCTGATCTGCGATTACTAGCGACTCC
>contig-40_381 length_47 read_count_0
GTATCGCCACCCTCTGTACCGGCCATTGTAGCATGCGGGAAGCCAAA
>contig-40_382 length_46 read_count_0
ACTCATAGGAGACTGCCGGGGTCAACTCGGAGGAAGGTGGGGATGA
>contig-40_383 length_46 read_count_0
GATTGGCTTTAAGAGATTAGCTTGCCGTCACCGACTCGCAACTCGT
>contig-40_384 length_46 read_count_0
TGGCTGGTGCAACGAGTCGCAAGCCGGTGACGGCAAGCTAATCTCT
>contig-40_385 length_46 read_count_0
ACCGCCGGGGTCAACTCGGAGGAAGGTGGGGATGACGTCAAGTCAT
>contig-40_386 length_46 read_count_0
CAATGGCTGGTACAGAGAGTGGCGAGCCTGTGAGGGTGAGCGAATC
>contig-40_387 length_46 read_count_0
ATTAGCTTGCCGTCACCGGCTTGCGACTCGTTGTACCAGCCATTGT
>contig-40_388 length_46 read_count_0
ATTCACCGCGGCGTGCTGATCCGCGATTACTAGCGATTCCGACTTC
>contig-40_389 length_46 read_count_0
GGGGACGGCCGGGGTCAACTCGGAGGAAGGGGGGGATGACGTCAAA
>contig-40_390 length_46 read_count_0
AAGGTGGGGATGACGTCAAATCATCATGCCCCTTATGTCCTGGGCT
>contig-40_391 length_46 read_count_0
TCGAGTTGCAGACCCCAATCCGAACTGAGACCCGCTTTTAGGGATT
>contig-40_392 length_46 read_count_0
CCTTCCCCCGGTTTATTACCGGCAGTCTCGCTAGAGTGCCCAACTG
>contig-40_393 length_46 read_count_0
AGCCCAGGCCATAAGGGGCATGATGATTTGACGTCATCCCCACCTT
>contig-40_394 length_46 read_count_0
ATCGCAATCCTCTGTACCGGCCATTGTAGCATGCGTGAAGCCCAAG
>contig-40_395 length_45 read_count_0
CGTGCTACAATGGCTGGTACAACGAGTCGCAAGCCGGTGACGGCA
>contig-40_396 length_45 read_count_0
CTGAGCCCGGCTTTTAGGGATTAGCTCCACCTCACAGTATCGCAA
>contig-40_397 length_45 read_count_0
CTCAGGTCGGATTGGGGTCTGCAACTCGACCCCATGAAGTCGGAG
>contig-40_398 length_45 read_count_0
TCAACTCGGAGGAAGGTGGGGATGACGTCAAGTCATCATGCCCCT
>contig-40_399 length_45 read_count_0
GCACTCTAGCGAGACTGCCGGTAATAAACCGGAGGAAGGTGGGGA
>contig-40_400 length_45 read_count_0
TACACACGTGCTACAATGGCTGGTACAACGAGTCGCAAGCCGGTG
>contig-40_401 length_45 read_count_0
CTGTACCAGCCATTGTAGCATGCGTGAAGCCCTGGACATAAGGGG
>contig-40_402 length_45 read_count_0
ACGTGCTGGCAACATAGAACGAGGGTTGCGCTCGTTGCGGGACTT
>contig-40_403 length_45 read_count_0
TCCCCACCTTCCTCCGAGTTGACCCCGGCGGTCTCCACTGAGTCC
>contig-40_404 length_45 read_count_0
GGCGAGTTGCAGCCTACAATCCGAACTGAGACTGGCTTTAAGAGA
>contig-40_405 length_45 read_count_0
AGTCGCTAGTAATCGCAGAGCAGCAACGCTGCGTTGAATACGTTC
>contig-40_406 length_45 read_count_0
CGGAGGTAGGTGGGGATGACGTCAAATCATCATGCCCCGTATGTC
>contig-40_407 length_45 read_count_0
CCGGTTTATTACCGGCAGTCTCGCTAGAGTGCCCAACTGAATGAT
>contig-40_408 length_45 read_count_0
GCTTTCCGAGATTCGCTCACCCTCACAGGCTCGCCACTCTCTGTA
>contig-40_409 length_45 read_count_0
GCGACTCGTTGTACCAGCCATTGTAGCACGGGGGTAGCCCAGGTC
>contig-40_410 length_45 read_count_0
CTGAGACCGGCTTTTAGGGATTAGCTCCACCTCACAGTACCGCAA
>contig-40_411 length_45 read_count_0
CCGAGTTGACCCCGGCAGTCTCCTATGAGTCCCCACCATAACGTG
>contig-40_412 length_45 read_count_0
GGAGACCGCCGGGGTCAACTCGGAGGGAGGGGGGGGTGACGTCAA
>contig-40_413 length_45 read_count_0
GCGAGACTGCCGGTAATAAACCGGGGGAAGGTGGGGAGGACGTCA
>contig-40_414 length_45 read_count_0
CTGAGCCCGGCTTTTAGGGATTAGCTCCACCTCACAGTACCGCAA
>contig-40_415 length_45 read_count_0
CATAAGGGGCATGACGATTTGACGTCATCCCCCCCTCCCTCCGGT
>contig-40_416 length_45 read_count_0
GTGTAGCCCAGGTCATAAGGGGCATGATGATTTGACGTCATCCCC
>contig-40_417 length_44 read_count_0
AGCGATTCCGACTTCATGTAGGCGAGTTGCAGCCTACAATCCGA
>contig-40_418 length_44 read_count_0
CCCGTGAACGTATTCACCGCGGCGTGCTGATCCGCGATTACTAG
>contig-40_419 length_44 read_count_0
CCCGCGAACGTATTCACCGCAGCGTTGCTGATCTGCGATAACTA
>contig-40_420 length_44 read_count_0
GGCAAGCTAATCTCTTAAAGCCAGTCTCAGTTCGGATTGTAGGC
>contig-40_421 length_44 read_count_0
GATGATTTGACGTCATCCCCACCTTCCTCCGAGTTGACCCCGGC
>contig-40_422 length_44 read_count_0
TAATAAACCGGAGGAAGGTGGGGATGACGTCAAATCATCATGCC
>contig-40_423 length_44 read_count_0
CTCCGACTTCATGGGGTCGAGTTGCAGACCCCAATCCGAACTGA
>contig-40_424 length_44 read_count_0
CCCGCGAACGTATTCACCGCAGCGTTGCTGATCTGCGATTACTA
>contig-40_425 length_44 read_count_0
CGTCATCCCCACCTTCCTCCGAGTTGACCCCGGCCGTCCCCTAT
>contig-40_426 length_44 read_count_0
CCCGTGAACGTATTCACCGCAGCGTTGCTGATCTGCGATAACTA
>contig-40_427 length_44 read_count_0
CCCGCGAACGTATTCACCGCGGCGTGCTGATCCGCGATTACTAG
>contig-40_428 length_44 read_count_0
TAGCGAGACTGCCGGTAATAAACCGGAGGAAGGTGGGGATGACG
>contig-40_429 length_44 read_count_0
CAAATCATCATGCCCCTTATGACCTGGGCTACACACGTGCTACA
>contig-40_430 length_44 read_count_0
GACGTCAAATCATCATGCCCCTTATGACCTGGGCTACACACGTG
>contig-40_431 length_44 read_count_0
CCCGTGAACGTATTCACCGCAGCGTTGCTGATCTGCGATTACTA
>contig-40_432 length_44 read_count_0
CGGTGACGGCAAGCTAATCTCTTAAAGCCAGTCTCAGTTCGGAT
>contig-40_433 length_44 read_count_0
TACCAGCCATTGTAGCACGTGTGTAGCCCAGGTCATAAGGGGCA
>contig-40_434 length_44 read_count_0
CGCACCCCTCTGTACCGGCCATTGTAGCATGCGTGAATCCCAAG
>contig-40_435 length_44 read_count_0
AGACTGCCGGTAATAAACCGGAGGAAGGTGGGGATGACGTCAAA
>contig-40_436 length_44 read_count_0
GCGATTACTAGCGATTCCGACTTCATGTAGGCGAGTTGCAGCCT
>contig-40_437 length_44 read_count_0
TTGCAGCCTACAATCCGAACTGAGACTGGCTTTAAGAGATTAGC
>contig-40_438 length_44 read_count_0
AGACTGCCGGGGTCAACTCGGAGGAAGGTGGGGATGACGTCAAA
>contig-40_439 length_43 read_count_0
GCATGGGGGTCGTCAGCTCGTGTCGTGAGATGTTGGGTTAAGT
>contig-40_440 length_43 read_count_0
CATCAGGGGCATGATGATTTGACGTCATCCCCACCTTCCTCCG
>contig-40_441 length_43 read_count_0
AAGCCGGTGACGGCAAGCTAATCTCTTAAAGCCAGTCTCAGTT
>contig-40_442 length_43 read_count_0
GGTCAACTCGGAGGAAGGTGGGGATGACGTCAAATCATCATGC
>contig-40_443 length_43 read_count_0
ACTTAACCCAACATCTCACGACACGAGCTGACGACTTCCATGC
>contig-40_444 length_43 read_count_0
GATTACTAGCGACTCCGACTTCATGGGGTCGAGTTGCAGACCC
>contig-40_445 length_43 read_count_0
TCCGAACTGAGACCGGCTTTTAGGGATTAGCTCCACCTCACAG
>contig-40_446 length_43 read_count_0
GCCGGTACAGAGGGTTGCGATACTGTGAGGTGGAGCTAATCCC
>contig-40_447 length_43 read_count_0
GACGTCATCCCCACCTTCCTCCGAGTTGACCCCGGCGGTCTCC
>contig-40_448 length_43 read_count_0
CGGAGGAAGGGGGGGATGACGTCAAATCATCATGCCCCTTATG
>contig-40_449 length_43 read_count_0
GAATCGCTAGTAATCGCGGATCAGCACGCCGCGGTGAATACGT
>contig-40_450 length_43 read_count_0
TTAGCTCCACCTCACCGTATCGCAACCCTCTGTACCGCCCATT
>contig-40_451 length_43 read_count_0
GTTGCAGACCCCAATCCGAACTGAGACCGGCTTTTAGGGATTA
>contig-40_452 length_43 read_count_0
CCGAGTTGACCCCGGCGGTCTCCACTGAGTCCCCACCATAACG
>contig-40_453 length_43 read_count_0
TCGAGTTGCAGACCCCAATCCGAACTGAGACCGGCTTTTAGGG
>contig-40_454 length_43 read_count_0
CTCGCCACTCTCTTTCCCAGCCATTGTAGCATGCGTGAAGCCC
>contig-40_455 length_43 read_count_0
TTCATGTAGGCGAGTTGCAGCCTACAATCCGAACTGAGACTGG
>contig-40_456 length_43 read_count_0
CCCAGGTCATAAGGGGCATGATGATTTGACGTCATCCCCCCCT
>contig-40_457 length_43 read_count_0
CCCAAGACATAAGGGGCATGATGATTTGACGTCATCCCCCCCT
>contig-40_458 length_43 read_count_0
GGATGACGTCAAATCATCATGCCCCTTATGGCCTGGGCTACAC
>contig-40_459 length_43 read_count_0
AAGACATAAGGGGCATGATGATTTGACGTCATCCCCACCCTCC
>contig-40_460 length_43 read_count_0
AAAGCCAGTCTCAGTTCGGATTGTAGGCTGCAACTCGCCTACA
>contig-40_461 length_43 read_count_0
CATACGGGGCATGATGATTTGACGTCCTCCCCACCTTCCTCCG
>contig-40_462 length_43 read_count_0
TCCTCCGAGTTGACCCCGGCGGTCTCCACTGAGTCCCCACCAT
>contig-40_463 length_43 read_count_0
TTCCGACTTCATGTAGGCGAGTTGCAGCCTACAATCCGAACTG
>contig-40_464 length_43 read_count_0
ACGTCATCCCCACCTTCCTCCGAGTTAACCCCGGCAGTCCCCC
>contig-40_465 length_43 read_count_0
GCGAGTCGGTGACGGCAAGCTAATCTCTTAAAGCCAATCTCAG
>contig-40_466 length_43 read_count_0
CATCATGCCCCTTATGTCCAGGGCTTCACGCATGCTACAATGG
>contig-40_467 length_43 read_count_0
GTCAAGTCATCATGCCCCTTATGTCCAGGGCTTCACGCATGCT
>contig-40_468 length_43 read_count_0
AGGTCATAAGGGGCATGATGATTTGACGTCATCCCCACCCTCC
>contig-40_469 length_43 read_count_0
TTCATGTAGGCGAGTTGCAGCCTACAATCCGAACTGAGATTGG
>contig-40_470 length_43 read_count_0
GTGGGGACTCATAGGAGACTGCCGGGGTCAACTCGGAGGAAGG
>contig-40_471 length_43 read_count_0
AGGTGGGGATGACGTCAAGTCATCATGCCCCTTATGTCCAGGG
>contig-40_472 length_42 read_count_0
CTTATGACCTGGGCTACACACGTGCTACAATGGCTGGTACAA
>contig-40_473 length_42 read_count_0
CTCACAGTATCGCAACCCTCTGTACCGGCCATTGTAGCATGC
>contig-40_474 length_42 read_count_0
TGTAGCATGCGTGAAGCCCTGGACATAAGGGGCATGATGACT
>contig-40_475 length_42 read_count_0
TAGCGACTCCGACTTCATGGGGTCGAGTTGCAGACCCCAATC
>contig-40_476 length_42 read_count_0
CGATACTGTGAGGTGGAGCTAATCCCTAAAAGCCGGTCTCAG
>contig-40_477 length_42 read_count_0
GCCGGTAATAAACCGGAGGAAGGTGGGGATGACGTCAAATCA
>contig-40_478 length_42 read_count_0
CCCCAATCCGAACTGAGACCGGCTTTCCGAGATTCGCTCACC
>contig-40_479 length_42 read_count_0
TCATGCCCCTTATGTCTTGGGCTTCACGCATGCTACAATGGC
>contig-40_480 length_42 read_count_0
GGAAGGGGGGGATGACGTCAAATCATCATGCCCCTTATGTCT
>contig-40_481 length_42 read_count_0
GACTTCATGTAGGCGAGTTGCAGCCTACAATCCGAACTGAGA
>contig-40_482 length_42 read_count_0
CCTCCGAGTTGACCCCGGCAGTCTCCTATGAGTCCCCACCAT
>contig-40_483 length_42 read_count_0
AACCGGAGGAAGGTGGGGATGACGTCAAATCATCATGCCCCT
>contig-40_484 length_42 read_count_0
CCTTCCTCCGAGTTGACCCCGGCGGTCTCCACTGAGTCCCCA
>contig-40_485 length_42 read_count_0
GGAAGGGGGGGATGACGTCAAATCATCATGCCCCTTATGACC
>contig-40_486 length_42 read_count_0
ATGATGACTTGACGTCATCCCCACCTTCCTCCGAGTTGACCC
>contig-40_487 length_42 read_count_0
CAATCCGAACTGAGACCGGCTTTCCGAGATTCGCTCACCCTC
>contig-40_488 length_42 read_count_0
CCACTCTCTGTACCAGCCATTGTAGCATGCGTGAAGCCCTGG
>contig-40_489 length_42 read_count_0
CAGTCTCCTATGAGTCCCCACCATCACCTGCTGGCAACATAG
>contig-40_490 length_42 read_count_0
CCCAGGTCATAAGGGGCATGATGATTTGACGTCATCCCCACC
>contig-40_491 length_42 read_count_0
GTCGAGTTGCAGACCCCAATCCGAACTGAGACCGGCTTTCCG
>contig-40_492 length_42 read_count_0
ACAGAGGGTTGCGATACTGTGAGGTGGAGCTAATCCCTAAAA
>contig-40_493 length_42 read_count_0
GAGACCGGCTTTCCGAGATTCGCTCACCCTCACAGGCTCGCC
>contig-40_494 length_42 read_count_0
GGGACTTAACCCAACATCTCACGACACGAGCTGACGACCCCC
>contig-40_495 length_42 read_count_0
CCTGGGCTACACACGTGCTACAATGGCTGGTACAACGAGGCG
>contig-40_496 length_42 read_count_0
TCACCCTCACAGGCTCGCCACTCTCTGTACCAGCCATTGTAG
>contig-40_497 length_42 read_count_0
GGGAGGGGGGGATGACGTCAAATCATCATGCCCCTTATGACC
>contig-40_498 length_42 read_count_0
AGTCGGTGACGGCAAGCTAATCTCTTAAAGCCAGTCTCAGTT
>contig-40_499 length_42 read_count_0
GGAAGGTGGGGATGACGTCAAGTCATCATGCCCCTTATGTCC
>contig-40_500 length_42 read_count_0
AGACATAAGGGGCATGATGATTTGACGTCATCCCCCCCTCCC
>contig-40_501 length_42 read_count_0
CCCTTATGTCTTGGGCTTCACGCATGCTACAATGGCCGGTAC
>contig-40_502 length_42 read_count_0
CGACTCCGACTTCATGGGGTCGAGTTGCAGACCCCAATCCGA
>contig-40_503 length_42 read_count_0
GCGTGAAGCCCAAGACATAAGGGGCATGATGATTTGACGTCA
>contig-40_504 length_42 read_count_0
ACCGGCCATTGTAGCATGCGGGAAGCCCAGGACATAAGGGGC
>contig-40_505 length_42 read_count_0
AGTGGAGACCGCCGGGGTCAACTCGGAGGAAGGTGGGGATGA
>contig-40_506 length_42 read_count_0
GGGACTTAACCCAACATCTCACGACACGAGCTGACGACTTCC
>contig-40_507 length_42 read_count_0
TTAAGAGATTAGCTTGCCGTCACCGGCTTGCGACTCGTTGTA
>contig-40_508 length_42 read_count_0
GGCTACACACGTGCTACAATGGCTGGTACAACGAGTCGCAAG
>contig-40_509 length_42 read_count_0
CGCATGCTACAATGGCTGGTACAGAGAGTGGCGAGCCTGTGA
>contig-40_510 length_42 read_count_0
CCAATCCGAACTGAGACCGGCTTTTAGGGATTAGCTCCACCT
>contig-40_511 length_42 read_count_0
CCGGGGCTACACACGTGCTACAATGGCTGGTACAACGAGGCG
>contig-40_512 length_42 read_count_0
GGAGGAAGGTGGGGAGGACGTCAAATAATCATGCCCCTTATG
>contig-40_513 length_42 read_count_0
CCCAAGACATAAGGGGCATGATGATTTGACGTCATCCCCACC
>contig-40_514 length_42 read_count_0
TGCGTGAAGCCCTGGACATAAGGGGCATGATGACTTGACGTC
>contig-40_515 length_42 read_count_0
CCGGGGCTACACACGTGCTACAATGGCTGGTACAACGAGTCG
>contig-40_516 length_42 read_count_0
CGGCAAATCATCATGCCCCTTATGTCTTGGGCTTCACGCATG
>contig-40_517 length_41 read_count_0
ACTAGCGACTCCGACTTCATGGGGTCGAGTTGCAGACCCCA
>contig-40_518 length_41 read_count_0
AATCGCGGATCAGCACGCCGCGGTGAATACGTTCACGGGAC
>contig-40_519 length_41 read_count_0
TGGGCACTCTAGCGAGACTGCCGGTAATAAACCGGAGGAAG
>contig-40_520 length_41 read_count_0
TTAGCTCCACCTCACAGTATCGCAACCCTCTGTACCGGCCA
>contig-40_521 length_41 read_count_0
GAGGAAGGTGGGGATGACGTCAAGTCATCATGCCCCTTATG
>contig-40_522 length_41 read_count_0
GAGGAAGGTGGGGATGACGTCAAGTCATCATGCCCCTTAGG
>contig-40_523 length_41 read_count_0
GAGGAAGGTGGGGATGACGTCAAATCATCATGCCCCTTAGG
>contig-40_524 length_41 read_count_0
CCGCAACGAGCGCAACCCCTATTGTTAGTTGCCATCATTTA
>contig-40_525 length_41 read_count_0
AAGCCCTGGACATAAGGGGCATGATGACTTGACGTCATCCC
>contig-40_526 length_41 read_count_0
GACCTGGGCTACACACGTGCTACAATGGCTGGTACAACGAG
>contig-40_527 length_41 read_count_0
TAGGGATTAGCTCCACCTCACAGTATCGCAACCCTCTGTAC
>contig-40_528 length_41 read_count_0
GAGTGGCGAGCCTGTGAGGGTGAGCGAATCTCGGAAAGCCG
>contig-40_529 length_41 read_count_0
AACCCTCTGTACCGGCCATTGTAGCATGCGTGAAGCCCAAG
>contig-40_530 length_41 read_count_0
CAAGTCCTCATGCCCCTTAGGTCCAGGGCTTCACGCATGCT
>contig-40_531 length_41 read_count_0
CGAGATTCGCTCACCCTCACAGGCTCGCCACTCTCTGTACC
>contig-40_532 length_41 read_count_0
CACCTTCCTCCGAGTTGACCCCGGCAGTCTCCTATGAGTCC
>contig-40_533 length_41 read_count_0
ACGAGTCGCAAGCCGGTGACGGCAAGCTAATCTCTTAAAGC
>contig-40_534 length_41 read_count_0
ATGCTACAATGGCTGGTACAGAGAGTGGCGAGCCTGTGAGG
>contig-40_535 length_41 read_count_0
AATGTAGCATGCGTGAAGCCCAAGACATAAGGGGCATGAGG
>contig-40_536 length_41 read_count_0
CGCAACCCTCTGTACCGGCCATTGTAGCATGCGTGAAGCCC
>contig-40_537 length_41 read_count_0
ACTGGCTTTAAGAGATTAGCTTGCCGTCACCGGCTTGCGAC
>contig-40_538 length_41 read_count_0
GATGATTTGACGTCATCCCCACCTTCCTCCGGTTTATTACC
>contig-40_539 length_41 read_count_0
GGAAGGTGGGGATGACGTCAAATCATCATGCCCCTTATGAC
>contig-40_540 length_41 read_count_0
GTCCAGGGCTTCACGCATGCTACAATGGCGGGTACAGAGAG
>contig-40_541 length_41 read_count_0
CGACTCGTTGTACCAGCCATTGTAGCACGTGTGTAGCCCAG
>contig-40_542 length_41 read_count_0
CAGACCCCAATCCGAACTGAGACCGGCTTTTAGGGATTAGC
>contig-40_543 length_41 read_count_0
GAGCTAATCCCTAAAAGCCGGTCTCAGTTCGGATTGGGGTC
>contig-40_544 length_41 read_count_0
AAATCATCATGCCCCTTATGTCTTGGGCTTCACGCATGCTA
>contig-40_545 length_41 read_count_0
ATGTCTTGGGCTTCACGCATGCTACAATGGCCGGTACAGAG
>contig-40_546 length_41 read_count_0
AACTGAGACCGGCTTTCCGAGATTCGCTCACCCTCACAGGC
>contig-40_547 length_41 read_count_0
AGCCCAAGACATAAGGGGCATGATGATTTGACGTCATCCCC
>contig-40_548 length_41 read_count_0
ATAAGGGTTGCGCTCGTTGCGGGACTTAACCCAACATCTCA
>contig-40_549 length_41 read_count_0
ATCATGCCCCTTATGACCTGGGCTACACACGTGCTACAATG
>contig-40_550 length_41 read_count_0
CTCTGTACCAGCCATTGTAGCATGCGTGAAGCCCTGGACAT
>contig-40_551 length_41 read_count_0
CGCAACGAGCGCAACCCTCGTTCTATGTTGCCAGCACGTTA
>contig-40_552 length_41 read_count_0
CGCCACTCTCTGTACCAGCCATTGTAGCATGCGTGAAGCCC
>contig-40_553 length_41 read_count_0
CCCTCTGTACCAGCCATTGTAGCATGCGTGAAGCCCTGGCC
>contig-40_554 length_41 read_count_0
CACGCATGCTACAATGGCCGGTACAGAGGGTTGCGATACTG
>contig-40_555 length_41 read_count_0
GAGCCTGTGAGGGTGAGCGAATCTCGGAAAGCCGGTCTCAG
>contig-40_556 length_41 read_count_0
ATCATCATGCCCCTTATGTCTTGGGCTTCACGCATGCTACA
>contig-40_557 length_41 read_count_0
AAGGTGGGGATGACGTCAAATCATCATGCCCCTTATGACCT
>contig-40_558 length_41 read_count_0
CGTGAGATGTTGGGTTAAGTCCCGCAACGAGCGCAACCCCT
>contig-40_559 length_41 read_count_0
GAACGTATTCACCGCGGCGTGCTGATCCGCGATTACTAGCG
>contig-40_560 length_41 read_count_0
CTGTACCGGCCATTGTAGCATGCGTGAAGCCCAAGACATAA
>contig-40_561 length_41 read_count_0
CTCTCTGTACCAGCCATTGTAGCATGCGTGAAGCCCTGGCC
>contig-40_562 length_41 read_count_0
GGCATAAGGGGCATGATGATTTGACGTCATCCCCACCTTCC
>contig-40_563 length_41 read_count_0
TCCCCACCCTCCTCCGGTTTATTACCGGCAGTCCCGCTAGA
>contig-40_564 length_41 read_count_0
GCTTTTAGGGATTAGCTCCACCTCACAGTATCGCAACCCTC
>contig-40_565 length_41 read_count_0
AGACCGGCTTTTAGGGATTAGCTCCACCTCACAGTATCGCA
>contig-40_566 length_41 read_count_0
CCCTCTGTACCAGCCATTGTAGCATGCGTGAAGCCCTGGAC
>contig-40_567 length_41 read_count_0
CATAAGGGGCATGATGATTTGACGTCATCCCCACCTTCCTC
>contig-40_568 length_41 read_count_0
GGAAGGTGGGGATGACGTCAAATCATCATGCCCCTTATGGC
>contig-40_569 length_41 read_count_0
TACTAGCGATTCCGACTTCATGTAGGCGAGTTGCAGCCTAC
>contig-40_570 length_41 read_count_0
ACAATGGCCGGTACAGAGGGTTGCGATACTGTGAGGTGGAG
>contig-40_571 length_41 read_count_0
CAAAAAGCCGGTCTCAGTTCGGATTGGGGTCTGCAACTCGA
>contig-40_572 length_41 read_count_0
GCCCCTTATGTCTTGGGCTTCACGCATGCTACAATGGCCGG
>contig-40_573 length_41 read_count_0
GTATCGCAACCCTCTGTACCGGCCATTGTAGCATGCGTGAA
>contig-40_574 length_41 read_count_0
AACTCGGAGGAAGGTGGGGATGACGTCAAATCATCATGCCC
>contig-40_575 length_41 read_count_0
CGGCTTTTAGGGATTAGCTCCACCTCACAGTATCGCAACCC
>contig-40_576 length_41 read_count_0
GGAGACTGCCGGGGTCAACTCGGAGGAAGGTGGGGATGACG
>contig-40_577 length_41 read_count_0
GCAAGCCGGTGACGGCAAGCTAATCTCTTAAAGCCAGTCTC
>contig-40_578 length_41 read_count_0
GCTTCACGCATGCTACAATGGCCGGTACAGAGGGTTGCGAT
>contig-40_579 length_41 read_count_0
AGGCTCGCCACTCTCTGTACCAGCCATTGTAGCATGCGTGA
>contig-40_580 length_41 read_count_0
CGAGGGTTGCGCTCGTTGCGGGACTTAACCCAACATCTCAC
>contig-40_581 length_41 read_count_0
CCGAACTGAGACCGGCTTTCCGAGATTCGCTCACCCTCACA
>contig-40_582 length_41 read_count_0
AACCCTCTGTACCGGCCATTGTAGCATGCGTGAAGCCCAGG
>contig-40_583 length_41 read_count_0
AGTTGGGCACTCTAGCGAGACTGCCGGTAATAAACCGGAGG
>contig-40_584 length_41 read_count_0
CATGGCCCTTATGTCCAGGGCTTCACGCATGCTAAAATGGC
>contig-40_585 length_41 read_count_0
CATCATGCCCCTTATGTCTTGGGCTTCACGCATGCTACAAT
>contig-40_586 length_41 read_count_0
GATTTGACGTCATCCCCACCTTCCTCCGAGTTGACCGCGGC
>contig-40_587 length_41 read_count_0
GAAGCCCAAGACATAAGGGGCATGATGATTTGACGTCATCC
>contig-40_588 length_41 read_count_0
CAGCCATTGTAGCATGCGTGAAGCCCTGGACATAAGGGGCA
>contig-40_589 length_41 read_count_0
AACTGAGACCGGCTTTTAGGGATTAGCTCCACCTCACAGTA
>contig-40_590 length_41 read_count_0
GTGAAGCCCTGGACATAAGGGGCATGATGACTTGACGTCAT
>contig-40_591 length_41 read_count_0
GACATAAGGGGCATGATGATTTGACGTCATCCCCACCTTCC
>contig-40_592 length_41 read_count_0
GCTTCACGCATGCTACAATGGCTGGTACAGAGAGTGGCGAG
>contig-40_593 length_41 read_count_0
AGCTCCACCTCACAGTATCGCAACCCTCTGTACCGGCCATT
>contig-40_594 length_41 read_count_0
AGAGATTAGCTTGCCGTCACCGGCTTGCGACTCGTTGTACC
>contig-40_595 length_41 read_count_0
AGGGGCATGATGATTTGACGTCATCCCCACCTTCCTCCGAG
>contig-40_596 length_41 read_count_0
CTAGCGATTCCGACTTCATGTAGGCGAGTTGCAGCCTACAA
>contig-40_597 length_41 read_count_0
GAGTCGCAAGCCGGTGACGGCAAGCTAATCTCTTAAAGCCA
>contig-40_598 length_41 read_count_0
TAAGGGGCATGATGACTTGACGTCATCCCCACCTTCCTCCG
>contig-40_599 length_41 read_count_0
GAATCGCAGGTCAACAACGCTGCGGTGAATACGTTCGCGGG
>contig-40_600 length_41 read_count_0
AGATTAGCTTGCCGTCACCGGCTTGCGACTCGTTGTACCAG
>contig-40_601 length_40 read_count_0
CAAGGGTTGCGCTCGTTGCGGGACTTAACCCAACATCTCA
>contig-40_602 length_40 read_count_0
CCGGCTTTCCGAGATTCGCTCACCCTCACAGGCTCGCCAC
>contig-40_603 length_40 read_count_0
AGGGACTTAACCCAACATCTCACGACACGAGCTGACGACC
>contig-40_604 length_40 read_count_0
CCACCTCACAGTATCGCAACCCTCTGTACCGGCCATTGTA
>contig-40_605 length_40 read_count_0
CCTCTGTACCGGCCATTGTAGCATGCGTGAAGCCCAAGAC
>contig-40_606 length_40 read_count_0
CAGTTGGGCACTCTAGCGAGACTGCCGGTAATAAACCGGA
>contig-40_607 length_40 read_count_0
ATGACGTCAAATCATCATGCCCCTTATGTCTTGGGCTTCA
>contig-40_608 length_40 read_count_0
CCCTCTGTACCGGCCATTGTAGCATGCGTGAAGCCCAAGA
>contig-40_609 length_40 read_count_0
AACGAGGGTTGCGCTCGTTGCGGGACTTAACCCAACATCT
>contig-40_610 length_40 read_count_0
CTGTGAGGGTGAGCGAATCTCGGAAAGCCGGTCTCAGTTC
>contig-40_611 length_40 read_count_0
ACAGTATCGCAACCCTCTGTACCGGCCATTGTAGCATGCG
>contig-40_612 length_40 read_count_0
ATGATGATCTGACGTCGTCCCCCCCTCCCCCCGGTTTGTC
>contig-40_613 length_40 read_count_0
CAAATCATCATGCCCCTTATGTCTTGGGCTTCACGCATGC
>contig-40_614 length_40 read_count_0
CGTCAAATCATCATGCCCCTTATGTCTTGGGCTTCACGCA
>contig-40_615 length_40 read_count_0
ATGCCCCTTATGACCTGGGCTACACACGTGCTACAATGGC
>contig-40_616 length_40 read_count_0
GCGACTCGTTGTACCAGCCATTGTAGCACGTGTGTAGCCC
>contig-40_617 length_40 read_count_0
GTCCAGGGCTTCACGCATGCTACAATGGCTGGTACAGAGA
>contig-40_618 length_40 read_count_0
AGGGACTTAACCCAACATCTCACGACACGAGCTGACGACT
>contig-40_619 length_40 read_count_0
AAAGACGGTCTCAGTTCGGATTGGGGGCTGCAACTCGACC
>contig-40_620 length_40 read_count_0
AGTCGTCAGCTCGTGTCGTGAGATGTTGGGTTAAGTCCCG
>contig-40_621 length_40 read_count_0
CCCAATCCGAACTGAGACCGGCTTTTAGGGATTAGCTCCA
>contig-40_622 length_40 read_count_0
TAGCTTGCCGTCACCGACTCGCGACTCGTTGTACCAGCCA
>contig-40_623 length_40 read_count_0
CATCATGCCCCTTATGACCTGGGCTACACACGTGCTACAA
>contig-40_624 length_40 read_count_0
GGTCGTCAGCTCGTGTCGTGAGATGTTGGGTTAAGTCCCA
>contig-40_625 length_40 read_count_0
ATCCGAACTGAGACCGGCTTTTAGGGATTAGCTCCACCTC
>contig-40_626 length_40 read_count_0
GCTCGCCACTCTCTGTACCAGCCATTGTAGCATGCGTGAA
>contig-40_627 length_40 read_count_0
ACGCATGCTACAATGGCTGGTACAGAGAGTGGCGAGCCTG
>contig-40_628 length_40 read_count_0
CGTTGTACCAGCCATTGTAGCACGTGTGTAGCCCAGGTCA
>contig-40_629 length_40 read_count_0
CCTCACAGTATCGCAACCCTCTGTACCGGCCATTGTAGCA
>contig-40_630 length_40 read_count_0
ACGAGGGTTGCGCTCGTTGCGGGACTTAACCCAACATCTC
>contig-40_631 length_40 read_count_0
CCCTCACAGGCTCGCCACTCTCTGTACCAGCCATTGTAGC
>contig-40_632 length_40 read_count_0
CCCCAATCCGAACTGAGACCGGCTTTTAGGGATTAGCTCC
>contig-40_633 length_40 read_count_0
ATGCGTGAAGCCCAAGACATAAGGGGCATGATGATTTGAC
>contig-40_634 length_40 read_count_0
GGCCATTGTAGCATGCGTGAAGCCCAAGACATAAGGGGCA
>contig-40_635 length_40 read_count_0
GGAGGAAGGTGGGGATGACGTCAAATCATCATGCCCCTTA
>contig-40_636 length_40 read_count_0
AAGGTGGGGATGACGTCAAATCATCATGCCCCTTATGTCT
>contig-40_637 length_40 read_count_0
CGCAAGCCGGTGACGGCAAGCTAATCTCTTAAAGCCAGTC
>contig-40_638 length_40 read_count_0
CCATGAAGTCGGAGTCGCTAGTAATCGCAGATCAGCAACG
>contig-40_639 length_40 read_count_0
AAAAAAAAAAAAAAAAAAAAAAAAAAAAAAAAAAAAAAAA
>contig-40_640 length_40 read_count_0
ACCGGCTTTTAGGGATTAGCTCCACCTCACAGTATCGCAA
>contig-40_641 length_40 read_count_0
CATGCCCCTTATGACCTGGGCTACACACGTGCTACAATGG
>contig-40_642 length_40 read_count_0
AGGGTTGCGCTCGTTGCGGGACTTAACCCAACATCTCACG
>contig-40_643 length_40 read_count_0
ATGCCCCTTATGTCCAGGGCTTCACGCATGCTACAATGGC
>contig-40_644 length_40 read_count_0
CACCTCACAGTATCGCAACCCTCTGTACCGGCCATTGTAG
>contig-40_645 length_40 read_count_0
CCTTCCTCCGGTTTATTACCGGCAGTCTCGCTAGAGTGCC
>contig-40_646 length_40 read_count_0
TCCTCCGGTTTATTACCGGCAGTCTCGCTAGAGTGCCCAA
>contig-40_647 length_40 read_count_0
AGGGTTGCGCTCGTTGCGGCACTTAAGCCAACACCTCACG
>contig-40_648 length_40 read_count_0
ATGACCTGGGCTACACACGTGCTACAATGGCTGGTACAAC
>contig-40_649 length_40 read_count_0
CTCCGTACCAGCCATTGTAGCATGCGTGAAGCCCAAGACA
>contig-40_650 length_40 read_count_0
AATCCGAACTGAGACTGGCTTTAAGAGATTAGCTTGCCGT
>contig-40_651 length_40 read_count_0
CAACCCTCTGTACCGGCCATTGTAGCATGCGTGAAGCCCA
>contig-40_652 length_40 read_count_0
CCCCCCCCCCCCCCCCCCCCCCCCCCCCCCCCCCCCCCCC
>contig-40_653 length_40 read_count_0
ACCCCCTGTACCAGCCATTGTAGCATGCGTGAAGCCCAAG
>contig-40_654 length_40 read_count_0
AGATTCGCTCACCCTCACAGGCTCGCCACTCTCTGTACCA
>contig-40_655 length_40 read_count_0
AAGGGTTGCGCTCGTTGCGGGACTTAACCCAACATCTCAC
>contig-40_656 length_40 read_count_0
ACCGGCTTTCCGAGATTCGCTCACCCTCACAGGCTCGCCA
>contig-40_657 length_40 read_count_0
CATGCGTGAAGCCCAAGACATAAGGGGCATGATGATTTGA
>contig-40_658 length_40 read_count_0
GAAGCCCTGGACATAAGGGGCATGATGACTTGACGTCATC
>contig-40_659 length_40 read_count_0
AAAGCCGGTCTCAGTTCGGATTGGGGTCTGCAACTCGACC
>contig-40_660 length_40 read_count_0
CCCGCGAACGTATTCACCGCGGCGTGCTGATCCTCGATTA
>contig-40_661 length_40 read_count_0
GCCCTGGACATAAGGGGCATGATGACTTGACGTCATCCCC
>contig-40_662 length_40 read_count_0
ACCTCACAGTATCGCAACCCTCTGTACCGGCCATTGTAGC
>contig-40_663 length_40 read_count_0
AAGGGGCATGATGATTTGACGTCATCCCCACCTTCCTCCG
>contig-40_664 length_40 read_count_0
CGGGACTTAACCCAACATCTCACGACACGAGCTGACGACC
>contig-40_665 length_40 read_count_0
AGTCGTCAGCTCGTGTCGTGAGATGTTGGGTTAAGTCCCA
>contig-40_666 length_40 read_count_0
AAAAGCCGGTCTCAGTTCGGATTGGGGTCTGCAACTCGAC
>contig-40_667 length_40 read_count_0
CTCTCTGTACCAGCCATTGTAGCATGCGTGAAGCCCTGGA
>contig-40_668 length_40 read_count_0
ACTTCATGGGGTCGAGTTGCAGACCCCAATCCGAACTGAG
>contig-40_669 length_40 read_count_0
ACTCGTTGTACCAGCCATTGTAGCACGTGTGTAGCCCAGG
>contig-40_670 length_40 read_count_0
AAGACATAAGGGGCATGATGATTTGACGTCATCCCCACCT
>contig-40_671 length_40 read_count_0
CAATCCGAACTGAGACTGGCTTTAAGAGATTAGCTTGCCG
>contig-40_672 length_40 read_count_0
TCCGAACTGAGACCGGCTTTCCGAGATTCGCTCACCCTCA
>contig-40_673 length_40 read_count_0
CCGGCTTTTAGGGATTAGCTCCACCTCACAGTATCGCAAC
>contig-40_674 length_40 read_count_0
AACGAGTCGCAAGCCGGTGACGGCAAGCTAATCTCTTAAA
